Archive member included because of file (symbol)

c:/infineon/tools/dave ide/4.5.0.202105191637/eclipse/arm-gcc-49/bin/../lib/gcc/arm-none-eabi/4.9.3/../../../../arm-none-eabi/lib/armv7e-m/softfp\libg_nano.a(lib_a-errno.o)
                              ./Libraries/Newlib/syscalls.o (__errno)
c:/infineon/tools/dave ide/4.5.0.202105191637/eclipse/arm-gcc-49/bin/../lib/gcc/arm-none-eabi/4.9.3/../../../../arm-none-eabi/lib/armv7e-m/softfp\libg_nano.a(lib_a-impure.o)
                              c:/infineon/tools/dave ide/4.5.0.202105191637/eclipse/arm-gcc-49/bin/../lib/gcc/arm-none-eabi/4.9.3/../../../../arm-none-eabi/lib/armv7e-m/softfp\libg_nano.a(lib_a-errno.o) (_impure_ptr)
c:/infineon/tools/dave ide/4.5.0.202105191637/eclipse/arm-gcc-49/bin/../lib/gcc/arm-none-eabi/4.9.3/../../../../arm-none-eabi/lib/armv7e-m/softfp\libg_nano.a(lib_a-init.o)
                              ./Startup/startup_XMC4800.o (__libc_init_array)
c:/infineon/tools/dave ide/4.5.0.202105191637/eclipse/arm-gcc-49/bin/../lib/gcc/arm-none-eabi/4.9.3/../../../../arm-none-eabi/lib/armv7e-m/softfp\libg_nano.a(lib_a-memcpy.o)
                              ./Libraries/XMCLib/src/xmc_eth_mac.o (memcpy)
c:/infineon/tools/dave ide/4.5.0.202105191637/eclipse/arm-gcc-49/bin/../lib/gcc/arm-none-eabi/4.9.3/../../../../arm-none-eabi/lib/armv7e-m/softfp\libg_nano.a(lib_a-memset.o)
                              ./Libraries/XMCLib/src/xmc_usbd.o (memset)
c:/infineon/tools/dave ide/4.5.0.202105191637/eclipse/arm-gcc-49/bin/../lib/gcc/arm-none-eabi/4.9.3/../../../../arm-none-eabi/lib/armv7e-m/softfp\libg_nano.a(lib_a-printf.o)
                              ./main.o (printf)
c:/infineon/tools/dave ide/4.5.0.202105191637/eclipse/arm-gcc-49/bin/../lib/gcc/arm-none-eabi/4.9.3/../../../../arm-none-eabi/lib/armv7e-m/softfp\libg_nano.a(lib_a-putchar.o)
                              ./main.o (putchar)
c:/infineon/tools/dave ide/4.5.0.202105191637/eclipse/arm-gcc-49/bin/../lib/gcc/arm-none-eabi/4.9.3/../../../../arm-none-eabi/lib/armv7e-m/softfp\libg_nano.a(lib_a-puts.o)
                              ./main.o (puts)
c:/infineon/tools/dave ide/4.5.0.202105191637/eclipse/arm-gcc-49/bin/../lib/gcc/arm-none-eabi/4.9.3/../../../../arm-none-eabi/lib/armv7e-m/softfp\libg_nano.a(lib_a-wbuf.o)
                              c:/infineon/tools/dave ide/4.5.0.202105191637/eclipse/arm-gcc-49/bin/../lib/gcc/arm-none-eabi/4.9.3/../../../../arm-none-eabi/lib/armv7e-m/softfp\libg_nano.a(lib_a-puts.o) (__swbuf_r)
c:/infineon/tools/dave ide/4.5.0.202105191637/eclipse/arm-gcc-49/bin/../lib/gcc/arm-none-eabi/4.9.3/../../../../arm-none-eabi/lib/armv7e-m/softfp\libg_nano.a(lib_a-wsetup.o)
                              c:/infineon/tools/dave ide/4.5.0.202105191637/eclipse/arm-gcc-49/bin/../lib/gcc/arm-none-eabi/4.9.3/../../../../arm-none-eabi/lib/armv7e-m/softfp\libg_nano.a(lib_a-puts.o) (__swsetup_r)
c:/infineon/tools/dave ide/4.5.0.202105191637/eclipse/arm-gcc-49/bin/../lib/gcc/arm-none-eabi/4.9.3/../../../../arm-none-eabi/lib/armv7e-m/softfp\libg_nano.a(lib_a-fflush.o)
                              c:/infineon/tools/dave ide/4.5.0.202105191637/eclipse/arm-gcc-49/bin/../lib/gcc/arm-none-eabi/4.9.3/../../../../arm-none-eabi/lib/armv7e-m/softfp\libg_nano.a(lib_a-wbuf.o) (_fflush_r)
c:/infineon/tools/dave ide/4.5.0.202105191637/eclipse/arm-gcc-49/bin/../lib/gcc/arm-none-eabi/4.9.3/../../../../arm-none-eabi/lib/armv7e-m/softfp\libg_nano.a(lib_a-findfp.o)
                              c:/infineon/tools/dave ide/4.5.0.202105191637/eclipse/arm-gcc-49/bin/../lib/gcc/arm-none-eabi/4.9.3/../../../../arm-none-eabi/lib/armv7e-m/softfp\libg_nano.a(lib_a-printf.o) (__sinit)
c:/infineon/tools/dave ide/4.5.0.202105191637/eclipse/arm-gcc-49/bin/../lib/gcc/arm-none-eabi/4.9.3/../../../../arm-none-eabi/lib/armv7e-m/softfp\libg_nano.a(lib_a-fwalk.o)
                              c:/infineon/tools/dave ide/4.5.0.202105191637/eclipse/arm-gcc-49/bin/../lib/gcc/arm-none-eabi/4.9.3/../../../../arm-none-eabi/lib/armv7e-m/softfp\libg_nano.a(lib_a-findfp.o) (_fwalk)
c:/infineon/tools/dave ide/4.5.0.202105191637/eclipse/arm-gcc-49/bin/../lib/gcc/arm-none-eabi/4.9.3/../../../../arm-none-eabi/lib/armv7e-m/softfp\libg_nano.a(lib_a-makebuf.o)
                              c:/infineon/tools/dave ide/4.5.0.202105191637/eclipse/arm-gcc-49/bin/../lib/gcc/arm-none-eabi/4.9.3/../../../../arm-none-eabi/lib/armv7e-m/softfp\libg_nano.a(lib_a-wsetup.o) (__smakebuf_r)
c:/infineon/tools/dave ide/4.5.0.202105191637/eclipse/arm-gcc-49/bin/../lib/gcc/arm-none-eabi/4.9.3/../../../../arm-none-eabi/lib/armv7e-m/softfp\libg_nano.a(lib_a-nano-freer.o)
                              c:/infineon/tools/dave ide/4.5.0.202105191637/eclipse/arm-gcc-49/bin/../lib/gcc/arm-none-eabi/4.9.3/../../../../arm-none-eabi/lib/armv7e-m/softfp\libg_nano.a(lib_a-wsetup.o) (_free_r)
c:/infineon/tools/dave ide/4.5.0.202105191637/eclipse/arm-gcc-49/bin/../lib/gcc/arm-none-eabi/4.9.3/../../../../arm-none-eabi/lib/armv7e-m/softfp\libg_nano.a(lib_a-nano-mallocr.o)
[...]
Memory Configuration

Name             Origin             Length             Attributes
FLASH_1_cached   0x08000000         0x00200000         xr
FLASH_1_uncached 0x0c000000         0x00200000         xr
PSRAM_1          0x1ffe8000         0x00018000         !xr
DSRAM_1_system   0x20000000         0x00020000         !xr
DSRAM_2_comm     0x20020000         0x00020000         !xr
SRAM_combined    0x1ffe8000         0x00058000         !xr
*default*        0x00000000         0xffffffff

Linker script and memory map

LOAD ./Startup/startup_XMC4800.o
LOAD ./Startup/system_XMC4800.o
LOAD ./Libraries/XMCLib/src/xmc4_eru.o
LOAD ./Libraries/XMCLib/src/xmc4_flash.o
LOAD ./Libraries/XMCLib/src/xmc4_gpio.o
LOAD ./Libraries/XMCLib/src/xmc4_rtc.o
LOAD ./Libraries/XMCLib/src/xmc4_scu.o
LOAD ./Libraries/XMCLib/src/xmc_can.o
LOAD ./Libraries/XMCLib/src/xmc_ccu4.o
LOAD ./Libraries/XMCLib/src/xmc_ccu8.o
LOAD ./Libraries/XMCLib/src/xmc_common.o
LOAD ./Libraries/XMCLib/src/xmc_dac.o
LOAD ./Libraries/XMCLib/src/xmc_dma.o
LOAD ./Libraries/XMCLib/src/xmc_dsd.o
LOAD ./Libraries/XMCLib/src/xmc_ebu.o
LOAD ./Libraries/XMCLib/src/xmc_ecat.o
LOAD ./Libraries/XMCLib/src/xmc_eru.o
LOAD ./Libraries/XMCLib/src/xmc_eth_mac.o
LOAD ./Libraries/XMCLib/src/xmc_eth_phy_dp83848.o
LOAD ./Libraries/XMCLib/src/xmc_eth_phy_ksz8031rnl.o
LOAD ./Libraries/XMCLib/src/xmc_eth_phy_ksz8081rnb.o
LOAD ./Libraries/XMCLib/src/xmc_fce.o
LOAD ./Libraries/XMCLib/src/xmc_gpio.o
LOAD ./Libraries/XMCLib/src/xmc_hrpwm.o
LOAD ./Libraries/XMCLib/src/xmc_i2c.o
LOAD ./Libraries/XMCLib/src/xmc_i2s.o
LOAD ./Libraries/XMCLib/src/xmc_ledts.o
LOAD ./Libraries/XMCLib/src/xmc_posif.o
LOAD ./Libraries/XMCLib/src/xmc_rtc.o
LOAD ./Libraries/XMCLib/src/xmc_sdmmc.o
LOAD ./Libraries/XMCLib/src/xmc_spi.o
LOAD ./Libraries/XMCLib/src/xmc_uart.o
LOAD ./Libraries/XMCLib/src/xmc_usbd.o
LOAD ./Libraries/XMCLib/src/xmc_usbh.o
LOAD ./Libraries/XMCLib/src/xmc_usic.o
LOAD ./Libraries/XMCLib/src/xmc_vadc.o
LOAD ./Libraries/XMCLib/src/xmc_wdt.o
LOAD ./Libraries/Newlib/syscalls.o
LOAD ./Dave/Generated/MULTICAN_CONFIG/multican_config.o
LOAD ./Dave/Generated/MULTICAN_CONFIG/multican_config_conf.o
LOAD ./Dave/Generated/GLOBAL_CAN/global_can.o
LOAD ./Dave/Generated/GLOBAL_CAN/global_can_conf.o
LOAD ./Dave/Generated/DIGITAL_IO/digital_io.o
LOAD ./Dave/Generated/DIGITAL_IO/digital_io_conf.o
LOAD ./Dave/Generated/CLOCK_XMC4/clock_xmc4.o
LOAD ./Dave/Generated/CLOCK_XMC4/clock_xmc4_conf.o
LOAD ./Dave/Generated/DAVE.o
LOAD ./main.o
LOAD ./morelle_bms.o
LOAD c:/infineon/tools/dave ide/4.5.0.202105191637/eclipse/arm-gcc-49/bin/../lib/gcc/arm-none-eabi/4.9.3/../../../../arm-none-eabi/lib/armv7e-m/softfp\libm.a
START GROUP
LOAD c:/infineon/tools/dave ide/4.5.0.202105191637/eclipse/arm-gcc-49/bin/../lib/gcc/arm-none-eabi/4.9.3/armv7e-m/softfp\libgcc.a
LOAD c:/infineon/tools/dave ide/4.5.0.202105191637/eclipse/arm-gcc-49/bin/../lib/gcc/arm-none-eabi/4.9.3/../../../../arm-none-eabi/lib/armv7e-m/softfp\libg_nano.a
LOAD c:/infineon/tools/dave ide/4.5.0.202105191637/eclipse/arm-gcc-49/bin/../lib/gcc/arm-none-eabi/4.9.3/../../../../arm-none-eabi/lib/armv7e-m/softfp\libc_nano.a
END GROUP
START GROUP
LOAD c:/infineon/tools/dave ide/4.5.0.202105191637/eclipse/arm-gcc-49/bin/../lib/gcc/arm-none-eabi/4.9.3/armv7e-m/softfp\libgcc.a
LOAD c:/infineon/tools/dave ide/4.5.0.202105191637/eclipse/arm-gcc-49/bin/../lib/gcc/arm-none-eabi/4.9.3/../../../../arm-none-eabi/lib/armv7e-m/softfp\libc_nano.a
LOAD c:/infineon/tools/dave ide/4.5.0.202105191637/eclipse/arm-gcc-49/bin/../lib/gcc/arm-none-eabi/4.9.3/../../../../arm-none-eabi/lib/armv7e-m/softfp\librdimon_nano.a
LOAD c:/infineon/tools/dave ide/4.5.0.202105191637/eclipse/arm-gcc-49/bin/../lib/gcc/arm-none-eabi/4.9.3/../../../../arm-none-eabi/lib/armv7e-m/softfp\libnosys.a
END GROUP
START GROUP
LOAD c:/infineon/tools/dave ide/4.5.0.202105191637/eclipse/arm-gcc-49/bin/../lib/gcc/arm-none-eabi/4.9.3/armv7e-m/softfp\libgcc.a
LOAD c:/infineon/tools/dave ide/4.5.0.202105191637/eclipse/arm-gcc-49/bin/../lib/gcc/arm-none-eabi/4.9.3/../../../../arm-none-eabi/lib/armv7e-m/softfp\libc_nano.a
LOAD c:/infineon/tools/dave ide/4.5.0.202105191637/eclipse/arm-gcc-49/bin/../lib/gcc/arm-none-eabi/4.9.3/../../../../arm-none-eabi/lib/armv7e-m/softfp\libnosys.a
END GROUP
START GROUP
LOAD c:/infineon/tools/dave ide/4.5.0.202105191637/eclipse/arm-gcc-49/bin/../lib/gcc/arm-none-eabi/4.9.3/armv7e-m/softfp\libgcc.a
LOAD c:/infineon/tools/dave ide/4.5.0.202105191637/eclipse/arm-gcc-49/bin/../lib/gcc/arm-none-eabi/4.9.3/../../../../arm-none-eabi/lib/armv7e-m/softfp\libc_nano.a
LOAD c:/infineon/tools/dave ide/4.5.0.202105191637/eclipse/arm-gcc-49/bin/../lib/gcc/arm-none-eabi/4.9.3/../../../../arm-none-eabi/lib/armv7e-m/softfp\librdimon_nano.a
END GROUP
                0x00000800                stack_size = DEFINED (stack_size)?stack_size:0x800
                0x00000040                no_init_size = 0x40

.text           0x08000000     0x4040 load address 0x0c000000
                0x08000000                sText = .
 *(.reset)
 .reset         0x08000000      0x29c ./Startup/startup_XMC4800.o
                0x08000000                __Vectors
                0x08000200                Reset_Handler
                0x08000298                DSD0_7_IRQHandler
                0x08000298                DebugMon_Handler
                0x08000298                VADC0_C0_0_IRQHandler
                0x08000298                CAN0_4_IRQHandler
                0x08000298                VADC0_G2_0_IRQHandler
                0x08000298                USIC0_5_IRQHandler
                0x08000298                POSIF0_0_IRQHandler
                0x08000298                POSIF1_0_IRQHandler
                0x08000298                HardFault_Handler
                0x08000298                VADC0_G1_1_IRQHandler
                0x08000298                SysTick_Handler
                0x08000298                PendSV_Handler
                0x08000298                NMI_Handler
                0x08000298                USIC1_3_IRQHandler
                0x08000298                CCU40_2_IRQHandler
                0x08000298                SCU_0_IRQHandler
                0x08000298                ERU0_0_IRQHandler
                0x08000298                CCU41_0_IRQHandler
                0x08000298                USIC1_5_IRQHandler
                0x08000298                DSD0_4_IRQHandler
                0x08000298                CCU80_1_IRQHandler
                0x08000298                CCU81_0_IRQHandler
                0x08000298                UsageFault_Handler
                0x08000298                USIC0_0_IRQHandler
                0x08000298                POSIF1_1_IRQHandler
                0x08000298                ERU0_2_IRQHandler
                0x08000298                CCU81_1_IRQHandler
                0x08000298                ERU1_1_IRQHandler
                0x08000298                VADC0_G2_3_IRQHandler
                0x08000298                VADC0_G2_2_IRQHandler
                0x08000298                CCU42_3_IRQHandler
                0x08000298                ERU0_3_IRQHandler
                0x08000298                DSD0_5_IRQHandler
                0x08000298                VADC0_C0_3_IRQHandler
                0x08000298                CAN0_6_IRQHandler
                0x08000298                CCU43_0_IRQHandler
                0x08000298                VADC0_G0_1_IRQHandler
                0x08000298                CCU81_2_IRQHandler
                0x08000298                USIC2_4_IRQHandler
                0x08000298                CCU81_3_IRQHandler
                0x08000298                CCU42_1_IRQHandler
                0x08000298                USIC1_1_IRQHandler
                0x08000298                USIC2_5_IRQHandler
                0x08000298                CCU40_0_IRQHandler
                0x08000298                CAN0_0_IRQHandler
                0x08000298                ERU1_0_IRQHandler
                0x08000298                CCU42_2_IRQHandler
                0x08000298                Default_Handler
                0x08000298                USIC1_4_IRQHandler
                0x08000298                ERU1_3_IRQHandler
                0x08000298                USIC1_0_IRQHandler
                0x08000298                POSIF0_1_IRQHandler
                0x08000298                VADC0_G0_0_IRQHandler
                0x08000298                DSD0_2_IRQHandler
                0x08000298                CCU80_3_IRQHandler
                0x08000298                CCU41_3_IRQHandler
                0x08000298                CCU80_2_IRQHandler
                0x08000298                VADC0_G1_3_IRQHandler
                0x08000298                VADC0_G0_3_IRQHandler
                0x08000298                GPDMA0_0_IRQHandler
                0x08000298                PMU0_0_IRQHandler
                0x08000298                CAN0_7_IRQHandler
                0x08000298                DSD0_1_IRQHandler
                0x08000298                CCU41_2_IRQHandler
                0x08000298                VADC0_C0_1_IRQHandler
                0x08000298                CCU43_2_IRQHandler
                0x08000298                USIC2_2_IRQHandler
                0x08000298                MemManage_Handler
                0x08000298                VADC0_G3_1_IRQHandler
                0x08000298                DAC0_0_IRQHandler
                0x08000298                SVC_Handler
                0x08000298                VADC0_G3_3_IRQHandler
                0x08000298                ERU1_2_IRQHandler
                0x08000298                CCU41_1_IRQHandler
                0x08000298                DSD0_6_IRQHandler
                0x08000298                CCU43_1_IRQHandler
                0x08000298                VADC0_G1_2_IRQHandler
                0x08000298                USIC2_3_IRQHandler
                0x08000298                CAN0_2_IRQHandler
                0x08000298                USIC2_0_IRQHandler
                0x08000298                VADC0_G0_2_IRQHandler
                0x08000298                ECAT0_0_IRQHandler
                0x08000298                VADC0_G2_1_IRQHandler
                0x08000298                CAN0_3_IRQHandler
                0x08000298                ETH0_0_IRQHandler
                0x08000298                USIC0_3_IRQHandler
                0x08000298                DSD0_0_IRQHandler
                0x08000298                VADC0_C0_2_IRQHandler
                0x08000298                CCU42_0_IRQHandler
                0x08000298                FCE0_0_IRQHandler
                0x08000298                VADC0_G1_0_IRQHandler
                0x08000298                USB0_0_IRQHandler
                0x08000298                CAN0_5_IRQHandler
                0x08000298                CCU80_0_IRQHandler
                0x08000298                CCU40_1_IRQHandler
                0x08000298                USIC2_1_IRQHandler
                0x08000298                USIC0_1_IRQHandler
                0x08000298                VADC0_G3_2_IRQHandler
                0x08000298                CCU40_3_IRQHandler
                0x08000298                BusFault_Handler
                0x08000298                LEDTS0_0_IRQHandler
                0x08000298                USIC0_4_IRQHandler
                0x08000298                CCU43_3_IRQHandler
                0x08000298                ERU0_1_IRQHandler
                0x08000298                VADC0_G3_0_IRQHandler
                0x08000298                USIC1_2_IRQHandler
                0x08000298                DSD0_3_IRQHandler
                0x08000298                SDMMC0_0_IRQHandler
                0x08000298                CAN0_1_IRQHandler
                0x08000298                USIC0_2_IRQHandler
                0x08000298                DAC0_1_IRQHandler
                0x08000298                GPDMA1_0_IRQHandler
 *(.text .text.* .gnu.linkonce.t.*)
 .text.SystemInit
                0x0800029c       0x20 ./Startup/system_XMC4800.o
                0x0800029c                SystemInit
 .text.SystemCoreSetup
                0x080002bc       0x70 ./Startup/system_XMC4800.o
                0x080002bc                SystemCoreSetup
 .text.SystemCoreClockUpdate
                0x0800032c       0xd4 ./Startup/system_XMC4800.o
                0x0800032c                SystemCoreClockUpdate
 .text.XMC_GPIO_Init
                0x08000400      0x14c ./Libraries/XMCLib/src/xmc4_gpio.o
                0x08000400                XMC_GPIO_Init
 .text.XMC_SCU_CLOCK_GetCpuClockFrequency
                0x0800054c       0x18 ./Libraries/XMCLib/src/xmc4_scu.o
 .text.XMC_SCU_GetMirrorStatus
                0x08000564       0x18 ./Libraries/XMCLib/src/xmc4_scu.o
 .text.XMC_SCU_lDelay
                0x0800057c       0x44 ./Libraries/XMCLib/src/xmc4_scu.o
 .text.XMC_SCU_INTERUPT_GetEventStatus
                0x080005c0       0x18 ./Libraries/XMCLib/src/xmc4_scu.o
                0x080005c0                XMC_SCU_INTERUPT_GetEventStatus
 .text.XMC_SCU_INTERRUPT_ClearEventStatus
                0x080005d8       0x1c ./Libraries/XMCLib/src/xmc4_scu.o
                0x080005d8                XMC_SCU_INTERRUPT_ClearEventStatus
 .text.XMC_SCU_CLOCK_Init
                0x080005f4       0xf8 ./Libraries/XMCLib/src/xmc4_scu.o
                0x080005f4                XMC_SCU_CLOCK_Init
 .text.XMC_SCU_RESET_DeassertPeripheralReset
                0x080006ec       0x38 ./Libraries/XMCLib/src/xmc4_scu.o
                0x080006ec                XMC_SCU_RESET_DeassertPeripheralReset
 .text.XMC_SCU_CLOCK_GetPeripheralClockFrequency
                0x08000724       0x20 ./Libraries/XMCLib/src/xmc4_scu.o
                0x08000724                XMC_SCU_CLOCK_GetPeripheralClockFrequency
 .text.XMC_SCU_CLOCK_SetSystemClockSource
                0x08000744       0x28 ./Libraries/XMCLib/src/xmc4_scu.o
                0x08000744                XMC_SCU_CLOCK_SetSystemClockSource
 .text.XMC_SCU_CLOCK_SetUsbClockSource
                0x0800076c       0x28 ./Libraries/XMCLib/src/xmc4_scu.o
                0x0800076c                XMC_SCU_CLOCK_SetUsbClockSource
 .text.XMC_SCU_CLOCK_SetWdtClockSource
                0x08000794       0x28 ./Libraries/XMCLib/src/xmc4_scu.o
                0x08000794                XMC_SCU_CLOCK_SetWdtClockSource
 .text.XMC_SCU_CLOCK_SetSystemPllClockSource
                0x080007bc       0x40 ./Libraries/XMCLib/src/xmc4_scu.o
                0x080007bc                XMC_SCU_CLOCK_SetSystemPllClockSource
 .text.XMC_SCU_HIB_SetRtcClockSource
                0x080007fc       0x3c ./Libraries/XMCLib/src/xmc4_scu.o
                0x080007fc                XMC_SCU_HIB_SetRtcClockSource
 .text.XMC_SCU_HIB_SetStandbyClockSource
                0x08000838       0x3c ./Libraries/XMCLib/src/xmc4_scu.o
                0x08000838                XMC_SCU_HIB_SetStandbyClockSource
 .text.XMC_SCU_CLOCK_SetSystemClockDivider
                0x08000874       0x28 ./Libraries/XMCLib/src/xmc4_scu.o
                0x08000874                XMC_SCU_CLOCK_SetSystemClockDivider
 .text.XMC_SCU_CLOCK_SetCcuClockDivider
                0x0800089c       0x28 ./Libraries/XMCLib/src/xmc4_scu.o
                0x0800089c                XMC_SCU_CLOCK_SetCcuClockDivider
 .text.XMC_SCU_CLOCK_SetCpuClockDivider
                0x080008c4       0x28 ./Libraries/XMCLib/src/xmc4_scu.o
                0x080008c4                XMC_SCU_CLOCK_SetCpuClockDivider
 .text.XMC_SCU_CLOCK_SetPeripheralClockDivider
                0x080008ec       0x28 ./Libraries/XMCLib/src/xmc4_scu.o
                0x080008ec                XMC_SCU_CLOCK_SetPeripheralClockDivider
 .text.XMC_SCU_CLOCK_SetUsbClockDivider
                0x08000914       0x28 ./Libraries/XMCLib/src/xmc4_scu.o
                0x08000914                XMC_SCU_CLOCK_SetUsbClockDivider
 .text.XMC_SCU_CLOCK_SetEbuClockDivider
                0x0800093c       0x28 ./Libraries/XMCLib/src/xmc4_scu.o
                0x0800093c                XMC_SCU_CLOCK_SetEbuClockDivider
 .text.XMC_SCU_CLOCK_SetWdtClockDivider
                0x08000964       0x28 ./Libraries/XMCLib/src/xmc4_scu.o
                0x08000964                XMC_SCU_CLOCK_SetWdtClockDivider
 .text.XMC_SCU_CLOCK_SetECATClockDivider
                0x0800098c       0x28 ./Libraries/XMCLib/src/xmc4_scu.o
                0x0800098c                XMC_SCU_CLOCK_SetECATClockDivider
 .text.XMC_SCU_CLOCK_UngatePeripheralClock
                0x080009b4       0x38 ./Libraries/XMCLib/src/xmc4_scu.o
                0x080009b4                XMC_SCU_CLOCK_UngatePeripheralClock
 .text.XMC_SCU_CLOCK_EnableUsbPll
                0x080009ec       0x20 ./Libraries/XMCLib/src/xmc4_scu.o
                0x080009ec                XMC_SCU_CLOCK_EnableUsbPll
 .text.XMC_SCU_CLOCK_StartUsbPll
                0x08000a0c       0xb4 ./Libraries/XMCLib/src/xmc4_scu.o
                0x08000a0c                XMC_SCU_CLOCK_StartUsbPll
 .text.XMC_SCU_CLOCK_SetBackupClockCalibrationMode
                0x08000ac0       0x4c ./Libraries/XMCLib/src/xmc4_scu.o
                0x08000ac0                XMC_SCU_CLOCK_SetBackupClockCalibrationMode
 .text.XMC_SCU_HIB_EnableHibernateDomain
                0x08000b0c       0x58 ./Libraries/XMCLib/src/xmc4_scu.o
                0x08000b0c                XMC_SCU_HIB_EnableHibernateDomain
 .text.XMC_SCU_CLOCK_IsLowPowerOscillatorStable
                0x08000b64       0x24 ./Libraries/XMCLib/src/xmc4_scu.o
                0x08000b64                XMC_SCU_CLOCK_IsLowPowerOscillatorStable
 .text.XMC_SCU_CLOCK_EnableLowPowerOscillator
                0x08000b88       0x70 ./Libraries/XMCLib/src/xmc4_scu.o
                0x08000b88                XMC_SCU_CLOCK_EnableLowPowerOscillator
 .text.XMC_SCU_CLOCK_EnableHighPerformanceOscillator
                0x08000bf8       0x50 ./Libraries/XMCLib/src/xmc4_scu.o
                0x08000bf8                XMC_SCU_CLOCK_EnableHighPerformanceOscillator
 .text.XMC_SCU_CLOCK_IsHighPerformanceOscillatorStable
                0x08000c48       0x28 ./Libraries/XMCLib/src/xmc4_scu.o
                0x08000c48                XMC_SCU_CLOCK_IsHighPerformanceOscillatorStable
 .text.XMC_SCU_CLOCK_EnableSystemPll
                0x08000c70       0x20 ./Libraries/XMCLib/src/xmc4_scu.o
                0x08000c70                XMC_SCU_CLOCK_EnableSystemPll
 .text.XMC_SCU_CLOCK_DisableSystemPll
                0x08000c90       0x20 ./Libraries/XMCLib/src/xmc4_scu.o
                0x08000c90                XMC_SCU_CLOCK_DisableSystemPll
 .text.XMC_SCU_CLOCK_StartSystemPll
                0x08000cb0      0x19c ./Libraries/XMCLib/src/xmc4_scu.o
                0x08000cb0                XMC_SCU_CLOCK_StartSystemPll
 .text.XMC_SCU_CLOCK_StepSystemPllFrequency
                0x08000e4c       0x3c ./Libraries/XMCLib/src/xmc4_scu.o
                0x08000e4c                XMC_SCU_CLOCK_StepSystemPllFrequency
 .text.XMC_CAN_IsPanelControlReady
                0x08000e88       0x28 ./Libraries/XMCLib/src/xmc_can.o
 .text.XMC_CAN_PanelControl
                0x08000eb0       0x3c ./Libraries/XMCLib/src/xmc_can.o
 .text.XMC_CAN_NODE_EnableConfigurationChange
                0x08000eec       0x20 ./Libraries/XMCLib/src/xmc_can.o
 .text.XMC_CAN_NODE_DisableConfigurationChange
                0x08000f0c       0x20 ./Libraries/XMCLib/src/xmc_can.o
 .text.max      0x08000f2c       0x20 ./Libraries/XMCLib/src/xmc_can.o
 .text.min      0x08000f4c       0x20 ./Libraries/XMCLib/src/xmc_can.o
 .text.XMC_CAN_NODE_NominalBitTimeConfigure
                0x08000f6c      0x1c4 ./Libraries/XMCLib/src/xmc_can.o
                0x08000f6c                XMC_CAN_NODE_NominalBitTimeConfigure
 .text.XMC_CAN_AllocateMOtoNodeList
                0x08001130       0x3c ./Libraries/XMCLib/src/xmc_can.o
                0x08001130                XMC_CAN_AllocateMOtoNodeList
 .text.XMC_CAN_Enable
                0x0800116c       0x38 ./Libraries/XMCLib/src/xmc_can.o
                0x0800116c                XMC_CAN_Enable
 .text.XMC_CAN_SetBaudrateClockSource
                0x080011a4       0x2c ./Libraries/XMCLib/src/xmc_can.o
                0x080011a4                XMC_CAN_SetBaudrateClockSource
 .text.XMC_CAN_GetBaudrateClockSource
                0x080011d0       0x24 ./Libraries/XMCLib/src/xmc_can.o
                0x080011d0                XMC_CAN_GetBaudrateClockSource
 .text.XMC_CAN_GetBaudrateClockFrequency
                0x080011f4       0x38 ./Libraries/XMCLib/src/xmc_can.o
                0x080011f4                XMC_CAN_GetBaudrateClockFrequency
 .text.XMC_CAN_InitEx
                0x0800122c       0x80 ./Libraries/XMCLib/src/xmc_can.o
                0x0800122c                XMC_CAN_InitEx
 .text.XMC_CAN_MO_Config
                0x080012ac      0x138 ./Libraries/XMCLib/src/xmc_can.o
                0x080012ac                XMC_CAN_MO_Config
 .text.XMC_CAN_MO_UpdateData
                0x080013e4       0x70 ./Libraries/XMCLib/src/xmc_can.o
                0x080013e4                XMC_CAN_MO_UpdateData
 .text.XMC_CAN_MO_Transmit
                0x08001454       0x5c ./Libraries/XMCLib/src/xmc_can.o
                0x08001454                XMC_CAN_MO_Transmit
 .text.XMC_CAN_MO_Receive
                0x080014b0      0x1a0 ./Libraries/XMCLib/src/xmc_can.o
                0x080014b0                XMC_CAN_MO_Receive
 .text.XMC_GPIO_SetHardwareControl
                0x08001650       0x44 ./Libraries/XMCLib/src/xmc_gpio.o
                0x08001650                XMC_GPIO_SetHardwareControl
 .text._sbrk    0x08001694       0x68 ./Libraries/Newlib/syscalls.o
                0x08001694                _sbrk
 .text._init    0x080016fc        0xc ./Libraries/Newlib/syscalls.o
                0x080016fc                _init
 .text.MULTICAN_CONFIG_Init
                0x08001708       0x20 ./Dave/Generated/MULTICAN_CONFIG/multican_config.o
                0x08001708                MULTICAN_CONFIG_Init
 .text.XMC_CAN_NODE_SetEventNodePointer
                0x08001728       0x38 ./Dave/Generated/MULTICAN_CONFIG/multican_config_conf.o
 .text.XMC_CAN_NODE_SetReceiveInput
                0x08001760       0x2c ./Dave/Generated/MULTICAN_CONFIG/multican_config_conf.o
 .text.XMC_CAN_NODE_EnableConfigurationChange
                0x0800178c       0x20 ./Dave/Generated/MULTICAN_CONFIG/multican_config_conf.o
 .text.XMC_CAN_NODE_DisableConfigurationChange
                0x080017ac       0x20 ./Dave/Generated/MULTICAN_CONFIG/multican_config_conf.o
 .text.XMC_CAN_NODE_SetInitBit
                0x080017cc       0x20 ./Dave/Generated/MULTICAN_CONFIG/multican_config_conf.o
 .text.XMC_CAN_NODE_ResetInitBit
                0x080017ec       0x20 ./Dave/Generated/MULTICAN_CONFIG/multican_config_conf.o
 .text.XMC_CAN_NODE_FrameCounterConfigure
                0x0800180c       0x28 ./Dave/Generated/MULTICAN_CONFIG/multican_config_conf.o
 .text.XMC_CAN_MO_SetEventNodePointer
                0x08001834       0x3c ./Dave/Generated/MULTICAN_CONFIG/multican_config_conf.o
 .text.MULTICAN_CONFIG_0_lInit
                0x08001870      0x194 ./Dave/Generated/MULTICAN_CONFIG/multican_config_conf.o
                0x08001870                MULTICAN_CONFIG_0_lInit
 .text.GLOBAL_CAN_Init
                0x08001a04       0x44 ./Dave/Generated/GLOBAL_CAN/global_can.o
                0x08001a04                GLOBAL_CAN_Init
 .text.DIGITAL_IO_Init
                0x08001a48       0x40 ./Dave/Generated/DIGITAL_IO/digital_io.o
                0x08001a48                DIGITAL_IO_Init
 .text.CLOCK_XMC4_Init
                0x08001a88       0x20 ./Dave/Generated/CLOCK_XMC4/clock_xmc4.o
                0x08001a88                CLOCK_XMC4_Init
 .text.OSCHP_GetFrequency
                0x08001aa8       0x14 ./Dave/Generated/CLOCK_XMC4/clock_xmc4.o
                0x08001aa8                OSCHP_GetFrequency
 .text.XMC_SCU_CLOCK_SetECATClockSource
                0x08001abc       0x28 ./Dave/Generated/CLOCK_XMC4/clock_xmc4_conf.o
 .text.SystemCoreClockSetup
                0x08001ae4       0x64 ./Dave/Generated/CLOCK_XMC4/clock_xmc4_conf.o
                0x08001ae4                SystemCoreClockSetup
 .text.DAVE_Init
                0x08001b48       0x4c ./Dave/Generated/DAVE.o
                0x08001b48                DAVE_Init
 .text.delay_ms
                0x08001b94       0x30 ./main.o
 .text.main     0x08001bc4      0x474 ./main.o
                0x08001bc4                main
 .text.XMC_CAN_NODE_SetReceiveInput
                0x08002038       0x2c ./morelle_bms.o
 .text.XMC_CAN_NODE_ClearStatus
                0x08002064       0x24 ./morelle_bms.o
 .text.XMC_CAN_NODE_EnableConfigurationChange
                0x08002088       0x20 ./morelle_bms.o
 .text.XMC_CAN_NODE_DisableConfigurationChange
                0x080020a8       0x20 ./morelle_bms.o
 .text.XMC_CAN_NODE_SetInitBit
                0x080020c8       0x20 ./morelle_bms.o
 .text.XMC_CAN_NODE_ResetInitBit
                0x080020e8       0x20 ./morelle_bms.o
 .text.XMC_CAN_MO_GetStatus
                0x08002108       0x1c ./morelle_bms.o
 .text.Morelle_NodeInit
                0x08002124       0xbc ./morelle_bms.o
                0x08002124                Morelle_NodeInit
 .text.wait_tx_result
                0x080021e0       0x44 ./morelle_bms.o
 .text.send_request
                0x08002224       0xcc ./morelle_bms.o
 .text.print_rx
                0x080022f0       0x14 ./morelle_bms.o
 .text.recv_frame_raw
                0x08002304       0xa0 ./morelle_bms.o
 .text.recv_frame
                0x080023a4       0x70 ./morelle_bms.o
 .text.request_response
                0x08002414       0x34 ./morelle_bms.o
 .text.be16     0x08002448       0x2c ./morelle_bms.o
 .text.be32     0x08002474       0x38 ./morelle_bms.o
 .text.Morelle_GetPackTotals
                0x080024ac       0xa0 ./morelle_bms.o
                0x080024ac                Morelle_GetPackTotals
 .text.Morelle_GetCellExtremes
                0x0800254c       0x60 ./morelle_bms.o
                0x0800254c                Morelle_GetCellExtremes
 .text.Morelle_GetTempExtremes
                0x080025ac       0x50 ./morelle_bms.o
                0x080025ac                Morelle_GetTempExtremes
 .text.Morelle_GetMosState
                0x080025fc       0x58 ./morelle_bms.o
                0x080025fc                Morelle_GetMosState
 .text.Morelle_GetStatusInfo
                0x08002654       0x38 ./morelle_bms.o
                0x08002654                Morelle_GetStatusInfo
 .text.Morelle_GetCellVoltages
                0x0800268c      0x224 ./morelle_bms.o
                0x0800268c                Morelle_GetCellVoltages
 .text.Morelle_GetTemperatures
                0x080028b0       0x94 ./morelle_bms.o
                0x080028b0                Morelle_GetTemperatures
 .text.Morelle_GetCellBalance
                0x08002944       0x40 ./morelle_bms.o
                0x08002944                Morelle_GetCellBalance
 .text.Morelle_GetFaultStatus
                0x08002984       0x3c ./morelle_bms.o
                0x08002984                Morelle_GetFaultStatus
 .text.__errno  0x080029c0        0xc c:/infineon/tools/dave ide/4.5.0.202105191637/eclipse/arm-gcc-49/bin/../lib/gcc/arm-none-eabi/4.9.3/../../../../arm-none-eabi/lib/armv7e-m/softfp\libg_nano.a(lib_a-errno.o)
                0x080029c0                __errno
 .text.__libc_init_array
                0x080029cc       0x4c c:/infineon/tools/dave ide/4.5.0.202105191637/eclipse/arm-gcc-49/bin/../lib/gcc/arm-none-eabi/4.9.3/../../../../arm-none-eabi/lib/armv7e-m/softfp\libg_nano.a(lib_a-init.o)
                0x080029cc                __libc_init_array
 .text.memcpy   0x08002a18       0x16 c:/infineon/tools/dave ide/4.5.0.202105191637/eclipse/arm-gcc-49/bin/../lib/gcc/arm-none-eabi/4.9.3/../../../../arm-none-eabi/lib/armv7e-m/softfp\libg_nano.a(lib_a-memcpy.o)
                0x08002a18                memcpy
 .text.memset   0x08002a2e       0x10 c:/infineon/tools/dave ide/4.5.0.202105191637/eclipse/arm-gcc-49/bin/../lib/gcc/arm-none-eabi/4.9.3/../../../../arm-none-eabi/lib/armv7e-m/softfp\libg_nano.a(lib_a-memset.o)
                0x08002a2e                memset
 *fill*         0x08002a3e        0x2 
 .text.printf   0x08002a40       0x30 c:/infineon/tools/dave ide/4.5.0.202105191637/eclipse/arm-gcc-49/bin/../lib/gcc/arm-none-eabi/4.9.3/../../../../arm-none-eabi/lib/armv7e-m/softfp\libg_nano.a(lib_a-printf.o)
                0x08002a40                iprintf
                0x08002a40                printf
 .text.putchar  0x08002a70       0x28 c:/infineon/tools/dave ide/4.5.0.202105191637/eclipse/arm-gcc-49/bin/../lib/gcc/arm-none-eabi/4.9.3/../../../../arm-none-eabi/lib/armv7e-m/softfp\libg_nano.a(lib_a-putchar.o)
                0x08002a70                putchar
 .text._puts_r  0x08002a98       0xbc c:/infineon/tools/dave ide/4.5.0.202105191637/eclipse/arm-gcc-49/bin/../lib/gcc/arm-none-eabi/4.9.3/../../../../arm-none-eabi/lib/armv7e-m/softfp\libg_nano.a(lib_a-puts.o)
                0x08002a98                _puts_r
 .text.puts     0x08002b54       0x10 c:/infineon/tools/dave ide/4.5.0.202105191637/eclipse/arm-gcc-49/bin/../lib/gcc/arm-none-eabi/4.9.3/../../../../arm-none-eabi/lib/armv7e-m/softfp\libg_nano.a(lib_a-puts.o)
                0x08002b54                puts
 .text.__swbuf_r
                0x08002b64       0xa8 c:/infineon/tools/dave ide/4.5.0.202105191637/eclipse/arm-gcc-49/bin/../lib/gcc/arm-none-eabi/4.9.3/../../../../arm-none-eabi/lib/armv7e-m/softfp\libg_nano.a(lib_a-wbuf.o)
                0x08002b64                __swbuf_r
 .text.__swsetup_r
                0x08002c0c       0xd8 c:/infineon/tools/dave ide/4.5.0.202105191637/eclipse/arm-gcc-49/bin/../lib/gcc/arm-none-eabi/4.9.3/../../../../arm-none-eabi/lib/armv7e-m/softfp\libg_nano.a(lib_a-wsetup.o)
                0x08002c0c                __swsetup_r
 .text.__sflush_r
                0x08002ce4      0x108 c:/infineon/tools/dave ide/4.5.0.202105191637/eclipse/arm-gcc-49/bin/../lib/gcc/arm-none-eabi/4.9.3/../../../../arm-none-eabi/lib/armv7e-m/softfp\libg_nano.a(lib_a-fflush.o)
                0x08002ce4                __sflush_r
 .text._fflush_r
                0x08002dec       0x54 c:/infineon/tools/dave ide/4.5.0.202105191637/eclipse/arm-gcc-49/bin/../lib/gcc/arm-none-eabi/4.9.3/../../../../arm-none-eabi/lib/armv7e-m/softfp\libg_nano.a(lib_a-fflush.o)
                0x08002dec                _fflush_r
 .text._cleanup_r
                0x08002e40        0xc c:/infineon/tools/dave ide/4.5.0.202105191637/eclipse/arm-gcc-49/bin/../lib/gcc/arm-none-eabi/4.9.3/../../../../arm-none-eabi/lib/armv7e-m/softfp\libg_nano.a(lib_a-findfp.o)
                0x08002e40                _cleanup_r
 .text.std.isra.0
                0x08002e4c       0x48 c:/infineon/tools/dave ide/4.5.0.202105191637/eclipse/arm-gcc-49/bin/../lib/gcc/arm-none-eabi/4.9.3/../../../../arm-none-eabi/lib/armv7e-m/softfp\libg_nano.a(lib_a-findfp.o)
 .text.__sfmoreglue
                0x08002e94       0x2c c:/infineon/tools/dave ide/4.5.0.202105191637/eclipse/arm-gcc-49/bin/../lib/gcc/arm-none-eabi/4.9.3/../../../../arm-none-eabi/lib/armv7e-m/softfp\libg_nano.a(lib_a-findfp.o)
                0x08002e94                __sfmoreglue
 .text.__sinit  0x08002ec0       0x60 c:/infineon/tools/dave ide/4.5.0.202105191637/eclipse/arm-gcc-49/bin/../lib/gcc/arm-none-eabi/4.9.3/../../../../arm-none-eabi/lib/armv7e-m/softfp\libg_nano.a(lib_a-findfp.o)
                0x08002ec0                __sinit
 .text.__sfp    0x08002f20       0x74 c:/infineon/tools/dave ide/4.5.0.202105191637/eclipse/arm-gcc-49/bin/../lib/gcc/arm-none-eabi/4.9.3/../../../../arm-none-eabi/lib/armv7e-m/softfp\libg_nano.a(lib_a-findfp.o)
                0x08002f20                __sfp
 .text._fwalk_reent
                0x08002f94       0x3c c:/infineon/tools/dave ide/4.5.0.202105191637/eclipse/arm-gcc-49/bin/../lib/gcc/arm-none-eabi/4.9.3/../../../../arm-none-eabi/lib/armv7e-m/softfp\libg_nano.a(lib_a-fwalk.o)
                0x08002f94                _fwalk_reent
 .text.__smakebuf_r
                0x08002fd0       0x9c c:/infineon/tools/dave ide/4.5.0.202105191637/eclipse/arm-gcc-49/bin/../lib/gcc/arm-none-eabi/4.9.3/../../../../arm-none-eabi/lib/armv7e-m/softfp\libg_nano.a(lib_a-makebuf.o)
                0x08002fd0                __smakebuf_r
 .text._free_r  0x0800306c       0x88 c:/infineon/tools/dave ide/4.5.0.202105191637/eclipse/arm-gcc-49/bin/../lib/gcc/arm-none-eabi/4.9.3/../../../../arm-none-eabi/lib/armv7e-m/softfp\libg_nano.a(lib_a-nano-freer.o)
                0x0800306c                _free_r
 .text._malloc_r
                0x080030f4       0xac c:/infineon/tools/dave ide/4.5.0.202105191637/eclipse/arm-gcc-49/bin/../lib/gcc/arm-none-eabi/4.9.3/../../../../arm-none-eabi/lib/armv7e-m/softfp\libg_nano.a(lib_a-nano-mallocr.o)
                0x080030f4                _malloc_r
 .text.__sfputc_r
                0x080031a0       0x2c c:/infineon/tools/dave ide/4.5.0.202105191637/eclipse/arm-gcc-49/bin/../lib/gcc/arm-none-eabi/4.9.3/../../../../arm-none-eabi/lib/armv7e-m/softfp\libg_nano.a(lib_a-nano-vfprintf.o)
 .text.__sfputs_r
                0x080031cc       0x24 c:/infineon/tools/dave ide/4.5.0.202105191637/eclipse/arm-gcc-49/bin/../lib/gcc/arm-none-eabi/4.9.3/../../../../arm-none-eabi/lib/armv7e-m/softfp\libg_nano.a(lib_a-nano-vfprintf.o)
                0x080031cc                __sfputs_r
 .text._vfprintf_r
                0x080031f0      0x210 c:/infineon/tools/dave ide/4.5.0.202105191637/eclipse/arm-gcc-49/bin/../lib/gcc/arm-none-eabi/4.9.3/../../../../arm-none-eabi/lib/armv7e-m/softfp\libg_nano.a(lib_a-nano-vfprintf.o)
                0x080031f0                _vfprintf_r
                0x080031f0                _vfiprintf_r
 .text._printf_common
                0x08003400       0xea c:/infineon/tools/dave ide/4.5.0.202105191637/eclipse/arm-gcc-49/bin/../lib/gcc/arm-none-eabi/4.9.3/../../../../arm-none-eabi/lib/armv7e-m/softfp\libg_nano.a(lib_a-nano-vfprintf_i.o)
                0x08003400                _printf_common
 *fill*         0x080034ea        0x2 
 .text._printf_i
                0x080034ec      0x234 c:/infineon/tools/dave ide/4.5.0.202105191637/eclipse/arm-gcc-49/bin/../lib/gcc/arm-none-eabi/4.9.3/../../../../arm-none-eabi/lib/armv7e-m/softfp\libg_nano.a(lib_a-nano-vfprintf_i.o)
                0x080034ec                _printf_i
 .text._putc_r  0x08003720       0x78 c:/infineon/tools/dave ide/4.5.0.202105191637/eclipse/arm-gcc-49/bin/../lib/gcc/arm-none-eabi/4.9.3/../../../../arm-none-eabi/lib/armv7e-m/softfp\libg_nano.a(lib_a-putc.o)
                0x08003720                _putc_r
 .text._sbrk_r  0x08003798       0x20 c:/infineon/tools/dave ide/4.5.0.202105191637/eclipse/arm-gcc-49/bin/../lib/gcc/arm-none-eabi/4.9.3/../../../../arm-none-eabi/lib/armv7e-m/softfp\libg_nano.a(lib_a-sbrkr.o)
                0x08003798                _sbrk_r
 .text.__sread  0x080037b8       0x22 c:/infineon/tools/dave ide/4.5.0.202105191637/eclipse/arm-gcc-49/bin/../lib/gcc/arm-none-eabi/4.9.3/../../../../arm-none-eabi/lib/armv7e-m/softfp\libg_nano.a(lib_a-stdio.o)
                0x080037b8                __sread
 .text.__swrite
                0x080037da       0x38 c:/infineon/tools/dave ide/4.5.0.202105191637/eclipse/arm-gcc-49/bin/../lib/gcc/arm-none-eabi/4.9.3/../../../../arm-none-eabi/lib/armv7e-m/softfp\libg_nano.a(lib_a-stdio.o)
                0x080037da                __swrite
 .text.__sseek  0x08003812       0x24 c:/infineon/tools/dave ide/4.5.0.202105191637/eclipse/arm-gcc-49/bin/../lib/gcc/arm-none-eabi/4.9.3/../../../../arm-none-eabi/lib/armv7e-m/softfp\libg_nano.a(lib_a-stdio.o)
                0x08003812                __sseek
 .text.__sclose
                0x08003836        0x8 c:/infineon/tools/dave ide/4.5.0.202105191637/eclipse/arm-gcc-49/bin/../lib/gcc/arm-none-eabi/4.9.3/../../../../arm-none-eabi/lib/armv7e-m/softfp\libg_nano.a(lib_a-stdio.o)
                0x08003836                __sclose
 *fill*         0x0800383e        0x2 
 .text._write_r
                0x08003840       0x24 c:/infineon/tools/dave ide/4.5.0.202105191637/eclipse/arm-gcc-49/bin/../lib/gcc/arm-none-eabi/4.9.3/../../../../arm-none-eabi/lib/armv7e-m/softfp\libg_nano.a(lib_a-writer.o)
                0x08003840                _write_r
 .text._close_r
                0x08003864       0x20 c:/infineon/tools/dave ide/4.5.0.202105191637/eclipse/arm-gcc-49/bin/../lib/gcc/arm-none-eabi/4.9.3/../../../../arm-none-eabi/lib/armv7e-m/softfp\libg_nano.a(lib_a-closer.o)
                0x08003864                _close_r
 .text._fstat_r
                0x08003884       0x24 c:/infineon/tools/dave ide/4.5.0.202105191637/eclipse/arm-gcc-49/bin/../lib/gcc/arm-none-eabi/4.9.3/../../../../arm-none-eabi/lib/armv7e-m/softfp\libg_nano.a(lib_a-fstatr.o)
                0x08003884                _fstat_r
 .text._isatty_r
                0x080038a8       0x20 c:/infineon/tools/dave ide/4.5.0.202105191637/eclipse/arm-gcc-49/bin/../lib/gcc/arm-none-eabi/4.9.3/../../../../arm-none-eabi/lib/armv7e-m/softfp\libg_nano.a(lib_a-isattyr.o)
                0x080038a8                _isatty_r
 .text._lseek_r
                0x080038c8       0x24 c:/infineon/tools/dave ide/4.5.0.202105191637/eclipse/arm-gcc-49/bin/../lib/gcc/arm-none-eabi/4.9.3/../../../../arm-none-eabi/lib/armv7e-m/softfp\libg_nano.a(lib_a-lseekr.o)
                0x080038c8                _lseek_r
 .text.memchr   0x080038ec       0x1e c:/infineon/tools/dave ide/4.5.0.202105191637/eclipse/arm-gcc-49/bin/../lib/gcc/arm-none-eabi/4.9.3/../../../../arm-none-eabi/lib/armv7e-m/softfp\libg_nano.a(lib_a-memchr.o)
                0x080038ec                memchr
 *fill*         0x0800390a        0x2 
 .text._read_r  0x0800390c       0x24 c:/infineon/tools/dave ide/4.5.0.202105191637/eclipse/arm-gcc-49/bin/../lib/gcc/arm-none-eabi/4.9.3/../../../../arm-none-eabi/lib/armv7e-m/softfp\libg_nano.a(lib_a-readr.o)
                0x0800390c                _read_r
 .text.findslot
                0x08003930       0x34 c:/infineon/tools/dave ide/4.5.0.202105191637/eclipse/arm-gcc-49/bin/../lib/gcc/arm-none-eabi/4.9.3/../../../../arm-none-eabi/lib/armv7e-m/softfp\librdimon_nano.a(rdimon-syscalls.o)
 .text.error    0x08003964       0x1c c:/infineon/tools/dave ide/4.5.0.202105191637/eclipse/arm-gcc-49/bin/../lib/gcc/arm-none-eabi/4.9.3/../../../../arm-none-eabi/lib/armv7e-m/softfp\librdimon_nano.a(rdimon-syscalls.o)
 .text.checkerror
                0x08003980        0xa c:/infineon/tools/dave ide/4.5.0.202105191637/eclipse/arm-gcc-49/bin/../lib/gcc/arm-none-eabi/4.9.3/../../../../arm-none-eabi/lib/armv7e-m/softfp\librdimon_nano.a(rdimon-syscalls.o)
 *fill*         0x0800398a        0x2 
 .text.initialise_monitor_handles
                0x0800398c       0xa4 c:/infineon/tools/dave ide/4.5.0.202105191637/eclipse/arm-gcc-49/bin/../lib/gcc/arm-none-eabi/4.9.3/../../../../arm-none-eabi/lib/armv7e-m/softfp\librdimon_nano.a(rdimon-syscalls.o)
                0x0800398c                initialise_monitor_handles
 .text._swiread
                0x08003a30       0x20 c:/infineon/tools/dave ide/4.5.0.202105191637/eclipse/arm-gcc-49/bin/../lib/gcc/arm-none-eabi/4.9.3/../../../../arm-none-eabi/lib/armv7e-m/softfp\librdimon_nano.a(rdimon-syscalls.o)
                0x08003a30                _swiread
 .text._read    0x08003a50       0x34 c:/infineon/tools/dave ide/4.5.0.202105191637/eclipse/arm-gcc-49/bin/../lib/gcc/arm-none-eabi/4.9.3/../../../../arm-none-eabi/lib/armv7e-m/softfp\librdimon_nano.a(rdimon-syscalls.o)
                0x08003a50                _read
 .text._swilseek
                0x08003a84       0x7a c:/infineon/tools/dave ide/4.5.0.202105191637/eclipse/arm-gcc-49/bin/../lib/gcc/arm-none-eabi/4.9.3/../../../../arm-none-eabi/lib/armv7e-m/softfp\librdimon_nano.a(rdimon-syscalls.o)
                0x08003a84                _swilseek
 .text._lseek   0x08003afe        0x4 c:/infineon/tools/dave ide/4.5.0.202105191637/eclipse/arm-gcc-49/bin/../lib/gcc/arm-none-eabi/4.9.3/../../../../arm-none-eabi/lib/armv7e-m/softfp\librdimon_nano.a(rdimon-syscalls.o)
                0x08003afe                _lseek
 .text._swiwrite
                0x08003b02       0x20 c:/infineon/tools/dave ide/4.5.0.202105191637/eclipse/arm-gcc-49/bin/../lib/gcc/arm-none-eabi/4.9.3/../../../../arm-none-eabi/lib/armv7e-m/softfp\librdimon_nano.a(rdimon-syscalls.o)
                0x08003b02                _swiwrite
 .text._write   0x08003b22       0x42 c:/infineon/tools/dave ide/4.5.0.202105191637/eclipse/arm-gcc-49/bin/../lib/gcc/arm-none-eabi/4.9.3/../../../../arm-none-eabi/lib/armv7e-m/softfp\librdimon_nano.a(rdimon-syscalls.o)
                0x08003b22                _write
 .text._swiclose
                0x08003b64       0x1c c:/infineon/tools/dave ide/4.5.0.202105191637/eclipse/arm-gcc-49/bin/../lib/gcc/arm-none-eabi/4.9.3/../../../../arm-none-eabi/lib/armv7e-m/softfp\librdimon_nano.a(rdimon-syscalls.o)
                0x08003b64                _swiclose
 .text._close   0x08003b80       0x48 c:/infineon/tools/dave ide/4.5.0.202105191637/eclipse/arm-gcc-49/bin/../lib/gcc/arm-none-eabi/4.9.3/../../../../arm-none-eabi/lib/armv7e-m/softfp\librdimon_nano.a(rdimon-syscalls.o)
                0x08003b80                _close
 .text._swistat
                0x08003bc8       0x42 c:/infineon/tools/dave ide/4.5.0.202105191637/eclipse/arm-gcc-49/bin/../lib/gcc/arm-none-eabi/4.9.3/../../../../arm-none-eabi/lib/armv7e-m/softfp\librdimon_nano.a(rdimon-syscalls.o)
                0x08003bc8                _swistat
 .text._fstat   0x08003c0a       0x1c c:/infineon/tools/dave ide/4.5.0.202105191637/eclipse/arm-gcc-49/bin/../lib/gcc/arm-none-eabi/4.9.3/../../../../arm-none-eabi/lib/armv7e-m/softfp\librdimon_nano.a(rdimon-syscalls.o)
                0x08003c0a                _fstat
 .text._isatty  0x08003c26       0x38 c:/infineon/tools/dave ide/4.5.0.202105191637/eclipse/arm-gcc-49/bin/../lib/gcc/arm-none-eabi/4.9.3/../../../../arm-none-eabi/lib/armv7e-m/softfp\librdimon_nano.a(rdimon-syscalls.o)
                0x08003c26                _isatty
 *(.init)
 *(.fini)
 *crtbegin.o(.ctors)
 *crtbegin?.o(.ctors)
 *(EXCLUDE_FILE(*crtend.o *crtend?.o) .ctors)
 *(SORT(.ctors.*))
 *(.ctors)
 *crtbegin.o(.dtors)
 *crtbegin?.o(.dtors)
 *(EXCLUDE_FILE(*crtend.o *crtend?.o) .dtors)
 *(SORT(.dtors.*))
 *(.dtors)
 *(.rodata .rodata.*)
 *fill*         0x08003c5e        0x2 
 .rodata.MULTICAN_CONFIG_0_BitTimeConfig_node0
                0x08003c60        0xc ./Dave/Generated/MULTICAN_CONFIG/multican_config_conf.o
                0x08003c60                MULTICAN_CONFIG_0_BitTimeConfig_node0
 .rodata.MULTICAN_CONFIG_0_fc_node0
                0x08003c6c        0x4 ./Dave/Generated/MULTICAN_CONFIG/multican_config_conf.o
                0x08003c6c                MULTICAN_CONFIG_0_fc_node0
 .rodata.MULTICAN_CONFIG_0_Node0
                0x08003c70       0x1c ./Dave/Generated/MULTICAN_CONFIG/multican_config_conf.o
                0x08003c70                MULTICAN_CONFIG_0_Node0
 .rodata.DIGITAL_IO_0
                0x08003c8c       0x14 ./Dave/Generated/DIGITAL_IO/digital_io_conf.o
                0x08003c8c                DIGITAL_IO_0
 .rodata        0x08003ca0       0x14 ./Dave/Generated/CLOCK_XMC4/clock_xmc4_conf.o
 .rodata        0x08003cb4      0x2bc ./main.o
 .rodata        0x08003f70       0x30 ./morelle_bms.o
 .rodata.str1.1
                0x08003fa0        0x2 c:/infineon/tools/dave ide/4.5.0.202105191637/eclipse/arm-gcc-49/bin/../lib/gcc/arm-none-eabi/4.9.3/../../../../arm-none-eabi/lib/armv7e-m/softfp\libg_nano.a(lib_a-impure.o)
 *fill*         0x08003fa2        0x2 
 .rodata._global_impure_ptr
                0x08003fa4        0x4 c:/infineon/tools/dave ide/4.5.0.202105191637/eclipse/arm-gcc-49/bin/../lib/gcc/arm-none-eabi/4.9.3/../../../../arm-none-eabi/lib/armv7e-m/softfp\libg_nano.a(lib_a-impure.o)
                0x08003fa4                _global_impure_ptr
 .rodata.__sf_fake_stdin
                0x08003fa8       0x20 c:/infineon/tools/dave ide/4.5.0.202105191637/eclipse/arm-gcc-49/bin/../lib/gcc/arm-none-eabi/4.9.3/../../../../arm-none-eabi/lib/armv7e-m/softfp\libg_nano.a(lib_a-findfp.o)
                0x08003fa8                __sf_fake_stdin
 .rodata.__sf_fake_stdout
                0x08003fc8       0x20 c:/infineon/tools/dave ide/4.5.0.202105191637/eclipse/arm-gcc-49/bin/../lib/gcc/arm-none-eabi/4.9.3/../../../../arm-none-eabi/lib/armv7e-m/softfp\libg_nano.a(lib_a-findfp.o)
                0x08003fc8                __sf_fake_stdout
 .rodata.__sf_fake_stderr
                0x08003fe8       0x20 c:/infineon/tools/dave ide/4.5.0.202105191637/eclipse/arm-gcc-49/bin/../lib/gcc/arm-none-eabi/4.9.3/../../../../arm-none-eabi/lib/armv7e-m/softfp\libg_nano.a(lib_a-findfp.o)
                0x08003fe8                __sf_fake_stderr
 .rodata.str1.1
                0x08004008       0x11 c:/infineon/tools/dave ide/4.5.0.202105191637/eclipse/arm-gcc-49/bin/../lib/gcc/arm-none-eabi/4.9.3/../../../../arm-none-eabi/lib/armv7e-m/softfp\libg_nano.a(lib_a-nano-vfprintf.o)
 .rodata.str1.1
                0x08004019       0x22 c:/infineon/tools/dave ide/4.5.0.202105191637/eclipse/arm-gcc-49/bin/../lib/gcc/arm-none-eabi/4.9.3/../../../../arm-none-eabi/lib/armv7e-m/softfp\libg_nano.a(lib_a-nano-vfprintf_i.o)
 .rodata.str1.1
                0x0800403b        0x4 c:/infineon/tools/dave ide/4.5.0.202105191637/eclipse/arm-gcc-49/bin/../lib/gcc/arm-none-eabi/4.9.3/../../../../arm-none-eabi/lib/armv7e-m/softfp\librdimon_nano.a(rdimon-syscalls.o)
 *(.gnu.linkonce.r*)
 *(vtable)
                0x08004040                . = ALIGN (0x4)
 *fill*         0x0800403f        0x1 

.glue_7         0x08004040        0x0 load address 0x0c004040
 .glue_7        0x00000000        0x0 linker stubs

.glue_7t        0x08004040        0x0 load address 0x0c004040
 .glue_7t       0x00000000        0x0 linker stubs

.vfp11_veneer   0x08004040        0x0 load address 0x0c004040
 .vfp11_veneer  0x00000000        0x0 linker stubs

.v4_bx          0x08004040        0x0 load address 0x0c004040
 .v4_bx         0x00000000        0x0 linker stubs

.iplt           0x08004040        0x0 load address 0x0c004040
 .iplt          0x00000000        0x0 ./Startup/startup_XMC4800.o

.rel.dyn        0x08004040        0x0 load address 0x0c004040
 .rel.iplt      0x00000000        0x0 ./Startup/startup_XMC4800.o

.eh_frame_hdr
 *(.eh_frame_hdr)

.eh_frame
 *(.eh_frame)

.ARM.extab
 *(.ARM.extab* .gnu.linkonce.armextab.*)
                0x08004040                . = ALIGN (0x4)
                0x08004040                __exidx_start = .

.ARM.exidx
 *(.ARM.exidx* .gnu.linkonce.armexidx.*)
                0x08004040                __exidx_end = .
                0x08004040                . = ALIGN (0x4)

Stack           0x1ffe8000      0x800
                0x1ffe8000                __stack_start = .
                0x1ffe8800                . = (. + stack_size)
 *fill*         0x1ffe8000      0x800 
                0x1ffe8800                __stack_end = .
                0x1ffe8800                __initial_sp = .

.ram_code       0x1ffe8800        0x0 load address 0x0c004040
                0x1ffe8800                . = ALIGN (0x4)
                0x1ffe8800                __ram_code_start = .
 *(.ram_code)
                0x1ffe8800                . = ALIGN (0x4)
                0x1ffe8800                __ram_code_end = .
                0x0c004040                __ram_code_load = LOADADDR (.ram_code)
                0x00000000                __ram_code_size = (__ram_code_end - __ram_code_start)

.data           0x1ffe8800       0xf4 load address 0x0c004040
                0x1ffe8800                . = ALIGN (0x4)
                0x1ffe8800                __data_start = .
 *(.data)
 *(.data*)
 .data.MULTICAN_CONFIG_0_LMO_00
                0x1ffe8800       0x20 ./Dave/Generated/MULTICAN_CONFIG/multican_config_conf.o
                0x1ffe8800                MULTICAN_CONFIG_0_LMO_00
 .data.MULTICAN_CONFIG_0_LMO_00_Config
                0x1ffe8820       0x18 ./Dave/Generated/MULTICAN_CONFIG/multican_config_conf.o
                0x1ffe8820                MULTICAN_CONFIG_0_LMO_00_Config
 .data.MULTICAN_CONFIG_0_LMO_01
                0x1ffe8838       0x20 ./Dave/Generated/MULTICAN_CONFIG/multican_config_conf.o
                0x1ffe8838                MULTICAN_CONFIG_0_LMO_01
 .data.MULTICAN_CONFIG_0_LMO_01_Config
                0x1ffe8858       0x18 ./Dave/Generated/MULTICAN_CONFIG/multican_config_conf.o
                0x1ffe8858                MULTICAN_CONFIG_0_LMO_01_Config
 .data.MULTICAN_CONFIG_0
                0x1ffe8870       0x14 ./Dave/Generated/MULTICAN_CONFIG/multican_config_conf.o
                0x1ffe8870                MULTICAN_CONFIG_0
 .data.GLOBAL_CAN_0
                0x1ffe8884        0xc ./Dave/Generated/GLOBAL_CAN/global_can_conf.o
                0x1ffe8884                GLOBAL_CAN_0
 .data.impure_data
                0x1ffe8890       0x60 c:/infineon/tools/dave ide/4.5.0.202105191637/eclipse/arm-gcc-49/bin/../lib/gcc/arm-none-eabi/4.9.3/../../../../arm-none-eabi/lib/armv7e-m/softfp\libg_nano.a(lib_a-impure.o)
 .data._impure_ptr
                0x1ffe88f0        0x4 c:/infineon/tools/dave ide/4.5.0.202105191637/eclipse/arm-gcc-49/bin/../lib/gcc/arm-none-eabi/4.9.3/../../../../arm-none-eabi/lib/armv7e-m/softfp\libg_nano.a(lib_a-impure.o)
                0x1ffe88f0                _impure_ptr
 *(*.data)
 *(.gnu.linkonce.d*)
                0x1ffe88f4                . = ALIGN (0x4)
                0x1ffe88f4                PROVIDE (__preinit_array_start, .)
 *(.preinit_array)
                0x1ffe88f4                PROVIDE (__preinit_array_end, .)
                0x1ffe88f4                . = ALIGN (0x4)
                0x1ffe88f4                PROVIDE (__init_array_start, .)
 *(SORT(.init_array.*))
 *(.init_array)
                0x1ffe88f4                PROVIDE (__init_array_end, .)
                0x1ffe88f4                . = ALIGN (0x4)
                0x1ffe88f4                PROVIDE (__fini_array_start, .)
 *(SORT(.fini_array.*))
 *(.fini_array)
                0x1ffe88f4                PROVIDE (__fini_array_end, .)
                0x1ffe88f4                . = ALIGN (0x4)
                0x1ffe88f4                __data_end = .
                0x0c004040                __data_load = LOADADDR (.data)
                0x000000f4                __data_size = (__data_end - __data_start)
                0x00004134                __text_size = (((__exidx_end - sText) + __data_size) + __ram_code_size)
                0x08004134                eText = (sText + __text_size)

.igot.plt       0x1ffe88f4        0x0 load address 0x0c004134
 .igot.plt      0x00000000        0x0 ./Startup/startup_XMC4800.o

.bss            0x1ffe88f4       0xc8 load address 0x0c004134
                0x1ffe88f4                . = ALIGN (0x4)
                0x1ffe88f4                __bss_start = .
 *(.bss)
 *(.bss*)
 .bss.heap_ptr.4331
                0x1ffe88f4        0x4 ./Libraries/Newlib/syscalls.o
 .bss.CLOCK_XMC4_0
                0x1ffe88f8        0x4 ./Dave/Generated/CLOCK_XMC4/clock_xmc4_conf.o
                0x1ffe88f8                CLOCK_XMC4_0
 .bss.__malloc_sbrk_start
                0x1ffe88fc        0x4 c:/infineon/tools/dave ide/4.5.0.202105191637/eclipse/arm-gcc-49/bin/../lib/gcc/arm-none-eabi/4.9.3/../../../../arm-none-eabi/lib/armv7e-m/softfp\libg_nano.a(lib_a-nano-mallocr.o)
                0x1ffe88fc                __malloc_sbrk_start
 .bss.__malloc_free_list
                0x1ffe8900        0x4 c:/infineon/tools/dave ide/4.5.0.202105191637/eclipse/arm-gcc-49/bin/../lib/gcc/arm-none-eabi/4.9.3/../../../../arm-none-eabi/lib/armv7e-m/softfp\libg_nano.a(lib_a-nano-mallocr.o)
                0x1ffe8900                __malloc_free_list
 .bss.monitor_stdout
                0x1ffe8904        0x4 c:/infineon/tools/dave ide/4.5.0.202105191637/eclipse/arm-gcc-49/bin/../lib/gcc/arm-none-eabi/4.9.3/../../../../arm-none-eabi/lib/armv7e-m/softfp\librdimon_nano.a(rdimon-syscalls.o)
 .bss.monitor_stdin
                0x1ffe8908        0x4 c:/infineon/tools/dave ide/4.5.0.202105191637/eclipse/arm-gcc-49/bin/../lib/gcc/arm-none-eabi/4.9.3/../../../../arm-none-eabi/lib/armv7e-m/softfp\librdimon_nano.a(rdimon-syscalls.o)
 .bss.monitor_stderr
                0x1ffe890c        0x4 c:/infineon/tools/dave ide/4.5.0.202105191637/eclipse/arm-gcc-49/bin/../lib/gcc/arm-none-eabi/4.9.3/../../../../arm-none-eabi/lib/armv7e-m/softfp\librdimon_nano.a(rdimon-syscalls.o)
 .bss.openfiles
                0x1ffe8910       0xa0 c:/infineon/tools/dave ide/4.5.0.202105191637/eclipse/arm-gcc-49/bin/../lib/gcc/arm-none-eabi/4.9.3/../../../../arm-none-eabi/lib/armv7e-m/softfp\librdimon_nano.a(rdimon-syscalls.o)
 *(COMMON)
 COMMON         0x1ffe89b0        0x8 ./morelle_bms.o
                0x1ffe89b0                morelle_last_rx_raw
 COMMON         0x1ffe89b8        0x4 c:/infineon/tools/dave ide/4.5.0.202105191637/eclipse/arm-gcc-49/bin/../lib/gcc/arm-none-eabi/4.9.3/../../../../arm-none-eabi/lib/armv7e-m/softfp\libg_nano.a(lib_a-reent.o)
                0x1ffe89b8                errno
 *(.gnu.linkonce.b*)
                0x1ffe89bc                . = ALIGN (0x4)
                0x1ffe89bc                __bss_end = .
                0x000000c8                __bss_size = (__bss_end - __bss_start)
                0x00017644                __shift_loc = (__bss_end >= ORIGIN (DSRAM_1_system))?0x0:(ORIGIN (DSRAM_1_system) - __bss_end)

USB_RAM         0x20000000        0x0
                0x20000000                . = ALIGN (0x4)
                0x20000000                USB_RAM_start = .
 *(USB_RAM)
                0x20000000                . = ALIGN (0x4)
                0x20000000                USB_RAM_end = .
                0x00000000                USB_RAM_size = (USB_RAM_end - USB_RAM_start)

ETH_RAM         0x20000000        0x0
                0x20000000                . = ALIGN (0x4)
                0x20000000                ETH_RAM_start = .
 *(ETH_RAM)
                0x20000000                . = ALIGN (0x4)
                0x20000000                ETH_RAM_end = .
                0x20000000                . = ALIGN (0x8)
                0x20000000                Heap_Bank1_Start = .
                0x00000000                ETH_RAM_size = (ETH_RAM_end - ETH_RAM_start)

.no_init        0x2003ffc0       0x14
                0x2003ffc0                Heap_Bank1_End = .
 *(.no_init)
 .no_init       0x2003ffc0       0x14 ./Startup/system_XMC4800.o
                0x2003ffc0                SystemCoreClock
                0x2003ffc4                g_chipid
                0x0003ffc0                Heap_Bank1_Size = (Heap_Bank1_End - Heap_Bank1_Start)
                0x00000001                ASSERT ((Heap_Bank1_Start <= Heap_Bank1_End), region SRAM_combined overflowed no_init section)

/DISCARD/
 *(.comment)

.stab
 *(.stab)

.stabstr
 *(.stabstr)

.debug
 *(.debug)

.line
 *(.line)

.debug_srcinfo
 *(.debug_srcinfo)

.debug_sfnames
 *(.debug_sfnames)

.debug_aranges  0x00000000      0x888
 *(.debug_aranges)
 .debug_aranges
                0x00000000       0x20 ./Startup/startup_XMC4800.o
 .debug_aranges
                0x00000020       0x48 ./Startup/system_XMC4800.o
 .debug_aranges
                0x00000068       0x28 ./Libraries/XMCLib/src/xmc4_gpio.o
 .debug_aranges
                0x00000090      0x3f8 ./Libraries/XMCLib/src/xmc4_scu.o
 .debug_aranges
                0x00000488      0x120 ./Libraries/XMCLib/src/xmc_can.o
 .debug_aranges
                0x000005a8       0x28 ./Libraries/XMCLib/src/xmc_gpio.o
 .debug_aranges
                0x000005d0       0x28 ./Libraries/Newlib/syscalls.o
 .debug_aranges
                0x000005f8       0x28 ./Dave/Generated/MULTICAN_CONFIG/multican_config.o
 .debug_aranges
                0x00000620       0x60 ./Dave/Generated/MULTICAN_CONFIG/multican_config_conf.o
 .debug_aranges
                0x00000680       0x28 ./Dave/Generated/GLOBAL_CAN/global_can.o
 .debug_aranges
                0x000006a8       0x18 ./Dave/Generated/GLOBAL_CAN/global_can_conf.o
 .debug_aranges
                0x000006c0       0x28 ./Dave/Generated/DIGITAL_IO/digital_io.o
 .debug_aranges
                0x000006e8       0x18 ./Dave/Generated/DIGITAL_IO/digital_io_conf.o
 .debug_aranges
                0x00000700       0x38 ./Dave/Generated/CLOCK_XMC4/clock_xmc4.o
 .debug_aranges
                0x00000738       0x28 ./Dave/Generated/CLOCK_XMC4/clock_xmc4_conf.o
 .debug_aranges
                0x00000760       0x20 ./Dave/Generated/DAVE.o
 .debug_aranges
                0x00000780       0x28 ./main.o
 .debug_aranges
                0x000007a8       0xe0 ./morelle_bms.o

.debug_pubnames
 *(.debug_pubnames)

.debug_pubtypes
 *(.debug_pubtypes)

.debug_info     0x00000000     0xb46b
 *(.debug_info .gnu.linkonce.wi.*)
 .debug_info    0x00000000       0x97 ./Startup/startup_XMC4800.o
 .debug_info    0x00000097      0xa42 ./Startup/system_XMC4800.o
 .debug_info    0x00000ad9      0x4dd ./Libraries/XMCLib/src/xmc4_gpio.o
 .debug_info    0x00000fb6     0x24b2 ./Libraries/XMCLib/src/xmc4_scu.o
 .debug_info    0x00003468     0x14f9 ./Libraries/XMCLib/src/xmc_can.o
 .debug_info    0x00004961      0x458 ./Libraries/XMCLib/src/xmc_gpio.o
 .debug_info    0x00004db9      0x11f ./Libraries/Newlib/syscalls.o
 .debug_info    0x00004ed8      0xc21 ./Dave/Generated/MULTICAN_CONFIG/multican_config.o
 .debug_info    0x00005af9      0xeb2 ./Dave/Generated/MULTICAN_CONFIG/multican_config_conf.o
 .debug_info    0x000069ab      0x45e ./Dave/Generated/GLOBAL_CAN/global_can.o
 .debug_info    0x00006e09      0x384 ./Dave/Generated/GLOBAL_CAN/global_can_conf.o
 .debug_info    0x0000718d      0x597 ./Dave/Generated/DIGITAL_IO/digital_io.o
 .debug_info    0x00007724      0x4d2 ./Dave/Generated/DIGITAL_IO/digital_io_conf.o
 .debug_info    0x00007bf6      0x2dd ./Dave/Generated/CLOCK_XMC4/clock_xmc4.o
 .debug_info    0x00007ed3      0x659 ./Dave/Generated/CLOCK_XMC4/clock_xmc4_conf.o
 .debug_info    0x0000852c      0xf30 ./Dave/Generated/DAVE.o
 .debug_info    0x0000945c      0x734 ./main.o
 .debug_info    0x00009b90     0x18db ./morelle_bms.o

.debug_abbrev   0x00000000     0x1cd3
 *(.debug_abbrev)
 .debug_abbrev  0x00000000       0x14 ./Startup/startup_XMC4800.o
 .debug_abbrev  0x00000014      0x1f1 ./Startup/system_XMC4800.o
 .debug_abbrev  0x00000205      0x144 ./Libraries/XMCLib/src/xmc4_gpio.o
 .debug_abbrev  0x00000349      0x2a3 ./Libraries/XMCLib/src/xmc4_scu.o
 .debug_abbrev  0x000005ec      0x2ee ./Libraries/XMCLib/src/xmc_can.o
 .debug_abbrev  0x000008da      0x144 ./Libraries/XMCLib/src/xmc_gpio.o
 .debug_abbrev  0x00000a1e       0xbd ./Libraries/Newlib/syscalls.o
 .debug_abbrev  0x00000adb      0x1e2 ./Dave/Generated/MULTICAN_CONFIG/multican_config.o
 .debug_abbrev  0x00000cbd      0x1ed ./Dave/Generated/MULTICAN_CONFIG/multican_config_conf.o
 .debug_abbrev  0x00000eaa      0x17e ./Dave/Generated/GLOBAL_CAN/global_can.o
 .debug_abbrev  0x00001028      0x124 ./Dave/Generated/GLOBAL_CAN/global_can_conf.o
 .debug_abbrev  0x0000114c      0x171 ./Dave/Generated/DIGITAL_IO/digital_io.o
 .debug_abbrev  0x000012bd      0x126 ./Dave/Generated/DIGITAL_IO/digital_io_conf.o
 .debug_abbrev  0x000013e3      0x13d ./Dave/Generated/CLOCK_XMC4/clock_xmc4.o
 .debug_abbrev  0x00001520      0x168 ./Dave/Generated/CLOCK_XMC4/clock_xmc4_conf.o
 .debug_abbrev  0x00001688      0x1b7 ./Dave/Generated/DAVE.o
 .debug_abbrev  0x0000183f      0x1b1 ./main.o
 .debug_abbrev  0x000019f0      0x2e3 ./morelle_bms.o

.debug_line     0x00000000     0x472a
 *(.debug_line)
 .debug_line    0x00000000       0x87 ./Startup/startup_XMC4800.o
 .debug_line    0x00000087      0x37d ./Startup/system_XMC4800.o
 .debug_line    0x00000404      0x253 ./Libraries/XMCLib/src/xmc4_gpio.o
 .debug_line    0x00000657      0xea4 ./Libraries/XMCLib/src/xmc4_scu.o
 .debug_line    0x000014fb      0x716 ./Libraries/XMCLib/src/xmc_can.o
 .debug_line    0x00001c11      0x240 ./Libraries/XMCLib/src/xmc_gpio.o
 .debug_line    0x00001e51       0xd0 ./Libraries/Newlib/syscalls.o
 .debug_line    0x00001f21      0x3d7 ./Dave/Generated/MULTICAN_CONFIG/multican_config.o
 .debug_line    0x000022f8      0x458 ./Dave/Generated/MULTICAN_CONFIG/multican_config_conf.o
 .debug_line    0x00002750      0x355 ./Dave/Generated/GLOBAL_CAN/global_can.o
 .debug_line    0x00002aa5      0x2c1 ./Dave/Generated/GLOBAL_CAN/global_can_conf.o
 .debug_line    0x00002d66      0x2c5 ./Dave/Generated/DIGITAL_IO/digital_io.o
 .debug_line    0x0000302b      0x234 ./Dave/Generated/DIGITAL_IO/digital_io_conf.o
 .debug_line    0x0000325f      0x2fb ./Dave/Generated/CLOCK_XMC4/clock_xmc4.o
 .debug_line    0x0000355a      0x2f5 ./Dave/Generated/CLOCK_XMC4/clock_xmc4_conf.o
 .debug_line    0x0000384f      0x3e2 ./Dave/Generated/DAVE.o
 .debug_line    0x00003c31      0x379 ./main.o
 .debug_line    0x00003faa      0x780 ./morelle_bms.o

.debug_frame    0x00000000     0x2d50
 *(.debug_frame)
 .debug_frame   0x00000000       0xec ./Startup/system_XMC4800.o
 .debug_frame   0x000000ec       0x60 ./Libraries/XMCLib/src/xmc4_gpio.o
 .debug_frame   0x0000014c     0x12ac ./Libraries/XMCLib/src/xmc4_scu.o
 .debug_frame   0x000013f8      0x538 ./Libraries/XMCLib/src/xmc_can.o
 .debug_frame   0x00001930       0x60 ./Libraries/XMCLib/src/xmc_gpio.o
 .debug_frame   0x00001990       0x5c ./Libraries/Newlib/syscalls.o
 .debug_frame   0x000019ec       0x60 ./Dave/Generated/MULTICAN_CONFIG/multican_config.o
 .debug_frame   0x00001a4c      0x178 ./Dave/Generated/MULTICAN_CONFIG/multican_config_conf.o
 .debug_frame   0x00001bc4       0x60 ./Dave/Generated/GLOBAL_CAN/global_can.o
 .debug_frame   0x00001c24       0x60 ./Dave/Generated/DIGITAL_IO/digital_io.o
 .debug_frame   0x00001c84       0xac ./Dave/Generated/CLOCK_XMC4/clock_xmc4.o
 .debug_frame   0x00001d30       0x64 ./Dave/Generated/CLOCK_XMC4/clock_xmc4_conf.o
 .debug_frame   0x00001d94       0x38 ./Dave/Generated/DAVE.o
 .debug_frame   0x00001dcc       0x64 ./main.o
 .debug_frame   0x00001e30      0x3fc ./morelle_bms.o
 .debug_frame   0x0000222c       0x20 c:/infineon/tools/dave ide/4.5.0.202105191637/eclipse/arm-gcc-49/bin/../lib/gcc/arm-none-eabi/4.9.3/../../../../arm-none-eabi/lib/armv7e-m/softfp\libg_nano.a(lib_a-errno.o)
 .debug_frame   0x0000224c       0x2c c:/infineon/tools/dave ide/4.5.0.202105191637/eclipse/arm-gcc-49/bin/../lib/gcc/arm-none-eabi/4.9.3/../../../../arm-none-eabi/lib/armv7e-m/softfp\libg_nano.a(lib_a-init.o)
 .debug_frame   0x00002278       0x28 c:/infineon/tools/dave ide/4.5.0.202105191637/eclipse/arm-gcc-49/bin/../lib/gcc/arm-none-eabi/4.9.3/../../../../arm-none-eabi/lib/armv7e-m/softfp\libg_nano.a(lib_a-memcpy.o)
 .debug_frame   0x000022a0       0x20 c:/infineon/tools/dave ide/4.5.0.202105191637/eclipse/arm-gcc-49/bin/../lib/gcc/arm-none-eabi/4.9.3/../../../../arm-none-eabi/lib/armv7e-m/softfp\libg_nano.a(lib_a-memset.o)
 .debug_frame   0x000022c0       0x74 c:/infineon/tools/dave ide/4.5.0.202105191637/eclipse/arm-gcc-49/bin/../lib/gcc/arm-none-eabi/4.9.3/../../../../arm-none-eabi/lib/armv7e-m/softfp\libg_nano.a(lib_a-printf.o)
 .debug_frame   0x00002334       0x58 c:/infineon/tools/dave ide/4.5.0.202105191637/eclipse/arm-gcc-49/bin/../lib/gcc/arm-none-eabi/4.9.3/../../../../arm-none-eabi/lib/armv7e-m/softfp\libg_nano.a(lib_a-putchar.o)
 .debug_frame   0x0000238c       0x3c c:/infineon/tools/dave ide/4.5.0.202105191637/eclipse/arm-gcc-49/bin/../lib/gcc/arm-none-eabi/4.9.3/../../../../arm-none-eabi/lib/armv7e-m/softfp\libg_nano.a(lib_a-puts.o)
 .debug_frame   0x000023c8       0x3c c:/infineon/tools/dave ide/4.5.0.202105191637/eclipse/arm-gcc-49/bin/../lib/gcc/arm-none-eabi/4.9.3/../../../../arm-none-eabi/lib/armv7e-m/softfp\libg_nano.a(lib_a-wbuf.o)
 .debug_frame   0x00002404       0x2c c:/infineon/tools/dave ide/4.5.0.202105191637/eclipse/arm-gcc-49/bin/../lib/gcc/arm-none-eabi/4.9.3/../../../../arm-none-eabi/lib/armv7e-m/softfp\libg_nano.a(lib_a-wsetup.o)
 .debug_frame   0x00002430       0x68 c:/infineon/tools/dave ide/4.5.0.202105191637/eclipse/arm-gcc-49/bin/../lib/gcc/arm-none-eabi/4.9.3/../../../../arm-none-eabi/lib/armv7e-m/softfp\libg_nano.a(lib_a-fflush.o)
 .debug_frame   0x00002498      0x11c c:/infineon/tools/dave ide/4.5.0.202105191637/eclipse/arm-gcc-49/bin/../lib/gcc/arm-none-eabi/4.9.3/../../../../arm-none-eabi/lib/armv7e-m/softfp\libg_nano.a(lib_a-findfp.o)
 .debug_frame   0x000025b4       0x54 c:/infineon/tools/dave ide/4.5.0.202105191637/eclipse/arm-gcc-49/bin/../lib/gcc/arm-none-eabi/4.9.3/../../../../arm-none-eabi/lib/armv7e-m/softfp\libg_nano.a(lib_a-fwalk.o)
 .debug_frame   0x00002608       0x34 c:/infineon/tools/dave ide/4.5.0.202105191637/eclipse/arm-gcc-49/bin/../lib/gcc/arm-none-eabi/4.9.3/../../../../arm-none-eabi/lib/armv7e-m/softfp\libg_nano.a(lib_a-makebuf.o)
 .debug_frame   0x0000263c       0x2c c:/infineon/tools/dave ide/4.5.0.202105191637/eclipse/arm-gcc-49/bin/../lib/gcc/arm-none-eabi/4.9.3/../../../../arm-none-eabi/lib/armv7e-m/softfp\libg_nano.a(lib_a-nano-freer.o)
 .debug_frame   0x00002668       0x2c c:/infineon/tools/dave ide/4.5.0.202105191637/eclipse/arm-gcc-49/bin/../lib/gcc/arm-none-eabi/4.9.3/../../../../arm-none-eabi/lib/armv7e-m/softfp\libg_nano.a(lib_a-nano-mallocr.o)
 .debug_frame   0x00002694       0xb8 c:/infineon/tools/dave ide/4.5.0.202105191637/eclipse/arm-gcc-49/bin/../lib/gcc/arm-none-eabi/4.9.3/../../../../arm-none-eabi/lib/armv7e-m/softfp\libg_nano.a(lib_a-nano-vfprintf.o)
 .debug_frame   0x0000274c       0x58 c:/infineon/tools/dave ide/4.5.0.202105191637/eclipse/arm-gcc-49/bin/../lib/gcc/arm-none-eabi/4.9.3/../../../../arm-none-eabi/lib/armv7e-m/softfp\libg_nano.a(lib_a-nano-vfprintf_i.o)
 .debug_frame   0x000027a4       0x48 c:/infineon/tools/dave ide/4.5.0.202105191637/eclipse/arm-gcc-49/bin/../lib/gcc/arm-none-eabi/4.9.3/../../../../arm-none-eabi/lib/armv7e-m/softfp\libg_nano.a(lib_a-putc.o)
 .debug_frame   0x000027ec       0x2c c:/infineon/tools/dave ide/4.5.0.202105191637/eclipse/arm-gcc-49/bin/../lib/gcc/arm-none-eabi/4.9.3/../../../../arm-none-eabi/lib/armv7e-m/softfp\libg_nano.a(lib_a-sbrkr.o)
 .debug_frame   0x00002818       0x88 c:/infineon/tools/dave ide/4.5.0.202105191637/eclipse/arm-gcc-49/bin/../lib/gcc/arm-none-eabi/4.9.3/../../../../arm-none-eabi/lib/armv7e-m/softfp\libg_nano.a(lib_a-stdio.o)
 .debug_frame   0x000028a0       0x2c c:/infineon/tools/dave ide/4.5.0.202105191637/eclipse/arm-gcc-49/bin/../lib/gcc/arm-none-eabi/4.9.3/../../../../arm-none-eabi/lib/armv7e-m/softfp\libg_nano.a(lib_a-writer.o)
 .debug_frame   0x000028cc       0x2c c:/infineon/tools/dave ide/4.5.0.202105191637/eclipse/arm-gcc-49/bin/../lib/gcc/arm-none-eabi/4.9.3/../../../../arm-none-eabi/lib/armv7e-m/softfp\libg_nano.a(lib_a-closer.o)
 .debug_frame   0x000028f8       0x2c c:/infineon/tools/dave ide/4.5.0.202105191637/eclipse/arm-gcc-49/bin/../lib/gcc/arm-none-eabi/4.9.3/../../../../arm-none-eabi/lib/armv7e-m/softfp\libg_nano.a(lib_a-fstatr.o)
 .debug_frame   0x00002924       0x2c c:/infineon/tools/dave ide/4.5.0.202105191637/eclipse/arm-gcc-49/bin/../lib/gcc/arm-none-eabi/4.9.3/../../../../arm-none-eabi/lib/armv7e-m/softfp\libg_nano.a(lib_a-isattyr.o)
 .debug_frame   0x00002950       0x2c c:/infineon/tools/dave ide/4.5.0.202105191637/eclipse/arm-gcc-49/bin/../lib/gcc/arm-none-eabi/4.9.3/../../../../arm-none-eabi/lib/armv7e-m/softfp\libg_nano.a(lib_a-lseekr.o)
 .debug_frame   0x0000297c       0x28 c:/infineon/tools/dave ide/4.5.0.202105191637/eclipse/arm-gcc-49/bin/../lib/gcc/arm-none-eabi/4.9.3/../../../../arm-none-eabi/lib/armv7e-m/softfp\libg_nano.a(lib_a-memchr.o)
 .debug_frame   0x000029a4       0x2c c:/infineon/tools/dave ide/4.5.0.202105191637/eclipse/arm-gcc-49/bin/../lib/gcc/arm-none-eabi/4.9.3/../../../../arm-none-eabi/lib/armv7e-m/softfp\libg_nano.a(lib_a-readr.o)
 .debug_frame   0x000029d0       0x5c c:/infineon/tools/dave ide/4.5.0.202105191637/eclipse/arm-gcc-49/bin/../lib/gcc/arm-none-eabi/4.9.3/../../../../arm-none-eabi/lib/armv7e-m/softfp\libg_nano.a(lib_a-reent.o)
 .debug_frame   0x00002a2c      0x324 c:/infineon/tools/dave ide/4.5.0.202105191637/eclipse/arm-gcc-49/bin/../lib/gcc/arm-none-eabi/4.9.3/../../../../arm-none-eabi/lib/armv7e-m/softfp\librdimon_nano.a(rdimon-syscalls.o)

.debug_str      0x00000000     0x51b4
 *(.debug_str)
 .debug_str     0x00000000      0x61a ./Startup/system_XMC4800.o
                                0x686 (size before relaxing)
 .debug_str     0x0000061a      0x544 ./Libraries/XMCLib/src/xmc4_gpio.o
                                0x7f6 (size before relaxing)
 .debug_str     0x00000b5e     0x23f7 ./Libraries/XMCLib/src/xmc4_scu.o
                               0x299e (size before relaxing)
 .debug_str     0x00002f55      0xbb4 ./Libraries/XMCLib/src/xmc_can.o
                               0x1576 (size before relaxing)
 .debug_str     0x00003b09       0xca ./Libraries/XMCLib/src/xmc_gpio.o
                                0x6a4 (size before relaxing)
 .debug_str     0x00003bd3       0x6a ./Libraries/Newlib/syscalls.o
                                0x232 (size before relaxing)
 .debug_str     0x00003c3d      0x67a ./Dave/Generated/MULTICAN_CONFIG/multican_config.o
                                0xce8 (size before relaxing)
 .debug_str     0x000042b7      0x37f ./Dave/Generated/MULTICAN_CONFIG/multican_config_conf.o
                               0x1079 (size before relaxing)
 .debug_str     0x00004636       0xad ./Dave/Generated/GLOBAL_CAN/global_can.o
                                0x494 (size before relaxing)
 .debug_str     0x000046e3       0x2f ./Dave/Generated/GLOBAL_CAN/global_can_conf.o
                                0x3c3 (size before relaxing)
 .debug_str     0x00004712       0xdf ./Dave/Generated/DIGITAL_IO/digital_io.o
                                0x933 (size before relaxing)
 .debug_str     0x000047f1       0x3c ./Dave/Generated/DIGITAL_IO/digital_io_conf.o
                                0x881 (size before relaxing)
 .debug_str     0x0000482d       0xe7 ./Dave/Generated/CLOCK_XMC4/clock_xmc4.o
                                0x3e7 (size before relaxing)
 .debug_str     0x00004914       0xe5 ./Dave/Generated/CLOCK_XMC4/clock_xmc4_conf.o
                                0x96f (size before relaxing)
 .debug_str     0x000049f9       0x65 ./Dave/Generated/DAVE.o
                               0x128b (size before relaxing)
 .debug_str     0x00004a5e      0x210 ./main.o
                                0x59d (size before relaxing)
 .debug_str     0x00004c6e      0x546 ./morelle_bms.o
                               0x19a2 (size before relaxing)

.debug_loc      0x00000000     0x4680
 *(.debug_loc)
 .debug_loc     0x00000000      0x1a4 ./Startup/system_XMC4800.o
 .debug_loc     0x000001a4       0xb8 ./Libraries/XMCLib/src/xmc4_gpio.o
 .debug_loc     0x0000025c     0x2708 ./Libraries/XMCLib/src/xmc4_scu.o
 .debug_loc     0x00002964      0xb68 ./Libraries/XMCLib/src/xmc_can.o
 .debug_loc     0x000034cc       0xb8 ./Libraries/XMCLib/src/xmc_gpio.o
 .debug_loc     0x00003584       0x94 ./Libraries/Newlib/syscalls.o
 .debug_loc     0x00003618       0xac ./Dave/Generated/MULTICAN_CONFIG/multican_config.o
 .debug_loc     0x000036c4      0x330 ./Dave/Generated/MULTICAN_CONFIG/multican_config_conf.o
 .debug_loc     0x000039f4       0xac ./Dave/Generated/GLOBAL_CAN/global_can.o
 .debug_loc     0x00003aa0       0xac ./Dave/Generated/DIGITAL_IO/digital_io.o
 .debug_loc     0x00003b4c      0x14c ./Dave/Generated/CLOCK_XMC4/clock_xmc4.o
 .debug_loc     0x00003c98       0xac ./Dave/Generated/CLOCK_XMC4/clock_xmc4_conf.o
 .debug_loc     0x00003d44       0x50 ./Dave/Generated/DAVE.o
 .debug_loc     0x00003d94       0x96 ./main.o
 .debug_loc     0x00003e2a      0x856 ./morelle_bms.o

.debug_macinfo
 *(.debug_macinfo)

.debug_ranges   0x00000000      0x748
 *(.debug_ranges)
 .debug_ranges  0x00000000       0x38 ./Startup/system_XMC4800.o
 .debug_ranges  0x00000038       0x18 ./Libraries/XMCLib/src/xmc4_gpio.o
 .debug_ranges  0x00000050      0x3e8 ./Libraries/XMCLib/src/xmc4_scu.o
 .debug_ranges  0x00000438      0x110 ./Libraries/XMCLib/src/xmc_can.o
 .debug_ranges  0x00000548       0x18 ./Libraries/XMCLib/src/xmc_gpio.o
 .debug_ranges  0x00000560       0x18 ./Libraries/Newlib/syscalls.o
 .debug_ranges  0x00000578       0x18 ./Dave/Generated/MULTICAN_CONFIG/multican_config.o
 .debug_ranges  0x00000590       0x50 ./Dave/Generated/MULTICAN_CONFIG/multican_config_conf.o
 .debug_ranges  0x000005e0       0x18 ./Dave/Generated/GLOBAL_CAN/global_can.o
 .debug_ranges  0x000005f8       0x18 ./Dave/Generated/DIGITAL_IO/digital_io.o
 .debug_ranges  0x00000610       0x28 ./Dave/Generated/CLOCK_XMC4/clock_xmc4.o
 .debug_ranges  0x00000638       0x18 ./Dave/Generated/CLOCK_XMC4/clock_xmc4_conf.o
 .debug_ranges  0x00000650       0x10 ./Dave/Generated/DAVE.o
 .debug_ranges  0x00000660       0x18 ./main.o
 .debug_ranges  0x00000678       0xd0 ./morelle_bms.o

.debug_weaknames
 *(.debug_weaknames)

.debug_funcnames
 *(.debug_funcnames)

.debug_typenames
 *(.debug_typenames)

.debug_varnames
 *(.debug_varnames)

.build_attributes
                0x00000000      0x9a8
 *(.ARM.attributes)
 .ARM.attributes
                0x00000000       0x25 ./Startup/startup_XMC4800.o
 .ARM.attributes
                0x00000025       0x37 ./Startup/system_XMC4800.o
 .ARM.attributes
                0x0000005c       0x37 ./Libraries/XMCLib/src/xmc4_gpio.o
 .ARM.attributes
                0x00000093       0x37 ./Libraries/XMCLib/src/xmc4_scu.o
 .ARM.attributes
                0x000000ca       0x37 ./Libraries/XMCLib/src/xmc_can.o
 .ARM.attributes
                0x00000101       0x37 ./Libraries/XMCLib/src/xmc_gpio.o
 .ARM.attributes
                0x00000138       0x37 ./Libraries/Newlib/syscalls.o
 .ARM.attributes
                0x0000016f       0x37 ./Dave/Generated/MULTICAN_CONFIG/multican_config.o
 .ARM.attributes
                0x000001a6       0x37 ./Dave/Generated/MULTICAN_CONFIG/multican_config_conf.o
 .ARM.attributes
                0x000001dd       0x37 ./Dave/Generated/GLOBAL_CAN/global_can.o
 .ARM.attributes
                0x00000214       0x37 ./Dave/Generated/GLOBAL_CAN/global_can_conf.o
 .ARM.attributes
                0x0000024b       0x37 ./Dave/Generated/DIGITAL_IO/digital_io.o
 .ARM.attributes
                0x00000282       0x37 ./Dave/Generated/DIGITAL_IO/digital_io_conf.o
 .ARM.attributes
                0x000002b9       0x37 ./Dave/Generated/CLOCK_XMC4/clock_xmc4.o
 .ARM.attributes
                0x000002f0       0x37 ./Dave/Generated/CLOCK_XMC4/clock_xmc4_conf.o
 .ARM.attributes
                0x00000327       0x37 ./Dave/Generated/DAVE.o
 .ARM.attributes
                0x0000035e       0x37 ./main.o
 .ARM.attributes
                0x00000395       0x37 ./morelle_bms.o
 .ARM.attributes
                0x000003cc       0x32 c:/infineon/tools/dave ide/4.5.0.202105191637/eclipse/arm-gcc-49/bin/../lib/gcc/arm-none-eabi/4.9.3/../../../../arm-none-eabi/lib/armv7e-m/softfp\libg_nano.a(lib_a-errno.o)
 .ARM.attributes
                0x000003fe       0x32 c:/infineon/tools/dave ide/4.5.0.202105191637/eclipse/arm-gcc-49/bin/../lib/gcc/arm-none-eabi/4.9.3/../../../../arm-none-eabi/lib/armv7e-m/softfp\libg_nano.a(lib_a-impure.o)
 .ARM.attributes
                0x00000430       0x32 c:/infineon/tools/dave ide/4.5.0.202105191637/eclipse/arm-gcc-49/bin/../lib/gcc/arm-none-eabi/4.9.3/../../../../arm-none-eabi/lib/armv7e-m/softfp\libg_nano.a(lib_a-init.o)
 .ARM.attributes
                0x00000462       0x32 c:/infineon/tools/dave ide/4.5.0.202105191637/eclipse/arm-gcc-49/bin/../lib/gcc/arm-none-eabi/4.9.3/../../../../arm-none-eabi/lib/armv7e-m/softfp\libg_nano.a(lib_a-memcpy.o)
 .ARM.attributes
                0x00000494       0x32 c:/infineon/tools/dave ide/4.5.0.202105191637/eclipse/arm-gcc-49/bin/../lib/gcc/arm-none-eabi/4.9.3/../../../../arm-none-eabi/lib/armv7e-m/softfp\libg_nano.a(lib_a-memset.o)
 .ARM.attributes
                0x000004c6       0x32 c:/infineon/tools/dave ide/4.5.0.202105191637/eclipse/arm-gcc-49/bin/../lib/gcc/arm-none-eabi/4.9.3/../../../../arm-none-eabi/lib/armv7e-m/softfp\libg_nano.a(lib_a-printf.o)
 .ARM.attributes
                0x000004f8       0x32 c:/infineon/tools/dave ide/4.5.0.202105191637/eclipse/arm-gcc-49/bin/../lib/gcc/arm-none-eabi/4.9.3/../../../../arm-none-eabi/lib/armv7e-m/softfp\libg_nano.a(lib_a-putchar.o)
 .ARM.attributes
                0x0000052a       0x32 c:/infineon/tools/dave ide/4.5.0.202105191637/eclipse/arm-gcc-49/bin/../lib/gcc/arm-none-eabi/4.9.3/../../../../arm-none-eabi/lib/armv7e-m/softfp\libg_nano.a(lib_a-puts.o)
 .ARM.attributes
                0x0000055c       0x32 c:/infineon/tools/dave ide/4.5.0.202105191637/eclipse/arm-gcc-49/bin/../lib/gcc/arm-none-eabi/4.9.3/../../../../arm-none-eabi/lib/armv7e-m/softfp\libg_nano.a(lib_a-wbuf.o)
 .ARM.attributes
                0x0000058e       0x32 c:/infineon/tools/dave ide/4.5.0.202105191637/eclipse/arm-gcc-49/bin/../lib/gcc/arm-none-eabi/4.9.3/../../../../arm-none-eabi/lib/armv7e-m/softfp\libg_nano.a(lib_a-wsetup.o)
 .ARM.attributes
                0x000005c0       0x32 c:/infineon/tools/dave ide/4.5.0.202105191637/eclipse/arm-gcc-49/bin/../lib/gcc/arm-none-eabi/4.9.3/../../../../arm-none-eabi/lib/armv7e-m/softfp\libg_nano.a(lib_a-fflush.o)
 .ARM.attributes
                0x000005f2       0x32 c:/infineon/tools/dave ide/4.5.0.202105191637/eclipse/arm-gcc-49/bin/../lib/gcc/arm-none-eabi/4.9.3/../../../../arm-none-eabi/lib/armv7e-m/softfp\libg_nano.a(lib_a-findfp.o)
 .ARM.attributes
                0x00000624       0x32 c:/infineon/tools/dave ide/4.5.0.202105191637/eclipse/arm-gcc-49/bin/../lib/gcc/arm-none-eabi/4.9.3/../../../../arm-none-eabi/lib/armv7e-m/softfp\libg_nano.a(lib_a-fwalk.o)
 .ARM.attributes
                0x00000656       0x32 c:/infineon/tools/dave ide/4.5.0.202105191637/eclipse/arm-gcc-49/bin/../lib/gcc/arm-none-eabi/4.9.3/../../../../arm-none-eabi/lib/armv7e-m/softfp\libg_nano.a(lib_a-makebuf.o)
 .ARM.attributes
                0x00000688       0x32 c:/infineon/tools/dave ide/4.5.0.202105191637/eclipse/arm-gcc-49/bin/../lib/gcc/arm-none-eabi/4.9.3/../../../../arm-none-eabi/lib/armv7e-m/softfp\libg_nano.a(lib_a-nano-freer.o)
 .ARM.attributes
                0x000006ba       0x32 c:/infineon/tools/dave ide/4.5.0.202105191637/eclipse/arm-gcc-49/bin/../lib/gcc/arm-none-eabi/4.9.3/../../../../arm-none-eabi/lib/armv7e-m/softfp\libg_nano.a(lib_a-nano-mallocr.o)
 .ARM.attributes
                0x000006ec       0x32 c:/infineon/tools/dave ide/4.5.0.202105191637/eclipse/arm-gcc-49/bin/../lib/gcc/arm-none-eabi/4.9.3/../../../../arm-none-eabi/lib/armv7e-m/softfp\libg_nano.a(lib_a-nano-vfprintf.o)
 .ARM.attributes
                0x0000071e       0x32 c:/infineon/tools/dave ide/4.5.0.202105191637/eclipse/arm-gcc-49/bin/../lib/gcc/arm-none-eabi/4.9.3/../../../../arm-none-eabi/lib/armv7e-m/softfp\libg_nano.a(lib_a-nano-vfprintf_i.o)
 .ARM.attributes
                0x00000750       0x32 c:/infineon/tools/dave ide/4.5.0.202105191637/eclipse/arm-gcc-49/bin/../lib/gcc/arm-none-eabi/4.9.3/../../../../arm-none-eabi/lib/armv7e-m/softfp\libg_nano.a(lib_a-putc.o)
 .ARM.attributes
                0x00000782       0x32 c:/infineon/tools/dave ide/4.5.0.202105191637/eclipse/arm-gcc-49/bin/../lib/gcc/arm-none-eabi/4.9.3/../../../../arm-none-eabi/lib/armv7e-m/softfp\libg_nano.a(lib_a-sbrkr.o)
 .ARM.attributes
                0x000007b4       0x32 c:/infineon/tools/dave ide/4.5.0.202105191637/eclipse/arm-gcc-49/bin/../lib/gcc/arm-none-eabi/4.9.3/../../../../arm-none-eabi/lib/armv7e-m/softfp\libg_nano.a(lib_a-stdio.o)
 .ARM.attributes
                0x000007e6       0x32 c:/infineon/tools/dave ide/4.5.0.202105191637/eclipse/arm-gcc-49/bin/../lib/gcc/arm-none-eabi/4.9.3/../../../../arm-none-eabi/lib/armv7e-m/softfp\libg_nano.a(lib_a-writer.o)
 .ARM.attributes
                0x00000818       0x32 c:/infineon/tools/dave ide/4.5.0.202105191637/eclipse/arm-gcc-49/bin/../lib/gcc/arm-none-eabi/4.9.3/../../../../arm-none-eabi/lib/armv7e-m/softfp\libg_nano.a(lib_a-closer.o)
 .ARM.attributes
                0x0000084a       0x32 c:/infineon/tools/dave ide/4.5.0.202105191637/eclipse/arm-gcc-49/bin/../lib/gcc/arm-none-eabi/4.9.3/../../../../arm-none-eabi/lib/armv7e-m/softfp\libg_nano.a(lib_a-fstatr.o)
 .ARM.attributes
                0x0000087c       0x32 c:/infineon/tools/dave ide/4.5.0.202105191637/eclipse/arm-gcc-49/bin/../lib/gcc/arm-none-eabi/4.9.3/../../../../arm-none-eabi/lib/armv7e-m/softfp\libg_nano.a(lib_a-isattyr.o)
 .ARM.attributes
                0x000008ae       0x32 c:/infineon/tools/dave ide/4.5.0.202105191637/eclipse/arm-gcc-49/bin/../lib/gcc/arm-none-eabi/4.9.3/../../../../arm-none-eabi/lib/armv7e-m/softfp\libg_nano.a(lib_a-lseekr.o)
 .ARM.attributes
                0x000008e0       0x32 c:/infineon/tools/dave ide/4.5.0.202105191637/eclipse/arm-gcc-49/bin/../lib/gcc/arm-none-eabi/4.9.3/../../../../arm-none-eabi/lib/armv7e-m/softfp\libg_nano.a(lib_a-memchr.o)
 .ARM.attributes
                0x00000912       0x32 c:/infineon/tools/dave ide/4.5.0.202105191637/eclipse/arm-gcc-49/bin/../lib/gcc/arm-none-eabi/4.9.3/../../../../arm-none-eabi/lib/armv7e-m/softfp\libg_nano.a(lib_a-readr.o)
 .ARM.attributes
                0x00000944       0x32 c:/infineon/tools/dave ide/4.5.0.202105191637/eclipse/arm-gcc-49/bin/../lib/gcc/arm-none-eabi/4.9.3/../../../../arm-none-eabi/lib/armv7e-m/softfp\libg_nano.a(lib_a-reent.o)
 .ARM.attributes
                0x00000976       0x32 c:/infineon/tools/dave ide/4.5.0.202105191637/eclipse/arm-gcc-49/bin/../lib/gcc/arm-none-eabi/4.9.3/../../../../arm-none-eabi/lib/armv7e-m/softfp\librdimon_nano.a(rdimon-syscalls.o)
OUTPUT(Morelle_BMS.elf elf32-littlearm)
