Archive member included because of file (symbol)

c:/infineon/tools/dave ide/4.5.0.202105191637/eclipse/arm-gcc-49/bin/../lib/gcc/arm-none-eabi/4.9.3/../../../../arm-none-eabi/lib/armv7e-m/softfp\libc_nano.a(lib_a-errno.o)
                              ./Libraries/Newlib/syscalls.o (__errno)
c:/infineon/tools/dave ide/4.5.0.202105191637/eclipse/arm-gcc-49/bin/../lib/gcc/arm-none-eabi/4.9.3/../../../../arm-none-eabi/lib/armv7e-m/softfp\libc_nano.a(lib_a-impure.o)
                              c:/infineon/tools/dave ide/4.5.0.202105191637/eclipse/arm-gcc-49/bin/../lib/gcc/arm-none-eabi/4.9.3/../../../../arm-none-eabi/lib/armv7e-m/softfp\libc_nano.a(lib_a-errno.o) (_impure_ptr)
c:/infineon/tools/dave ide/4.5.0.202105191637/eclipse/arm-gcc-49/bin/../lib/gcc/arm-none-eabi/4.9.3/../../../../arm-none-eabi/lib/armv7e-m/softfp\libc_nano.a(lib_a-init.o)
                              ./Startup/startup_XMC4800.o (__libc_init_array)
c:/infineon/tools/dave ide/4.5.0.202105191637/eclipse/arm-gcc-49/bin/../lib/gcc/arm-none-eabi/4.9.3/../../../../arm-none-eabi/lib/armv7e-m/softfp\libc_nano.a(lib_a-memcpy.o)
                              ./Libraries/XMCLib/src/xmc_eth_mac.o (memcpy)
c:/infineon/tools/dave ide/4.5.0.202105191637/eclipse/arm-gcc-49/bin/../lib/gcc/arm-none-eabi/4.9.3/../../../../arm-none-eabi/lib/armv7e-m/softfp\libc_nano.a(lib_a-memset.o)
                              ./PMB/pmb_can_emulator.o (memset)

Allocating common symbols
Common symbol       size              file

xmc_device          0x208             ./Libraries/XMCLib/src/xmc_usbd.o

Discarded input sections

 .text          0x00000000        0x0 ./Startup/startup_XMC4800.o
 .data          0x00000000        0x0 ./Startup/startup_XMC4800.o
 .bss           0x00000000        0x0 ./Startup/startup_XMC4800.o
 .text          0x00000000        0x0 ./Startup/system_XMC4800.o
 .data          0x00000000        0x0 ./Startup/system_XMC4800.o
 .bss           0x00000000        0x0 ./Startup/system_XMC4800.o
 .text.delay    0x00000000       0x18 ./Startup/system_XMC4800.o
 .text.OSCHP_GetFrequency
                0x00000000        0x8 ./Startup/system_XMC4800.o
 .text.SystemCoreClockSetup
                0x00000000      0x284 ./Startup/system_XMC4800.o
 .comment       0x00000000       0x71 ./Startup/system_XMC4800.o
 .text          0x00000000        0x0 ./PMB/pmb_can_emulator.o
 .data          0x00000000        0x0 ./PMB/pmb_can_emulator.o
 .bss           0x00000000        0x0 ./PMB/pmb_can_emulator.o
 .comment       0x00000000       0x71 ./PMB/pmb_can_emulator.o
 .text          0x00000000        0x0 ./PMB/pmb_loopback_test.o
 .data          0x00000000        0x0 ./PMB/pmb_loopback_test.o
 .bss           0x00000000        0x0 ./PMB/pmb_loopback_test.o
 .comment       0x00000000       0x71 ./PMB/pmb_loopback_test.o
 .text          0x00000000        0x0 ./Libraries/XMCLib/src/xmc4_eru.o
 .data          0x00000000        0x0 ./Libraries/XMCLib/src/xmc4_eru.o
 .bss           0x00000000        0x0 ./Libraries/XMCLib/src/xmc4_eru.o
 .text.XMC_ERU_Enable
                0x00000000       0x24 ./Libraries/XMCLib/src/xmc4_eru.o
 .text.XMC_ERU_Disable
                0x00000000       0x24 ./Libraries/XMCLib/src/xmc4_eru.o
 .comment       0x00000000       0x71 ./Libraries/XMCLib/src/xmc4_eru.o
 .ARM.attributes
                0x00000000       0x37 ./Libraries/XMCLib/src/xmc4_eru.o
 .text          0x00000000        0x0 ./Libraries/XMCLib/src/xmc4_flash.o
 .data          0x00000000        0x0 ./Libraries/XMCLib/src/xmc4_flash.o
 .bss           0x00000000        0x0 ./Libraries/XMCLib/src/xmc4_flash.o
 .text.XMC_FLASH_lEnterPageModeCommand
                0x00000000        0xc ./Libraries/XMCLib/src/xmc4_flash.o
 .text.XMC_FLASH_lLoadPageCommand
                0x00000000        0xc ./Libraries/XMCLib/src/xmc4_flash.o
 .text.XMC_FLASH_lWritePageCommand
                0x00000000       0x20 ./Libraries/XMCLib/src/xmc4_flash.o
 .text.XMC_FLASH_lWriteUCBPageCommand
                0x00000000       0x20 ./Libraries/XMCLib/src/xmc4_flash.o
 .text.XMC_FLASH_lEraseSectorCommand
                0x00000000       0x24 ./Libraries/XMCLib/src/xmc4_flash.o
 .text.XMC_FLASH_lDisableSectorWriteProtectionCommand
                0x00000000       0x30 ./Libraries/XMCLib/src/xmc4_flash.o
 .text.XMC_FLASH_lDisableReadProtectionCommand
                0x00000000       0x30 ./Libraries/XMCLib/src/xmc4_flash.o
 .text.XMC_FLASH_lClearStatusCommand
                0x00000000        0xc ./Libraries/XMCLib/src/xmc4_flash.o
 .text.XMC_FLASH_ClearStatus
                0x00000000        0xc ./Libraries/XMCLib/src/xmc4_flash.o
 .text.XMC_FLASH_GetStatus
                0x00000000       0x10 ./Libraries/XMCLib/src/xmc4_flash.o
 .text.XMC_FLASH_EnableEvent
                0x00000000       0x14 ./Libraries/XMCLib/src/xmc4_flash.o
 .text.XMC_FLASH_DisableEvent
                0x00000000       0x14 ./Libraries/XMCLib/src/xmc4_flash.o
 .text.XMC_FLASH_ProgramPage
[...]
Memory Configuration

Name             Origin             Length             Attributes
FLASH_1_cached   0x08000000         0x00200000         xr
FLASH_1_uncached 0x0c000000         0x00200000         xr
PSRAM_1          0x1ffe8000         0x00018000         !xr
DSRAM_1_system   0x20000000         0x00020000         !xr
DSRAM_2_comm     0x20020000         0x00020000         !xr
SRAM_combined    0x1ffe8000         0x00058000         !xr
*default*        0x00000000         0xffffffff

Linker script and memory map

LOAD ./Startup/startup_XMC4800.o
LOAD ./Startup/system_XMC4800.o
LOAD ./PMB/pmb_can_emulator.o
LOAD ./PMB/pmb_loopback_test.o
LOAD ./Libraries/XMCLib/src/xmc4_eru.o
LOAD ./Libraries/XMCLib/src/xmc4_flash.o
LOAD ./Libraries/XMCLib/src/xmc4_gpio.o
LOAD ./Libraries/XMCLib/src/xmc4_rtc.o
LOAD ./Libraries/XMCLib/src/xmc4_scu.o
LOAD ./Libraries/XMCLib/src/xmc_can.o
LOAD ./Libraries/XMCLib/src/xmc_ccu4.o
LOAD ./Libraries/XMCLib/src/xmc_ccu8.o
LOAD ./Libraries/XMCLib/src/xmc_common.o
LOAD ./Libraries/XMCLib/src/xmc_dac.o
LOAD ./Libraries/XMCLib/src/xmc_dma.o
LOAD ./Libraries/XMCLib/src/xmc_dsd.o
LOAD ./Libraries/XMCLib/src/xmc_ebu.o
LOAD ./Libraries/XMCLib/src/xmc_ecat.o
LOAD ./Libraries/XMCLib/src/xmc_eru.o
LOAD ./Libraries/XMCLib/src/xmc_eth_mac.o
LOAD ./Libraries/XMCLib/src/xmc_eth_phy_dp83848.o
LOAD ./Libraries/XMCLib/src/xmc_eth_phy_ksz8031rnl.o
LOAD ./Libraries/XMCLib/src/xmc_eth_phy_ksz8081rnb.o
LOAD ./Libraries/XMCLib/src/xmc_fce.o
LOAD ./Libraries/XMCLib/src/xmc_gpio.o
LOAD ./Libraries/XMCLib/src/xmc_hrpwm.o
LOAD ./Libraries/XMCLib/src/xmc_i2c.o
LOAD ./Libraries/XMCLib/src/xmc_i2s.o
LOAD ./Libraries/XMCLib/src/xmc_ledts.o
LOAD ./Libraries/XMCLib/src/xmc_posif.o
LOAD ./Libraries/XMCLib/src/xmc_rtc.o
LOAD ./Libraries/XMCLib/src/xmc_sdmmc.o
LOAD ./Libraries/XMCLib/src/xmc_spi.o
LOAD ./Libraries/XMCLib/src/xmc_uart.o
LOAD ./Libraries/XMCLib/src/xmc_usbd.o
LOAD ./Libraries/XMCLib/src/xmc_usbh.o
LOAD ./Libraries/XMCLib/src/xmc_usic.o
LOAD ./Libraries/XMCLib/src/xmc_vadc.o
LOAD ./Libraries/XMCLib/src/xmc_wdt.o
LOAD ./Libraries/Newlib/syscalls.o
LOAD ./Dave/Generated/MULTICAN_CONFIG/multican_config.o
LOAD ./Dave/Generated/MULTICAN_CONFIG/multican_config_conf.o
LOAD ./Dave/Generated/GLOBAL_CAN/global_can.o
LOAD ./Dave/Generated/GLOBAL_CAN/global_can_conf.o
LOAD ./Dave/Generated/DIGITAL_IO/digital_io.o
LOAD ./Dave/Generated/DIGITAL_IO/digital_io_conf.o
LOAD ./Dave/Generated/CLOCK_XMC4/clock_xmc4.o
LOAD ./Dave/Generated/CLOCK_XMC4/clock_xmc4_conf.o
LOAD ./Dave/Generated/DAVE.o
LOAD ./main.o
LOAD c:/infineon/tools/dave ide/4.5.0.202105191637/eclipse/arm-gcc-49/bin/../lib/gcc/arm-none-eabi/4.9.3/../../../../arm-none-eabi/lib/armv7e-m/softfp\libm.a
START GROUP
LOAD c:/infineon/tools/dave ide/4.5.0.202105191637/eclipse/arm-gcc-49/bin/../lib/gcc/arm-none-eabi/4.9.3/armv7e-m/softfp\libgcc.a
LOAD c:/infineon/tools/dave ide/4.5.0.202105191637/eclipse/arm-gcc-49/bin/../lib/gcc/arm-none-eabi/4.9.3/../../../../arm-none-eabi/lib/armv7e-m/softfp\libc_nano.a
END GROUP
START GROUP
LOAD c:/infineon/tools/dave ide/4.5.0.202105191637/eclipse/arm-gcc-49/bin/../lib/gcc/arm-none-eabi/4.9.3/armv7e-m/softfp\libgcc.a
LOAD c:/infineon/tools/dave ide/4.5.0.202105191637/eclipse/arm-gcc-49/bin/../lib/gcc/arm-none-eabi/4.9.3/../../../../arm-none-eabi/lib/armv7e-m/softfp\libc_nano.a
LOAD c:/infineon/tools/dave ide/4.5.0.202105191637/eclipse/arm-gcc-49/bin/../lib/gcc/arm-none-eabi/4.9.3/../../../../arm-none-eabi/lib/armv7e-m/softfp\libnosys.a
END GROUP
START GROUP
LOAD c:/infineon/tools/dave ide/4.5.0.202105191637/eclipse/arm-gcc-49/bin/../lib/gcc/arm-none-eabi/4.9.3/armv7e-m/softfp\libgcc.a
LOAD c:/infineon/tools/dave ide/4.5.0.202105191637/eclipse/arm-gcc-49/bin/../lib/gcc/arm-none-eabi/4.9.3/../../../../arm-none-eabi/lib/armv7e-m/softfp\libc_nano.a
LOAD c:/infineon/tools/dave ide/4.5.0.202105191637/eclipse/arm-gcc-49/bin/../lib/gcc/arm-none-eabi/4.9.3/../../../../arm-none-eabi/lib/armv7e-m/softfp\libnosys.a
END GROUP
                0x00000800                stack_size = DEFINED (stack_size)?stack_size:0x800
                0x00000040                no_init_size = 0x40

.text           0x08000000     0x5590 load address 0x0c000000
                0x08000000                sText = .
 *(.reset)
 .reset         0x08000000      0x29c ./Startup/startup_XMC4800.o
                0x08000000                __Vectors
                0x08000200                Reset_Handler
                0x08000298                DSD0_7_IRQHandler
                0x08000298                DebugMon_Handler
                0x08000298                VADC0_C0_0_IRQHandler
                0x08000298                CAN0_4_IRQHandler
                0x08000298                VADC0_G2_0_IRQHandler
                0x08000298                USIC0_5_IRQHandler
                0x08000298                POSIF0_0_IRQHandler
                0x08000298                POSIF1_0_IRQHandler
                0x08000298                HardFault_Handler
                0x08000298                VADC0_G1_1_IRQHandler
                0x08000298                SysTick_Handler
                0x08000298                PendSV_Handler
                0x08000298                NMI_Handler
                0x08000298                USIC1_3_IRQHandler
                0x08000298                CCU40_2_IRQHandler
                0x08000298                SCU_0_IRQHandler
                0x08000298                ERU0_0_IRQHandler
                0x08000298                CCU41_0_IRQHandler
                0x08000298                USIC1_5_IRQHandler
                0x08000298                DSD0_4_IRQHandler
                0x08000298                CCU80_1_IRQHandler
                0x08000298                CCU81_0_IRQHandler
                0x08000298                UsageFault_Handler
                0x08000298                USIC0_0_IRQHandler
                0x08000298                POSIF1_1_IRQHandler
                0x08000298                ERU0_2_IRQHandler
                0x08000298                CCU81_1_IRQHandler
                0x08000298                ERU1_1_IRQHandler
                0x08000298                VADC0_G2_3_IRQHandler
                0x08000298                VADC0_G2_2_IRQHandler
                0x08000298                CCU42_3_IRQHandler
                0x08000298                ERU0_3_IRQHandler
                0x08000298                DSD0_5_IRQHandler
                0x08000298                VADC0_C0_3_IRQHandler
                0x08000298                CAN0_6_IRQHandler
                0x08000298                CCU43_0_IRQHandler
                0x08000298                VADC0_G0_1_IRQHandler
                0x08000298                CCU81_2_IRQHandler
                0x08000298                USIC2_4_IRQHandler
                0x08000298                CCU81_3_IRQHandler
                0x08000298                CCU42_1_IRQHandler
                0x08000298                USIC1_1_IRQHandler
                0x08000298                USIC2_5_IRQHandler
                0x08000298                CCU40_0_IRQHandler
                0x08000298                CAN0_0_IRQHandler
                0x08000298                ERU1_0_IRQHandler
                0x08000298                CCU42_2_IRQHandler
                0x08000298                Default_Handler
                0x08000298                USIC1_4_IRQHandler
                0x08000298                ERU1_3_IRQHandler
                0x08000298                USIC1_0_IRQHandler
                0x08000298                POSIF0_1_IRQHandler
                0x08000298                VADC0_G0_0_IRQHandler
                0x08000298                DSD0_2_IRQHandler
                0x08000298                CCU80_3_IRQHandler
                0x08000298                CCU41_3_IRQHandler
                0x08000298                CCU80_2_IRQHandler
                0x08000298                VADC0_G1_3_IRQHandler
                0x08000298                VADC0_G0_3_IRQHandler
                0x08000298                GPDMA0_0_IRQHandler
                0x08000298                PMU0_0_IRQHandler
                0x08000298                CAN0_7_IRQHandler
                0x08000298                DSD0_1_IRQHandler
                0x08000298                CCU41_2_IRQHandler
                0x08000298                VADC0_C0_1_IRQHandler
                0x08000298                CCU43_2_IRQHandler
                0x08000298                USIC2_2_IRQHandler
                0x08000298                MemManage_Handler
                0x08000298                VADC0_G3_1_IRQHandler
                0x08000298                DAC0_0_IRQHandler
                0x08000298                SVC_Handler
                0x08000298                VADC0_G3_3_IRQHandler
                0x08000298                ERU1_2_IRQHandler
                0x08000298                CCU41_1_IRQHandler
                0x08000298                DSD0_6_IRQHandler
                0x08000298                CCU43_1_IRQHandler
                0x08000298                VADC0_G1_2_IRQHandler
                0x08000298                USIC2_3_IRQHandler
                0x08000298                CAN0_2_IRQHandler
                0x08000298                USIC2_0_IRQHandler
                0x08000298                VADC0_G0_2_IRQHandler
                0x08000298                ECAT0_0_IRQHandler
                0x08000298                VADC0_G2_1_IRQHandler
                0x08000298                CAN0_3_IRQHandler
                0x08000298                ETH0_0_IRQHandler
                0x08000298                USIC0_3_IRQHandler
                0x08000298                DSD0_0_IRQHandler
                0x08000298                VADC0_C0_2_IRQHandler
                0x08000298                CCU42_0_IRQHandler
                0x08000298                FCE0_0_IRQHandler
                0x08000298                VADC0_G1_0_IRQHandler
                0x08000298                USB0_0_IRQHandler
                0x08000298                CAN0_5_IRQHandler
                0x08000298                CCU80_0_IRQHandler
                0x08000298                CCU40_1_IRQHandler
                0x08000298                USIC2_1_IRQHandler
                0x08000298                USIC0_1_IRQHandler
                0x08000298                VADC0_G3_2_IRQHandler
                0x08000298                CCU40_3_IRQHandler
                0x08000298                BusFault_Handler
                0x08000298                LEDTS0_0_IRQHandler
                0x08000298                USIC0_4_IRQHandler
                0x08000298                CCU43_3_IRQHandler
                0x08000298                ERU0_1_IRQHandler
                0x08000298                VADC0_G3_0_IRQHandler
                0x08000298                USIC1_2_IRQHandler
                0x08000298                DSD0_3_IRQHandler
                0x08000298                SDMMC0_0_IRQHandler
                0x08000298                CAN0_1_IRQHandler
                0x08000298                USIC0_2_IRQHandler
                0x08000298                DAC0_1_IRQHandler
                0x08000298                GPDMA1_0_IRQHandler
 *(.text .text.* .gnu.linkonce.t.*)
 .text.SystemCoreSetup
                0x0800029c       0x44 ./Startup/system_XMC4800.o
                0x0800029c                SystemCoreSetup
 .text.SystemCoreClockUpdate
                0x080002e0       0x88 ./Startup/system_XMC4800.o
                0x080002e0                SystemCoreClockUpdate
 .text.SystemInit
                0x08000368       0x30 ./Startup/system_XMC4800.o
                0x08000368                SystemInit
 .text.PMB_UpdateEU
                0x08000398      0x660 ./PMB/pmb_can_emulator.o
                0x08000398                PMB_UpdateEU
 .text.PMB_Emulator_Init
                0x080009f8       0xa0 ./PMB/pmb_can_emulator.o
                0x080009f8                PMB_Emulator_Init
 .text.PMB_Emulator_Run
                0x08000a98     0x28dc ./PMB/pmb_can_emulator.o
                0x08000a98                PMB_Emulator_Run
 .text.PMB_GetRegs
                0x08003374        0x8 ./PMB/pmb_can_emulator.o
                0x08003374                PMB_GetRegs
 .text.expect_00
                0x0800337c       0x20 ./PMB/pmb_loopback_test.o
 .text.expect_01
                0x0800339c       0x20 ./PMB/pmb_loopback_test.o
 .text.expect_02
                0x080033bc       0x20 ./PMB/pmb_loopback_test.o
 .text.expect_03
                0x080033dc       0x20 ./PMB/pmb_loopback_test.o
 .text.expect_04
                0x080033fc       0x20 ./PMB/pmb_loopback_test.o
 .text.expect_05
                0x0800341c       0x16 ./PMB/pmb_loopback_test.o
 .text.expect_06
                0x08003432       0x16 ./PMB/pmb_loopback_test.o
 .text.expect_07
                0x08003448       0x16 ./PMB/pmb_loopback_test.o
 .text.expect_08
                0x0800345e       0x16 ./PMB/pmb_loopback_test.o
 .text.expect_09
                0x08003474       0x16 ./PMB/pmb_loopback_test.o
 .text.expect_0A
                0x0800348a       0x20 ./PMB/pmb_loopback_test.o
 .text.expect_0B
                0x080034aa       0x20 ./PMB/pmb_loopback_test.o
 .text.expect_0C
                0x080034ca       0x18 ./PMB/pmb_loopback_test.o
 .text.expect_0D
                0x080034e2       0x1a ./PMB/pmb_loopback_test.o
 .text.expect_0E
                0x080034fc       0x1a ./PMB/pmb_loopback_test.o
 .text.expect_0F
                0x08003516       0x1a ./PMB/pmb_loopback_test.o
 .text.expect_10
                0x08003530       0x1a ./PMB/pmb_loopback_test.o
 .text.expect_11
                0x0800354a       0x1a ./PMB/pmb_loopback_test.o
 .text.expect_12
                0x08003564       0x1a ./PMB/pmb_loopback_test.o
 .text.expect_13
                0x0800357e       0x1a ./PMB/pmb_loopback_test.o
 .text.expect_14
                0x08003598       0x26 ./PMB/pmb_loopback_test.o
 .text.expect_15
                0x080035be       0x26 ./PMB/pmb_loopback_test.o
 .text.expect_16
                0x080035e4       0x1a ./PMB/pmb_loopback_test.o
 .text.expect_17
                0x080035fe       0x1a ./PMB/pmb_loopback_test.o
 .text.expect_18
                0x08003618       0x1a ./PMB/pmb_loopback_test.o
 .text.expect_19
                0x08003632       0x1a ./PMB/pmb_loopback_test.o
 .text.expect_1A
                0x0800364c       0x1a ./PMB/pmb_loopback_test.o
 .text.expect_1B
                0x08003666       0x14 ./PMB/pmb_loopback_test.o
 .text.expect_1C
                0x0800367a       0x14 ./PMB/pmb_loopback_test.o
 .text.expect_1D
                0x0800368e        0xe ./PMB/pmb_loopback_test.o
 .text.expect_1E
                0x0800369c        0xe ./PMB/pmb_loopback_test.o
 .text.expect_1F
                0x080036aa        0x8 ./PMB/pmb_loopback_test.o
 .text.expect_20
                0x080036b2       0x14 ./PMB/pmb_loopback_test.o
 .text.expect_21
                0x080036c6       0x1a ./PMB/pmb_loopback_test.o
 .text.expect_22
                0x080036e0        0x8 ./PMB/pmb_loopback_test.o
 .text.expect_23
                0x080036e8       0x14 ./PMB/pmb_loopback_test.o
 .text.expect_30
                0x080036fc       0x20 ./PMB/pmb_loopback_test.o
 .text.expect_31
                0x0800371c       0x20 ./PMB/pmb_loopback_test.o
 .text.expect_32
                0x0800373c       0x20 ./PMB/pmb_loopback_test.o
 .text.expect_33
                0x0800375c       0x20 ./PMB/pmb_loopback_test.o
 .text.expect_34
                0x0800377c       0x20 ./PMB/pmb_loopback_test.o
 .text.expect_35
                0x0800379c       0x16 ./PMB/pmb_loopback_test.o
 .text.expect_36
                0x080037b2       0x16 ./PMB/pmb_loopback_test.o
 .text.expect_37
                0x080037c8       0x16 ./PMB/pmb_loopback_test.o
 .text.expect_38
                0x080037de       0x16 ./PMB/pmb_loopback_test.o
 .text.expect_39
                0x080037f4       0x16 ./PMB/pmb_loopback_test.o
 .text.expect_3A
                0x0800380a       0x20 ./PMB/pmb_loopback_test.o
 .text.expect_3B
                0x0800382a       0x20 ./PMB/pmb_loopback_test.o
 .text.expect_3C
                0x0800384a       0x16 ./PMB/pmb_loopback_test.o
 .text.expect_3D
                0x08003860       0x16 ./PMB/pmb_loopback_test.o
 .text.expect_3E
                0x08003876       0x16 ./PMB/pmb_loopback_test.o
 .text.expect_3F
                0x0800388c       0x16 ./PMB/pmb_loopback_test.o
 .text.expect_40
                0x080038a2       0x16 ./PMB/pmb_loopback_test.o
 .text.expect_41
                0x080038b8       0x16 ./PMB/pmb_loopback_test.o
 .text.expect_42
                0x080038ce       0x16 ./PMB/pmb_loopback_test.o
 .text.expect_43
                0x080038e4       0x16 ./PMB/pmb_loopback_test.o
 .text.expect_44
                0x080038fa       0x20 ./PMB/pmb_loopback_test.o
 .text.expect_45
                0x0800391a       0x20 ./PMB/pmb_loopback_test.o
 .text.expect_46
                0x0800393a       0x16 ./PMB/pmb_loopback_test.o
 .text.expect_47
                0x08003950       0x16 ./PMB/pmb_loopback_test.o
 .text.expect_48
                0x08003966       0x16 ./PMB/pmb_loopback_test.o
 .text.expect_49
                0x0800397c       0x16 ./PMB/pmb_loopback_test.o
 .text.expect_4A
                0x08003992       0x16 ./PMB/pmb_loopback_test.o
 .text.expect_50
                0x080039a8       0x20 ./PMB/pmb_loopback_test.o
 .text.expect_51
                0x080039c8       0x20 ./PMB/pmb_loopback_test.o
 .text.expect_52
                0x080039e8       0x20 ./PMB/pmb_loopback_test.o
 .text.expect_53
                0x08003a08       0x20 ./PMB/pmb_loopback_test.o
 .text.expect_54
                0x08003a28       0x20 ./PMB/pmb_loopback_test.o
 .text.expect_55
                0x08003a48       0x16 ./PMB/pmb_loopback_test.o
 .text.expect_56
                0x08003a5e       0x16 ./PMB/pmb_loopback_test.o
 .text.expect_57
                0x08003a74       0x16 ./PMB/pmb_loopback_test.o
 .text.expect_58
                0x08003a8a       0x16 ./PMB/pmb_loopback_test.o
 .text.expect_59
                0x08003aa0       0x16 ./PMB/pmb_loopback_test.o
 .text.expect_5A
                0x08003ab6       0x20 ./PMB/pmb_loopback_test.o
 .text.expect_5B
                0x08003ad6       0x20 ./PMB/pmb_loopback_test.o
 .text.expect_5C
                0x08003af6       0x16 ./PMB/pmb_loopback_test.o
 .text.expect_5D
                0x08003b0c       0x16 ./PMB/pmb_loopback_test.o
 .text.expect_5E
                0x08003b22       0x16 ./PMB/pmb_loopback_test.o
 .text.expect_5F
                0x08003b38       0x16 ./PMB/pmb_loopback_test.o
 .text.expect_60
                0x08003b4e       0x16 ./PMB/pmb_loopback_test.o
 .text.expect_61
                0x08003b64       0x16 ./PMB/pmb_loopback_test.o
 .text.expect_62
                0x08003b7a       0x16 ./PMB/pmb_loopback_test.o
 .text.expect_63
                0x08003b90       0x16 ./PMB/pmb_loopback_test.o
 .text.expect_64
                0x08003ba6       0x20 ./PMB/pmb_loopback_test.o
 .text.expect_65
                0x08003bc6       0x20 ./PMB/pmb_loopback_test.o
 .text.expect_66
                0x08003be6       0x16 ./PMB/pmb_loopback_test.o
 .text.expect_67
                0x08003bfc       0x16 ./PMB/pmb_loopback_test.o
 .text.expect_68
                0x08003c12       0x16 ./PMB/pmb_loopback_test.o
 .text.expect_69
                0x08003c28       0x16 ./PMB/pmb_loopback_test.o
 .text.expect_6A
                0x08003c3e       0x16 ./PMB/pmb_loopback_test.o
 .text.expect_70
                0x08003c54       0x20 ./PMB/pmb_loopback_test.o
 .text.expect_71
                0x08003c74       0x20 ./PMB/pmb_loopback_test.o
 .text.expect_72
                0x08003c94       0x20 ./PMB/pmb_loopback_test.o
 .text.expect_73
                0x08003cb4       0x20 ./PMB/pmb_loopback_test.o
 .text.expect_74
                0x08003cd4       0x20 ./PMB/pmb_loopback_test.o
 .text.expect_75
                0x08003cf4       0x16 ./PMB/pmb_loopback_test.o
 .text.expect_76
                0x08003d0a       0x16 ./PMB/pmb_loopback_test.o
 .text.expect_77
                0x08003d20       0x16 ./PMB/pmb_loopback_test.o
 .text.expect_78
                0x08003d36       0x16 ./PMB/pmb_loopback_test.o
 .text.expect_79
                0x08003d4c       0x16 ./PMB/pmb_loopback_test.o
 .text.expect_7A
                0x08003d62       0x20 ./PMB/pmb_loopback_test.o
 .text.expect_7B
                0x08003d82       0x20 ./PMB/pmb_loopback_test.o
 .text.expect_7C
                0x08003da2       0x16 ./PMB/pmb_loopback_test.o
 .text.expect_7D
                0x08003db8       0x16 ./PMB/pmb_loopback_test.o
 .text.expect_7E
                0x08003dce       0x16 ./PMB/pmb_loopback_test.o
 .text.expect_7F
                0x08003de4       0x16 ./PMB/pmb_loopback_test.o
 .text.expect_80
                0x08003dfa       0x16 ./PMB/pmb_loopback_test.o
 .text.expect_81
                0x08003e10       0x16 ./PMB/pmb_loopback_test.o
 .text.expect_82
                0x08003e26       0x16 ./PMB/pmb_loopback_test.o
 .text.expect_83
                0x08003e3c       0x16 ./PMB/pmb_loopback_test.o
 .text.expect_84
                0x08003e52       0x20 ./PMB/pmb_loopback_test.o
 .text.expect_85
                0x08003e72       0x20 ./PMB/pmb_loopback_test.o
 .text.expect_86
                0x08003e92       0x16 ./PMB/pmb_loopback_test.o
 .text.expect_87
                0x08003ea8       0x16 ./PMB/pmb_loopback_test.o
 .text.expect_88
                0x08003ebe       0x16 ./PMB/pmb_loopback_test.o
 .text.expect_89
                0x08003ed4       0x16 ./PMB/pmb_loopback_test.o
 .text.expect_8A
                0x08003eea       0x16 ./PMB/pmb_loopback_test.o
 .text.expect_90
                0x08003f00       0x20 ./PMB/pmb_loopback_test.o
 .text.expect_91
                0x08003f20        0xc ./PMB/pmb_loopback_test.o
 .text.expect_A0
                0x08003f2c       0x1c ./PMB/pmb_loopback_test.o
 .text.expect_A8
                0x08003f48        0x8 ./PMB/pmb_loopback_test.o
 .text.expect_A9
                0x08003f50       0x14 ./PMB/pmb_loopback_test.o
 .text.expect_AA
                0x08003f64       0x1a ./PMB/pmb_loopback_test.o
 .text.expect_B0
                0x08003f7e       0x20 ./PMB/pmb_loopback_test.o
 .text.expect_B1
                0x08003f9e       0x20 ./PMB/pmb_loopback_test.o
 .text.expect_B2
                0x08003fbe       0x20 ./PMB/pmb_loopback_test.o
 .text.expect_B3
                0x08003fde       0x20 ./PMB/pmb_loopback_test.o
 .text.expect_B4
                0x08003ffe       0x20 ./PMB/pmb_loopback_test.o
 .text.expect_B5
                0x0800401e       0x16 ./PMB/pmb_loopback_test.o
 .text.expect_B6
                0x08004034       0x16 ./PMB/pmb_loopback_test.o
 .text.expect_B7
                0x0800404a       0x16 ./PMB/pmb_loopback_test.o
 .text.expect_B8
                0x08004060       0x16 ./PMB/pmb_loopback_test.o
 .text.expect_B9
                0x08004076       0x16 ./PMB/pmb_loopback_test.o
 .text.expect_BA
                0x0800408c       0x20 ./PMB/pmb_loopback_test.o
 .text.expect_BB
                0x080040ac       0x20 ./PMB/pmb_loopback_test.o
 .text.expect_BC
                0x080040cc       0x16 ./PMB/pmb_loopback_test.o
 .text.expect_BD
                0x080040e2       0x16 ./PMB/pmb_loopback_test.o
 .text.expect_BE
                0x080040f8       0x16 ./PMB/pmb_loopback_test.o
 .text.expect_BF
                0x0800410e       0x16 ./PMB/pmb_loopback_test.o
 .text.expect_C0
                0x08004124       0x16 ./PMB/pmb_loopback_test.o
 .text.expect_C1
                0x0800413a       0x16 ./PMB/pmb_loopback_test.o
 .text.expect_C2
                0x08004150       0x16 ./PMB/pmb_loopback_test.o
 .text.expect_C3
                0x08004166       0x16 ./PMB/pmb_loopback_test.o
 .text.expect_C4
                0x0800417c       0x20 ./PMB/pmb_loopback_test.o
 .text.expect_C5
                0x0800419c       0x20 ./PMB/pmb_loopback_test.o
 .text.expect_C6
                0x080041bc       0x16 ./PMB/pmb_loopback_test.o
 .text.expect_C7
                0x080041d2       0x16 ./PMB/pmb_loopback_test.o
 .text.expect_C8
                0x080041e8       0x16 ./PMB/pmb_loopback_test.o
 .text.expect_C9
                0x080041fe       0x16 ./PMB/pmb_loopback_test.o
 .text.expect_CA
                0x08004214       0x16 ./PMB/pmb_loopback_test.o
 .text.expect_CB
                0x0800422a       0x20 ./PMB/pmb_loopback_test.o
 .text.expect_CC
                0x0800424a       0x16 ./PMB/pmb_loopback_test.o
 .text.expect_CD
                0x08004260       0x20 ./PMB/pmb_loopback_test.o
 .text.expect_CE
                0x08004280       0x20 ./PMB/pmb_loopback_test.o
 .text.expect_CF
                0x080042a0       0x16 ./PMB/pmb_loopback_test.o
 .text.expect_D0
                0x080042b6       0x26 ./PMB/pmb_loopback_test.o
 .text.expect_D1
                0x080042dc       0x14 ./PMB/pmb_loopback_test.o
 .text.expect_D8
                0x080042f0       0x26 ./PMB/pmb_loopback_test.o
 .text.expect_D9
                0x08004316       0x14 ./PMB/pmb_loopback_test.o
 .text.expect_1F8
                0x0800432a       0x16 ./PMB/pmb_loopback_test.o
 .text.expect_1FA
                0x08004340       0x20 ./PMB/pmb_loopback_test.o
 .text.PMB_LoopbackTest_Run
                0x08004360      0x3e0 ./PMB/pmb_loopback_test.o
                0x08004360                PMB_LoopbackTest_Run
 .text.XMC_GPIO_Init
                0x08004740       0x88 ./Libraries/XMCLib/src/xmc4_gpio.o
                0x08004740                XMC_GPIO_Init
 .text.XMC_SCU_lDelay
                0x080047c8       0x2c ./Libraries/XMCLib/src/xmc4_scu.o
 .text.XMC_SCU_RESET_DeassertPeripheralReset
                0x080047f4       0x14 ./Libraries/XMCLib/src/xmc4_scu.o
                0x080047f4                XMC_SCU_RESET_DeassertPeripheralReset
 .text.XMC_SCU_CLOCK_GetPeripheralClockFrequency
                0x08004808       0x18 ./Libraries/XMCLib/src/xmc4_scu.o
                0x08004808                XMC_SCU_CLOCK_GetPeripheralClockFrequency
 .text.XMC_SCU_CLOCK_SetSystemClockSource
                0x08004820       0x14 ./Libraries/XMCLib/src/xmc4_scu.o
                0x08004820                XMC_SCU_CLOCK_SetSystemClockSource
 .text.XMC_SCU_CLOCK_SetUsbClockSource
                0x08004834       0x14 ./Libraries/XMCLib/src/xmc4_scu.o
                0x08004834                XMC_SCU_CLOCK_SetUsbClockSource
 .text.XMC_SCU_CLOCK_SetWdtClockSource
                0x08004848       0x14 ./Libraries/XMCLib/src/xmc4_scu.o
                0x08004848                XMC_SCU_CLOCK_SetWdtClockSource
 .text.XMC_SCU_CLOCK_SetSystemPllClockSource
                0x0800485c       0x20 ./Libraries/XMCLib/src/xmc4_scu.o
                0x0800485c                XMC_SCU_CLOCK_SetSystemPllClockSource
 .text.XMC_SCU_HIB_SetRtcClockSource
                0x0800487c       0x20 ./Libraries/XMCLib/src/xmc4_scu.o
                0x0800487c                XMC_SCU_HIB_SetRtcClockSource
 .text.XMC_SCU_HIB_SetStandbyClockSource
                0x0800489c       0x20 ./Libraries/XMCLib/src/xmc4_scu.o
                0x0800489c                XMC_SCU_HIB_SetStandbyClockSource
 .text.XMC_SCU_CLOCK_SetSystemClockDivider
                0x080048bc       0x14 ./Libraries/XMCLib/src/xmc4_scu.o
                0x080048bc                XMC_SCU_CLOCK_SetSystemClockDivider
 .text.XMC_SCU_CLOCK_SetCcuClockDivider
                0x080048d0       0x14 ./Libraries/XMCLib/src/xmc4_scu.o
                0x080048d0                XMC_SCU_CLOCK_SetCcuClockDivider
 .text.XMC_SCU_CLOCK_SetCpuClockDivider
                0x080048e4       0x14 ./Libraries/XMCLib/src/xmc4_scu.o
                0x080048e4                XMC_SCU_CLOCK_SetCpuClockDivider
 .text.XMC_SCU_CLOCK_SetPeripheralClockDivider
                0x080048f8       0x14 ./Libraries/XMCLib/src/xmc4_scu.o
                0x080048f8                XMC_SCU_CLOCK_SetPeripheralClockDivider
 .text.XMC_SCU_CLOCK_SetUsbClockDivider
                0x0800490c       0x14 ./Libraries/XMCLib/src/xmc4_scu.o
                0x0800490c                XMC_SCU_CLOCK_SetUsbClockDivider
 .text.XMC_SCU_CLOCK_SetEbuClockDivider
                0x08004920       0x14 ./Libraries/XMCLib/src/xmc4_scu.o
                0x08004920                XMC_SCU_CLOCK_SetEbuClockDivider
 .text.XMC_SCU_CLOCK_SetWdtClockDivider
                0x08004934       0x14 ./Libraries/XMCLib/src/xmc4_scu.o
                0x08004934                XMC_SCU_CLOCK_SetWdtClockDivider
 .text.XMC_SCU_CLOCK_SetECATClockDivider
                0x08004948       0x14 ./Libraries/XMCLib/src/xmc4_scu.o
                0x08004948                XMC_SCU_CLOCK_SetECATClockDivider
 .text.XMC_SCU_CLOCK_UngatePeripheralClock
                0x0800495c       0x14 ./Libraries/XMCLib/src/xmc4_scu.o
                0x0800495c                XMC_SCU_CLOCK_UngatePeripheralClock
 .text.XMC_SCU_CLOCK_EnableUsbPll
                0x08004970       0x14 ./Libraries/XMCLib/src/xmc4_scu.o
                0x08004970                XMC_SCU_CLOCK_EnableUsbPll
 .text.XMC_SCU_CLOCK_StartUsbPll
                0x08004984       0x70 ./Libraries/XMCLib/src/xmc4_scu.o
                0x08004984                XMC_SCU_CLOCK_StartUsbPll
 .text.XMC_SCU_CLOCK_SetBackupClockCalibrationMode
                0x080049f4       0x34 ./Libraries/XMCLib/src/xmc4_scu.o
                0x080049f4                XMC_SCU_CLOCK_SetBackupClockCalibrationMode
 .text.XMC_SCU_HIB_EnableHibernateDomain
                0x08004a28       0x34 ./Libraries/XMCLib/src/xmc4_scu.o
                0x08004a28                XMC_SCU_HIB_EnableHibernateDomain
 .text.XMC_SCU_CLOCK_IsLowPowerOscillatorStable
                0x08004a5c       0x14 ./Libraries/XMCLib/src/xmc4_scu.o
                0x08004a5c                XMC_SCU_CLOCK_IsLowPowerOscillatorStable
 .text.XMC_SCU_CLOCK_EnableLowPowerOscillator
                0x08004a70       0x4c ./Libraries/XMCLib/src/xmc4_scu.o
                0x08004a70                XMC_SCU_CLOCK_EnableLowPowerOscillator
 .text.XMC_SCU_CLOCK_EnableHighPerformanceOscillator
                0x08004abc       0x40 ./Libraries/XMCLib/src/xmc4_scu.o
                0x08004abc                XMC_SCU_CLOCK_EnableHighPerformanceOscillator
 .text.XMC_SCU_CLOCK_IsHighPerformanceOscillatorStable
                0x08004afc       0x18 ./Libraries/XMCLib/src/xmc4_scu.o
                0x08004afc                XMC_SCU_CLOCK_IsHighPerformanceOscillatorStable
 .text.XMC_SCU_CLOCK_EnableSystemPll
                0x08004b14       0x14 ./Libraries/XMCLib/src/xmc4_scu.o
                0x08004b14                XMC_SCU_CLOCK_EnableSystemPll
 .text.XMC_SCU_CLOCK_DisableSystemPll
                0x08004b28       0x14 ./Libraries/XMCLib/src/xmc4_scu.o
                0x08004b28                XMC_SCU_CLOCK_DisableSystemPll
 .text.XMC_SCU_CLOCK_StepSystemPllFrequency
                0x08004b3c       0x20 ./Libraries/XMCLib/src/xmc4_scu.o
                0x08004b3c                XMC_SCU_CLOCK_StepSystemPllFrequency
 .text.XMC_SCU_CLOCK_StartSystemPll
                0x08004b5c      0x100 ./Libraries/XMCLib/src/xmc4_scu.o
                0x08004b5c                XMC_SCU_CLOCK_StartSystemPll
 .text.XMC_SCU_CLOCK_Init
                0x08004c5c       0xa0 ./Libraries/XMCLib/src/xmc4_scu.o
                0x08004c5c                XMC_SCU_CLOCK_Init
 .text.XMC_CAN_Enable
                0x08004cfc       0x24 ./Libraries/XMCLib/src/xmc_can.o
                0x08004cfc                XMC_CAN_Enable
 .text.XMC_CAN_GetBaudrateClockFrequency
                0x08004d20       0x1c ./Libraries/XMCLib/src/xmc_can.o
                0x08004d20                XMC_CAN_GetBaudrateClockFrequency
 .text.XMC_CAN_InitEx
                0x08004d3c       0x5a ./Libraries/XMCLib/src/xmc_can.o
                0x08004d3c                XMC_CAN_InitEx
 *fill*         0x08004d96        0x2 
 .text.XMC_CAN_MO_UpdateData
                0x08004d98       0x38 ./Libraries/XMCLib/src/xmc_can.o
                0x08004d98                XMC_CAN_MO_UpdateData
 .text.XMC_CAN_MO_Config
                0x08004dd0       0x84 ./Libraries/XMCLib/src/xmc_can.o
                0x08004dd0                XMC_CAN_MO_Config
 .text.XMC_GPIO_SetHardwareControl
                0x08004e54       0x1a ./Libraries/XMCLib/src/xmc_gpio.o
                0x08004e54                XMC_GPIO_SetHardwareControl
 .text._init    0x08004e6e        0x2 ./Libraries/Newlib/syscalls.o
                0x08004e6e                _init
 .text.MULTICAN_CONFIG_Init
                0x08004e70        0x4 ./Dave/Generated/MULTICAN_CONFIG/multican_config.o
                0x08004e70                MULTICAN_CONFIG_Init
 .text.MULTICAN_CONFIG_0_lInit
                0x08004e74       0x4c ./Dave/Generated/MULTICAN_CONFIG/multican_config_conf.o
                0x08004e74                MULTICAN_CONFIG_0_lInit
 .text.GLOBAL_CAN_Init
                0x08004ec0       0x1a ./Dave/Generated/GLOBAL_CAN/global_can.o
                0x08004ec0                GLOBAL_CAN_Init
 .text.DIGITAL_IO_Init
                0x08004eda       0x1c ./Dave/Generated/DIGITAL_IO/digital_io.o
                0x08004eda                DIGITAL_IO_Init
 .text.CLOCK_XMC4_Init
                0x08004ef6        0x8 ./Dave/Generated/CLOCK_XMC4/clock_xmc4.o
                0x08004ef6                CLOCK_XMC4_Init
 *fill*         0x08004efe        0x2 
 .text.OSCHP_GetFrequency
                0x08004f00        0x8 ./Dave/Generated/CLOCK_XMC4/clock_xmc4.o
                0x08004f00                OSCHP_GetFrequency
 .text.SystemCoreClockSetup
                0x08004f08       0x64 ./Dave/Generated/CLOCK_XMC4/clock_xmc4_conf.o
                0x08004f08                SystemCoreClockSetup
 .text.DAVE_Init
                0x08004f6c       0x38 ./Dave/Generated/DAVE.o
                0x08004f6c                DAVE_Init
 .text.startup.main
                0x08004fa4       0x4c ./main.o
                0x08004fa4                main
 .text.__libc_init_array
                0x08004ff0       0x4c c:/infineon/tools/dave ide/4.5.0.202105191637/eclipse/arm-gcc-49/bin/../lib/gcc/arm-none-eabi/4.9.3/../../../../arm-none-eabi/lib/armv7e-m/softfp\libc_nano.a(lib_a-init.o)
                0x08004ff0                __libc_init_array
 .text.memset   0x0800503c       0x10 c:/infineon/tools/dave ide/4.5.0.202105191637/eclipse/arm-gcc-49/bin/../lib/gcc/arm-none-eabi/4.9.3/../../../../arm-none-eabi/lib/armv7e-m/softfp\libc_nano.a(lib_a-memset.o)
                0x0800503c                memset
 *(.init)
 *(.fini)
 *crtbegin.o(.ctors)
 *crtbegin?.o(.ctors)
 *(EXCLUDE_FILE(*crtend.o *crtend?.o) .ctors)
 *(SORT(.ctors.*))
 *(.ctors)
 *crtbegin.o(.dtors)
 *crtbegin?.o(.dtors)
 *(EXCLUDE_FILE(*crtend.o *crtend?.o) .dtors)
 *(SORT(.dtors.*))
 *(.dtors)
 *(.rodata .rodata.*)
 .rodata.k_tests
                0x0800504c      0x508 ./PMB/pmb_loopback_test.o
 .rodata.LED1   0x08005554       0x14 ./Dave/Generated/DIGITAL_IO/digital_io_conf.o
                0x08005554                LED1
 .rodata.LED2   0x08005568       0x14 ./Dave/Generated/DIGITAL_IO/digital_io_conf.o
                0x08005568                LED2
 .rodata        0x0800557c       0x14 ./Dave/Generated/CLOCK_XMC4/clock_xmc4_conf.o
 *(.gnu.linkonce.r*)
 *(vtable)
                0x08005590                . = ALIGN (0x4)

.glue_7         0x08005590        0x0 load address 0x0c005590
 .glue_7        0x00000000        0x0 linker stubs

.glue_7t        0x08005590        0x0 load address 0x0c005590
 .glue_7t       0x00000000        0x0 linker stubs

.vfp11_veneer   0x08005590        0x0 load address 0x0c005590
 .vfp11_veneer  0x00000000        0x0 linker stubs

.v4_bx          0x08005590        0x0 load address 0x0c005590
 .v4_bx         0x00000000        0x0 linker stubs

.iplt           0x08005590        0x0 load address 0x0c005590
 .iplt          0x00000000        0x0 ./Startup/startup_XMC4800.o

.rel.dyn        0x08005590        0x0 load address 0x0c005590
 .rel.iplt      0x00000000        0x0 ./Startup/startup_XMC4800.o

.eh_frame_hdr
 *(.eh_frame_hdr)

.eh_frame
 *(.eh_frame)

.ARM.extab
 *(.ARM.extab* .gnu.linkonce.armextab.*)
                0x08005590                . = ALIGN (0x4)
                0x08005590                __exidx_start = .

.ARM.exidx
 *(.ARM.exidx* .gnu.linkonce.armexidx.*)
                0x08005590                __exidx_end = .
                0x08005590                . = ALIGN (0x4)

Stack           0x1ffe8000      0x800
                0x1ffe8000                __stack_start = .
                0x1ffe8800                . = (. + stack_size)
 *fill*         0x1ffe8000      0x800 
                0x1ffe8800                __stack_end = .
                0x1ffe8800                __initial_sp = .

.ram_code       0x1ffe8800        0x0 load address 0x0c005590
                0x1ffe8800                . = ALIGN (0x4)
                0x1ffe8800                __ram_code_start = .
 *(.ram_code)
                0x1ffe8800                . = ALIGN (0x4)
                0x1ffe8800                __ram_code_end = .
                0x0c005590                __ram_code_load = LOADADDR (.ram_code)
                0x00000000                __ram_code_size = (__ram_code_end - __ram_code_start)

.data           0x1ffe8800       0x8c load address 0x0c005590
                0x1ffe8800                . = ALIGN (0x4)
                0x1ffe8800                __data_start = .
 *(.data)
 *(.data*)
 .data.MULTICAN_CONFIG_0_LMO_00_Config
                0x1ffe8800       0x18 ./Dave/Generated/MULTICAN_CONFIG/multican_config_conf.o
                0x1ffe8800                MULTICAN_CONFIG_0_LMO_00_Config
 .data.MULTICAN_CONFIG_0_LMO_01_Config
                0x1ffe8818       0x18 ./Dave/Generated/MULTICAN_CONFIG/multican_config_conf.o
                0x1ffe8818                MULTICAN_CONFIG_0_LMO_01_Config
 .data.MULTICAN_CONFIG_0_LMO_00
                0x1ffe8830       0x20 ./Dave/Generated/MULTICAN_CONFIG/multican_config_conf.o
                0x1ffe8830                MULTICAN_CONFIG_0_LMO_00
 .data.MULTICAN_CONFIG_0_LMO_01
                0x1ffe8850       0x20 ./Dave/Generated/MULTICAN_CONFIG/multican_config_conf.o
                0x1ffe8850                MULTICAN_CONFIG_0_LMO_01
 .data.MULTICAN_CONFIG_0
                0x1ffe8870       0x10 ./Dave/Generated/MULTICAN_CONFIG/multican_config_conf.o
                0x1ffe8870                MULTICAN_CONFIG_0
 .data.GLOBAL_CAN_0
                0x1ffe8880        0xc ./Dave/Generated/GLOBAL_CAN/global_can_conf.o
                0x1ffe8880                GLOBAL_CAN_0
 *(*.data)
 *(.gnu.linkonce.d*)
                0x1ffe888c                . = ALIGN (0x4)
                0x1ffe888c                PROVIDE (__preinit_array_start, .)
 *(.preinit_array)
                0x1ffe888c                PROVIDE (__preinit_array_end, .)
                0x1ffe888c                . = ALIGN (0x4)
                0x1ffe888c                PROVIDE (__init_array_start, .)
 *(SORT(.init_array.*))
 *(.init_array)
                0x1ffe888c                PROVIDE (__init_array_end, .)
                0x1ffe888c                . = ALIGN (0x4)
                0x1ffe888c                PROVIDE (__fini_array_start, .)
 *(SORT(.fini_array.*))
 *(.fini_array)
                0x1ffe888c                PROVIDE (__fini_array_end, .)
                0x1ffe888c                . = ALIGN (0x4)
                0x1ffe888c                __data_end = .
                0x0c005590                __data_load = LOADADDR (.data)
                0x0000008c                __data_size = (__data_end - __data_start)
                0x0000561c                __text_size = (((__exidx_end - sText) + __data_size) + __ram_code_size)
                0x0800561c                eText = (sText + __text_size)

.igot.plt       0x1ffe888c        0x0 load address 0x0c00561c
 .igot.plt      0x00000000        0x0 ./Startup/startup_XMC4800.o

.bss            0x1ffe888c      0x2e0 load address 0x0c00561c
                0x1ffe888c                . = ALIGN (0x4)
                0x1ffe888c                __bss_start = .
 *(.bss)
 *(.bss*)
 .bss.g_regs    0x1ffe888c      0x2dc ./PMB/pmb_can_emulator.o
 .bss.CLOCK_XMC4_0
                0x1ffe8b68        0x1 ./Dave/Generated/CLOCK_XMC4/clock_xmc4_conf.o
                0x1ffe8b68                CLOCK_XMC4_0
 *(COMMON)
 *(.gnu.linkonce.b*)
                0x1ffe8b6c                . = ALIGN (0x4)
 *fill*         0x1ffe8b69        0x3 
                0x1ffe8b6c                __bss_end = .
                0x000002e0                __bss_size = (__bss_end - __bss_start)
                0x00017494                __shift_loc = (__bss_end >= ORIGIN (DSRAM_1_system))?0x0:(ORIGIN (DSRAM_1_system) - __bss_end)

USB_RAM         0x20000000        0x0
                0x20000000                . = ALIGN (0x4)
                0x20000000                USB_RAM_start = .
 *(USB_RAM)
                0x20000000                . = ALIGN (0x4)
                0x20000000                USB_RAM_end = .
                0x00000000                USB_RAM_size = (USB_RAM_end - USB_RAM_start)

ETH_RAM         0x20000000        0x0
                0x20000000                . = ALIGN (0x4)
                0x20000000                ETH_RAM_start = .
 *(ETH_RAM)
                0x20000000                . = ALIGN (0x4)
                0x20000000                ETH_RAM_end = .
                0x20000000                . = ALIGN (0x8)
                0x20000000                Heap_Bank1_Start = .
                0x00000000                ETH_RAM_size = (ETH_RAM_end - ETH_RAM_start)

.no_init        0x2003ffc0       0x14
                0x2003ffc0                Heap_Bank1_End = .
 *(.no_init)
 .no_init       0x2003ffc0       0x14 ./Startup/system_XMC4800.o
                0x2003ffc0                SystemCoreClock
                0x2003ffc4                g_chipid
                0x0003ffc0                Heap_Bank1_Size = (Heap_Bank1_End - Heap_Bank1_Start)
                0x00000001                ASSERT ((Heap_Bank1_Start <= Heap_Bank1_End), region SRAM_combined overflowed no_init section)

/DISCARD/
 *(.comment)

.stab
 *(.stab)

.stabstr
 *(.stabstr)

.debug
 *(.debug)

.line
 *(.line)

.debug_srcinfo
 *(.debug_srcinfo)

.debug_sfnames
 *(.debug_sfnames)

.debug_aranges
 *(.debug_aranges)

.debug_pubnames
 *(.debug_pubnames)

.debug_pubtypes
 *(.debug_pubtypes)

.debug_info
 *(.debug_info .gnu.linkonce.wi.*)

.debug_abbrev
 *(.debug_abbrev)

.debug_line
 *(.debug_line)

.debug_frame    0x00000000       0x4c
 *(.debug_frame)
 .debug_frame   0x00000000       0x2c c:/infineon/tools/dave ide/4.5.0.202105191637/eclipse/arm-gcc-49/bin/../lib/gcc/arm-none-eabi/4.9.3/../../../../arm-none-eabi/lib/armv7e-m/softfp\libc_nano.a(lib_a-init.o)
 .debug_frame   0x0000002c       0x20 c:/infineon/tools/dave ide/4.5.0.202105191637/eclipse/arm-gcc-49/bin/../lib/gcc/arm-none-eabi/4.9.3/../../../../arm-none-eabi/lib/armv7e-m/softfp\libc_nano.a(lib_a-memset.o)

.debug_str
 *(.debug_str)

.debug_loc
 *(.debug_loc)

.debug_macinfo
 *(.debug_macinfo)

.debug_ranges
 *(.debug_ranges)

.debug_weaknames
 *(.debug_weaknames)

.debug_funcnames
 *(.debug_funcnames)

.debug_typenames
 *(.debug_typenames)

.debug_varnames
 *(.debug_varnames)

.build_attributes
                0x00000000      0x467
 *(.ARM.attributes)
 .ARM.attributes
                0x00000000       0x25 ./Startup/startup_XMC4800.o
 .ARM.attributes
                0x00000025       0x37 ./Startup/system_XMC4800.o
 .ARM.attributes
                0x0000005c       0x37 ./PMB/pmb_can_emulator.o
 .ARM.attributes
                0x00000093       0x37 ./PMB/pmb_loopback_test.o
 .ARM.attributes
                0x000000ca       0x37 ./Libraries/XMCLib/src/xmc4_gpio.o
 .ARM.attributes
                0x00000101       0x37 ./Libraries/XMCLib/src/xmc4_scu.o
 .ARM.attributes
                0x00000138       0x37 ./Libraries/XMCLib/src/xmc_can.o
 .ARM.attributes
                0x0000016f       0x37 ./Libraries/XMCLib/src/xmc_gpio.o
 .ARM.attributes
                0x000001a6       0x37 ./Libraries/Newlib/syscalls.o
 .ARM.attributes
                0x000001dd       0x37 ./Dave/Generated/MULTICAN_CONFIG/multican_config.o
 .ARM.attributes
                0x00000214       0x37 ./Dave/Generated/MULTICAN_CONFIG/multican_config_conf.o
 .ARM.attributes
                0x0000024b       0x37 ./Dave/Generated/GLOBAL_CAN/global_can.o
 .ARM.attributes
                0x00000282       0x37 ./Dave/Generated/GLOBAL_CAN/global_can_conf.o
 .ARM.attributes
                0x000002b9       0x37 ./Dave/Generated/DIGITAL_IO/digital_io.o
 .ARM.attributes
                0x000002f0       0x37 ./Dave/Generated/DIGITAL_IO/digital_io_conf.o
 .ARM.attributes
                0x00000327       0x37 ./Dave/Generated/CLOCK_XMC4/clock_xmc4.o
 .ARM.attributes
                0x0000035e       0x37 ./Dave/Generated/CLOCK_XMC4/clock_xmc4_conf.o
 .ARM.attributes
                0x00000395       0x37 ./Dave/Generated/DAVE.o
 .ARM.attributes
                0x000003cc       0x37 ./main.o
 .ARM.attributes
                0x00000403       0x32 c:/infineon/tools/dave ide/4.5.0.202105191637/eclipse/arm-gcc-49/bin/../lib/gcc/arm-none-eabi/4.9.3/../../../../arm-none-eabi/lib/armv7e-m/softfp\libc_nano.a(lib_a-init.o)
 .ARM.attributes
                0x00000435       0x32 c:/infineon/tools/dave ide/4.5.0.202105191637/eclipse/arm-gcc-49/bin/../lib/gcc/arm-none-eabi/4.9.3/../../../../arm-none-eabi/lib/armv7e-m/softfp\libc_nano.a(lib_a-memset.o)
OUTPUT(Emulator_CAN.elf elf32-littlearm)
