Archive member included because of file (symbol)

c:/infineon/tools/dave ide/4.5.0.202105191637/eclipse/arm-gcc-49/bin/../lib/gcc/arm-none-eabi/4.9.3/../../../../arm-none-eabi/lib/armv7e-m/softfp\libg_nano.a(lib_a-errno.o)
                              ./Libraries/Newlib/syscalls.o (__errno)
c:/infineon/tools/dave ide/4.5.0.202105191637/eclipse/arm-gcc-49/bin/../lib/gcc/arm-none-eabi/4.9.3/../../../../arm-none-eabi/lib/armv7e-m/softfp\libg_nano.a(lib_a-impure.o)
                              c:/infineon/tools/dave ide/4.5.0.202105191637/eclipse/arm-gcc-49/bin/../lib/gcc/arm-none-eabi/4.9.3/../../../../arm-none-eabi/lib/armv7e-m/softfp\libg_nano.a(lib_a-errno.o) (_impure_ptr)
c:/infineon/tools/dave ide/4.5.0.202105191637/eclipse/arm-gcc-49/bin/../lib/gcc/arm-none-eabi/4.9.3/../../../../arm-none-eabi/lib/armv7e-m/softfp\libg_nano.a(lib_a-init.o)
                              ./Startup/startup_XMC4800.o (__libc_init_array)
c:/infineon/tools/dave ide/4.5.0.202105191637/eclipse/arm-gcc-49/bin/../lib/gcc/arm-none-eabi/4.9.3/../../../../arm-none-eabi/lib/armv7e-m/softfp\libg_nano.a(lib_a-memcpy.o)
                              ./Libraries/XMCLib/src/xmc_eth_mac.o (memcpy)
c:/infineon/tools/dave ide/4.5.0.202105191637/eclipse/arm-gcc-49/bin/../lib/gcc/arm-none-eabi/4.9.3/../../../../arm-none-eabi/lib/armv7e-m/softfp\libg_nano.a(lib_a-memset.o)
                              ./Libraries/XMCLib/src/xmc_usbd.o (memset)
c:/infineon/tools/dave ide/4.5.0.202105191637/eclipse/arm-gcc-49/bin/../lib/gcc/arm-none-eabi/4.9.3/../../../../arm-none-eabi/lib/armv7e-m/softfp\libg_nano.a(lib_a-printf.o)
                              ./Dave/Generated/SYSTIMER/systimer.o (printf)
c:/infineon/tools/dave ide/4.5.0.202105191637/eclipse/arm-gcc-49/bin/../lib/gcc/arm-none-eabi/4.9.3/../../../../arm-none-eabi/lib/armv7e-m/softfp\libg_nano.a(lib_a-putchar.o)
                              ./scud_bms.o (putchar)
c:/infineon/tools/dave ide/4.5.0.202105191637/eclipse/arm-gcc-49/bin/../lib/gcc/arm-none-eabi/4.9.3/../../../../arm-none-eabi/lib/armv7e-m/softfp\libg_nano.a(lib_a-puts.o)
                              ./main.o (puts)
c:/infineon/tools/dave ide/4.5.0.202105191637/eclipse/arm-gcc-49/bin/../lib/gcc/arm-none-eabi/4.9.3/../../../../arm-none-eabi/lib/armv7e-m/softfp\libg_nano.a(lib_a-wbuf.o)
                              c:/infineon/tools/dave ide/4.5.0.202105191637/eclipse/arm-gcc-49/bin/../lib/gcc/arm-none-eabi/4.9.3/../../../../arm-none-eabi/lib/armv7e-m/softfp\libg_nano.a(lib_a-puts.o) (__swbuf_r)
c:/infineon/tools/dave ide/4.5.0.202105191637/eclipse/arm-gcc-49/bin/../lib/gcc/arm-none-eabi/4.9.3/../../../../arm-none-eabi/lib/armv7e-m/softfp\libg_nano.a(lib_a-wsetup.o)
                              c:/infineon/tools/dave ide/4.5.0.202105191637/eclipse/arm-gcc-49/bin/../lib/gcc/arm-none-eabi/4.9.3/../../../../arm-none-eabi/lib/armv7e-m/softfp\libg_nano.a(lib_a-puts.o) (__swsetup_r)
c:/infineon/tools/dave ide/4.5.0.202105191637/eclipse/arm-gcc-49/bin/../lib/gcc/arm-none-eabi/4.9.3/../../../../arm-none-eabi/lib/armv7e-m/softfp\libg_nano.a(lib_a-fflush.o)
                              c:/infineon/tools/dave ide/4.5.0.202105191637/eclipse/arm-gcc-49/bin/../lib/gcc/arm-none-eabi/4.9.3/../../../../arm-none-eabi/lib/armv7e-m/softfp\libg_nano.a(lib_a-wbuf.o) (_fflush_r)
c:/infineon/tools/dave ide/4.5.0.202105191637/eclipse/arm-gcc-49/bin/../lib/gcc/arm-none-eabi/4.9.3/../../../../arm-none-eabi/lib/armv7e-m/softfp\libg_nano.a(lib_a-findfp.o)
                              c:/infineon/tools/dave ide/4.5.0.202105191637/eclipse/arm-gcc-49/bin/../lib/gcc/arm-none-eabi/4.9.3/../../../../arm-none-eabi/lib/armv7e-m/softfp\libg_nano.a(lib_a-printf.o) (__sinit)
c:/infineon/tools/dave ide/4.5.0.202105191637/eclipse/arm-gcc-49/bin/../lib/gcc/arm-none-eabi/4.9.3/../../../../arm-none-eabi/lib/armv7e-m/softfp\libg_nano.a(lib_a-fwalk.o)
                              c:/infineon/tools/dave ide/4.5.0.202105191637/eclipse/arm-gcc-49/bin/../lib/gcc/arm-none-eabi/4.9.3/../../../../arm-none-eabi/lib/armv7e-m/softfp\libg_nano.a(lib_a-findfp.o) (_fwalk)
c:/infineon/tools/dave ide/4.5.0.202105191637/eclipse/arm-gcc-49/bin/../lib/gcc/arm-none-eabi/4.9.3/../../../../arm-none-eabi/lib/armv7e-m/softfp\libg_nano.a(lib_a-makebuf.o)
                              c:/infineon/tools/dave ide/4.5.0.202105191637/eclipse/arm-gcc-49/bin/../lib/gcc/arm-none-eabi/4.9.3/../../../../arm-none-eabi/lib/armv7e-m/softfp\libg_nano.a(lib_a-wsetup.o) (__smakebuf_r)
c:/infineon/tools/dave ide/4.5.0.202105191637/eclipse/arm-gcc-49/bin/../lib/gcc/arm-none-eabi/4.9.3/../../../../arm-none-eabi/lib/armv7e-m/softfp\libg_nano.a(lib_a-nano-freer.o)
                              c:/infineon/tools/dave ide/4.5.0.202105191637/eclipse/arm-gcc-49/bin/../lib/gcc/arm-none-eabi/4.9.3/../../../../arm-none-eabi/lib/armv7e-m/softfp\libg_nano.a(lib_a-wsetup.o) (_free_r)
[...]
Memory Configuration

Name             Origin             Length             Attributes
FLASH_1_cached   0x08000000         0x00200000         xr
FLASH_1_uncached 0x0c000000         0x00200000         xr
PSRAM_1          0x1ffe8000         0x00018000         !xr
DSRAM_1_system   0x20000000         0x00020000         !xr
DSRAM_2_comm     0x20020000         0x00020000         !xr
SRAM_combined    0x1ffe8000         0x00058000         !xr
*default*        0x00000000         0xffffffff

Linker script and memory map

LOAD ./Startup/startup_XMC4800.o
LOAD ./Startup/system_XMC4800.o
LOAD ./Libraries/XMCLib/src/xmc4_eru.o
LOAD ./Libraries/XMCLib/src/xmc4_flash.o
LOAD ./Libraries/XMCLib/src/xmc4_gpio.o
LOAD ./Libraries/XMCLib/src/xmc4_rtc.o
LOAD ./Libraries/XMCLib/src/xmc4_scu.o
LOAD ./Libraries/XMCLib/src/xmc_can.o
LOAD ./Libraries/XMCLib/src/xmc_ccu4.o
LOAD ./Libraries/XMCLib/src/xmc_ccu8.o
LOAD ./Libraries/XMCLib/src/xmc_common.o
LOAD ./Libraries/XMCLib/src/xmc_dac.o
LOAD ./Libraries/XMCLib/src/xmc_dma.o
LOAD ./Libraries/XMCLib/src/xmc_dsd.o
LOAD ./Libraries/XMCLib/src/xmc_ebu.o
LOAD ./Libraries/XMCLib/src/xmc_ecat.o
LOAD ./Libraries/XMCLib/src/xmc_eru.o
LOAD ./Libraries/XMCLib/src/xmc_eth_mac.o
LOAD ./Libraries/XMCLib/src/xmc_eth_phy_dp83848.o
LOAD ./Libraries/XMCLib/src/xmc_eth_phy_ksz8031rnl.o
LOAD ./Libraries/XMCLib/src/xmc_eth_phy_ksz8081rnb.o
LOAD ./Libraries/XMCLib/src/xmc_fce.o
LOAD ./Libraries/XMCLib/src/xmc_gpio.o
LOAD ./Libraries/XMCLib/src/xmc_hrpwm.o
LOAD ./Libraries/XMCLib/src/xmc_i2c.o
LOAD ./Libraries/XMCLib/src/xmc_i2s.o
LOAD ./Libraries/XMCLib/src/xmc_ledts.o
LOAD ./Libraries/XMCLib/src/xmc_posif.o
LOAD ./Libraries/XMCLib/src/xmc_rtc.o
LOAD ./Libraries/XMCLib/src/xmc_sdmmc.o
LOAD ./Libraries/XMCLib/src/xmc_spi.o
LOAD ./Libraries/XMCLib/src/xmc_uart.o
LOAD ./Libraries/XMCLib/src/xmc_usbd.o
LOAD ./Libraries/XMCLib/src/xmc_usbh.o
LOAD ./Libraries/XMCLib/src/xmc_usic.o
LOAD ./Libraries/XMCLib/src/xmc_vadc.o
LOAD ./Libraries/XMCLib/src/xmc_wdt.o
LOAD ./Libraries/Newlib/syscalls.o
LOAD ./Dave/Generated/UART/uart.o
LOAD ./Dave/Generated/UART/uart_conf.o
LOAD ./Dave/Generated/SYSTIMER/systimer.o
LOAD ./Dave/Generated/SYSTIMER/systimer_conf.o
LOAD ./Dave/Generated/INTERRUPT/interrupt.o
LOAD ./Dave/Generated/INTERRUPT/interrupt_conf.o
LOAD ./Dave/Generated/DIGITAL_IO/digital_io.o
LOAD ./Dave/Generated/DIGITAL_IO/digital_io_conf.o
LOAD ./Dave/Generated/CPU_CTRL_XMC4/cpu_ctrl_xmc4.o
LOAD ./Dave/Generated/CPU_CTRL_XMC4/cpu_ctrl_xmc4_conf.o
LOAD ./Dave/Generated/CLOCK_XMC4/clock_xmc4.o
LOAD ./Dave/Generated/CLOCK_XMC4/clock_xmc4_conf.o
LOAD ./Dave/Generated/DAVE.o
LOAD ./main.o
LOAD ./scud_bms.o
LOAD c:/infineon/tools/dave ide/4.5.0.202105191637/eclipse/arm-gcc-49/bin/../lib/gcc/arm-none-eabi/4.9.3/../../../../arm-none-eabi/lib/armv7e-m/softfp\libm.a
START GROUP
LOAD c:/infineon/tools/dave ide/4.5.0.202105191637/eclipse/arm-gcc-49/bin/../lib/gcc/arm-none-eabi/4.9.3/armv7e-m/softfp\libgcc.a
LOAD c:/infineon/tools/dave ide/4.5.0.202105191637/eclipse/arm-gcc-49/bin/../lib/gcc/arm-none-eabi/4.9.3/../../../../arm-none-eabi/lib/armv7e-m/softfp\libg_nano.a
LOAD c:/infineon/tools/dave ide/4.5.0.202105191637/eclipse/arm-gcc-49/bin/../lib/gcc/arm-none-eabi/4.9.3/../../../../arm-none-eabi/lib/armv7e-m/softfp\libc_nano.a
END GROUP
START GROUP
LOAD c:/infineon/tools/dave ide/4.5.0.202105191637/eclipse/arm-gcc-49/bin/../lib/gcc/arm-none-eabi/4.9.3/armv7e-m/softfp\libgcc.a
LOAD c:/infineon/tools/dave ide/4.5.0.202105191637/eclipse/arm-gcc-49/bin/../lib/gcc/arm-none-eabi/4.9.3/../../../../arm-none-eabi/lib/armv7e-m/softfp\libc_nano.a
LOAD c:/infineon/tools/dave ide/4.5.0.202105191637/eclipse/arm-gcc-49/bin/../lib/gcc/arm-none-eabi/4.9.3/../../../../arm-none-eabi/lib/armv7e-m/softfp\librdimon_nano.a
LOAD c:/infineon/tools/dave ide/4.5.0.202105191637/eclipse/arm-gcc-49/bin/../lib/gcc/arm-none-eabi/4.9.3/../../../../arm-none-eabi/lib/armv7e-m/softfp\libnosys.a
END GROUP
START GROUP
LOAD c:/infineon/tools/dave ide/4.5.0.202105191637/eclipse/arm-gcc-49/bin/../lib/gcc/arm-none-eabi/4.9.3/armv7e-m/softfp\libgcc.a
LOAD c:/infineon/tools/dave ide/4.5.0.202105191637/eclipse/arm-gcc-49/bin/../lib/gcc/arm-none-eabi/4.9.3/../../../../arm-none-eabi/lib/armv7e-m/softfp\libc_nano.a
LOAD c:/infineon/tools/dave ide/4.5.0.202105191637/eclipse/arm-gcc-49/bin/../lib/gcc/arm-none-eabi/4.9.3/../../../../arm-none-eabi/lib/armv7e-m/softfp\libnosys.a
END GROUP
START GROUP
LOAD c:/infineon/tools/dave ide/4.5.0.202105191637/eclipse/arm-gcc-49/bin/../lib/gcc/arm-none-eabi/4.9.3/armv7e-m/softfp\libgcc.a
LOAD c:/infineon/tools/dave ide/4.5.0.202105191637/eclipse/arm-gcc-49/bin/../lib/gcc/arm-none-eabi/4.9.3/../../../../arm-none-eabi/lib/armv7e-m/softfp\libc_nano.a
LOAD c:/infineon/tools/dave ide/4.5.0.202105191637/eclipse/arm-gcc-49/bin/../lib/gcc/arm-none-eabi/4.9.3/../../../../arm-none-eabi/lib/armv7e-m/softfp\librdimon_nano.a
END GROUP
                0x00000800                stack_size = DEFINED (stack_size)?stack_size:0x800
                0x00000040                no_init_size = 0x40

.text           0x08000000     0x40e4 load address 0x0c000000
                0x08000000                sText = .
 *(.reset)
 .reset         0x08000000      0x29c ./Startup/startup_XMC4800.o
                0x08000000                __Vectors
                0x08000200                Reset_Handler
                0x08000298                DSD0_7_IRQHandler
                0x08000298                DebugMon_Handler
                0x08000298                VADC0_C0_0_IRQHandler
                0x08000298                CAN0_4_IRQHandler
                0x08000298                VADC0_G2_0_IRQHandler
                0x08000298                USIC0_5_IRQHandler
                0x08000298                POSIF0_0_IRQHandler
                0x08000298                POSIF1_0_IRQHandler
                0x08000298                HardFault_Handler
                0x08000298                VADC0_G1_1_IRQHandler
                0x08000298                PendSV_Handler
                0x08000298                NMI_Handler
                0x08000298                USIC1_3_IRQHandler
                0x08000298                CCU40_2_IRQHandler
                0x08000298                SCU_0_IRQHandler
                0x08000298                ERU0_0_IRQHandler
                0x08000298                CCU41_0_IRQHandler
                0x08000298                USIC1_5_IRQHandler
                0x08000298                DSD0_4_IRQHandler
                0x08000298                CCU80_1_IRQHandler
                0x08000298                CCU81_0_IRQHandler
                0x08000298                UsageFault_Handler
                0x08000298                USIC0_0_IRQHandler
                0x08000298                POSIF1_1_IRQHandler
                0x08000298                ERU0_2_IRQHandler
                0x08000298                CCU81_1_IRQHandler
                0x08000298                ERU1_1_IRQHandler
                0x08000298                VADC0_G2_3_IRQHandler
                0x08000298                VADC0_G2_2_IRQHandler
                0x08000298                CCU42_3_IRQHandler
                0x08000298                ERU0_3_IRQHandler
                0x08000298                DSD0_5_IRQHandler
                0x08000298                VADC0_C0_3_IRQHandler
                0x08000298                CAN0_6_IRQHandler
                0x08000298                CCU43_0_IRQHandler
                0x08000298                VADC0_G0_1_IRQHandler
                0x08000298                CCU81_2_IRQHandler
                0x08000298                USIC2_4_IRQHandler
                0x08000298                CCU81_3_IRQHandler
                0x08000298                CCU42_1_IRQHandler
                0x08000298                USIC1_1_IRQHandler
                0x08000298                USIC2_5_IRQHandler
                0x08000298                CCU40_0_IRQHandler
                0x08000298                CAN0_0_IRQHandler
                0x08000298                ERU1_0_IRQHandler
                0x08000298                CCU42_2_IRQHandler
                0x08000298                Default_Handler
                0x08000298                USIC1_4_IRQHandler
                0x08000298                ERU1_3_IRQHandler
                0x08000298                USIC1_0_IRQHandler
                0x08000298                POSIF0_1_IRQHandler
                0x08000298                VADC0_G0_0_IRQHandler
                0x08000298                DSD0_2_IRQHandler
                0x08000298                CCU80_3_IRQHandler
                0x08000298                CCU41_3_IRQHandler
                0x08000298                CCU80_2_IRQHandler
                0x08000298                VADC0_G1_3_IRQHandler
                0x08000298                VADC0_G0_3_IRQHandler
                0x08000298                GPDMA0_0_IRQHandler
                0x08000298                PMU0_0_IRQHandler
                0x08000298                CAN0_7_IRQHandler
                0x08000298                DSD0_1_IRQHandler
                0x08000298                CCU41_2_IRQHandler
                0x08000298                VADC0_C0_1_IRQHandler
                0x08000298                CCU43_2_IRQHandler
                0x08000298                USIC2_2_IRQHandler
                0x08000298                MemManage_Handler
                0x08000298                VADC0_G3_1_IRQHandler
                0x08000298                DAC0_0_IRQHandler
                0x08000298                SVC_Handler
                0x08000298                VADC0_G3_3_IRQHandler
                0x08000298                ERU1_2_IRQHandler
                0x08000298                CCU41_1_IRQHandler
                0x08000298                DSD0_6_IRQHandler
                0x08000298                CCU43_1_IRQHandler
                0x08000298                VADC0_G1_2_IRQHandler
                0x08000298                USIC2_3_IRQHandler
                0x08000298                CAN0_2_IRQHandler
                0x08000298                USIC2_0_IRQHandler
                0x08000298                VADC0_G0_2_IRQHandler
                0x08000298                ECAT0_0_IRQHandler
                0x08000298                VADC0_G2_1_IRQHandler
                0x08000298                CAN0_3_IRQHandler
                0x08000298                ETH0_0_IRQHandler
                0x08000298                USIC0_3_IRQHandler
                0x08000298                DSD0_0_IRQHandler
                0x08000298                VADC0_C0_2_IRQHandler
                0x08000298                CCU42_0_IRQHandler
                0x08000298                FCE0_0_IRQHandler
                0x08000298                VADC0_G1_0_IRQHandler
                0x08000298                USB0_0_IRQHandler
                0x08000298                CAN0_5_IRQHandler
                0x08000298                CCU80_0_IRQHandler
                0x08000298                CCU40_1_IRQHandler
                0x08000298                USIC2_1_IRQHandler
                0x08000298                USIC0_1_IRQHandler
                0x08000298                VADC0_G3_2_IRQHandler
                0x08000298                CCU40_3_IRQHandler
                0x08000298                BusFault_Handler
                0x08000298                LEDTS0_0_IRQHandler
                0x08000298                USIC0_4_IRQHandler
                0x08000298                CCU43_3_IRQHandler
                0x08000298                ERU0_1_IRQHandler
                0x08000298                VADC0_G3_0_IRQHandler
                0x08000298                USIC1_2_IRQHandler
                0x08000298                DSD0_3_IRQHandler
                0x08000298                SDMMC0_0_IRQHandler
                0x08000298                CAN0_1_IRQHandler
                0x08000298                USIC0_2_IRQHandler
                0x08000298                DAC0_1_IRQHandler
                0x08000298                GPDMA1_0_IRQHandler
 *(.text .text.* .gnu.linkonce.t.*)
 .text.SystemInit
                0x0800029c       0x20 ./Startup/system_XMC4800.o
                0x0800029c                SystemInit
 .text.SystemCoreClockUpdate
                0x080002bc       0xd4 ./Startup/system_XMC4800.o
                0x080002bc                SystemCoreClockUpdate
 .text.XMC_GPIO_Init
                0x08000390      0x14c ./Libraries/XMCLib/src/xmc4_gpio.o
                0x08000390                XMC_GPIO_Init
 .text.XMC_SCU_CLOCK_GetCpuClockFrequency
                0x080004dc       0x18 ./Libraries/XMCLib/src/xmc4_scu.o
 .text.XMC_SCU_GetMirrorStatus
                0x080004f4       0x18 ./Libraries/XMCLib/src/xmc4_scu.o
 .text.XMC_SCU_lDelay
                0x0800050c       0x44 ./Libraries/XMCLib/src/xmc4_scu.o
 .text.XMC_SCU_INTERUPT_GetEventStatus
                0x08000550       0x18 ./Libraries/XMCLib/src/xmc4_scu.o
                0x08000550                XMC_SCU_INTERUPT_GetEventStatus
 .text.XMC_SCU_INTERRUPT_ClearEventStatus
                0x08000568       0x1c ./Libraries/XMCLib/src/xmc4_scu.o
                0x08000568                XMC_SCU_INTERRUPT_ClearEventStatus
 .text.XMC_SCU_CLOCK_Init
                0x08000584       0xf8 ./Libraries/XMCLib/src/xmc4_scu.o
                0x08000584                XMC_SCU_CLOCK_Init
 .text.XMC_SCU_RESET_DeassertPeripheralReset
                0x0800067c       0x38 ./Libraries/XMCLib/src/xmc4_scu.o
                0x0800067c                XMC_SCU_RESET_DeassertPeripheralReset
 .text.XMC_SCU_RESET_IsPeripheralResetAsserted
                0x080006b4       0x48 ./Libraries/XMCLib/src/xmc4_scu.o
                0x080006b4                XMC_SCU_RESET_IsPeripheralResetAsserted
 .text.XMC_SCU_CLOCK_GetPeripheralClockFrequency
                0x080006fc       0x20 ./Libraries/XMCLib/src/xmc4_scu.o
                0x080006fc                XMC_SCU_CLOCK_GetPeripheralClockFrequency
 .text.XMC_SCU_CLOCK_SetSystemClockSource
                0x0800071c       0x28 ./Libraries/XMCLib/src/xmc4_scu.o
                0x0800071c                XMC_SCU_CLOCK_SetSystemClockSource
 .text.XMC_SCU_CLOCK_SetUsbClockSource
                0x08000744       0x28 ./Libraries/XMCLib/src/xmc4_scu.o
                0x08000744                XMC_SCU_CLOCK_SetUsbClockSource
 .text.XMC_SCU_CLOCK_SetWdtClockSource
                0x0800076c       0x28 ./Libraries/XMCLib/src/xmc4_scu.o
                0x0800076c                XMC_SCU_CLOCK_SetWdtClockSource
 .text.XMC_SCU_CLOCK_SetSystemPllClockSource
                0x08000794       0x40 ./Libraries/XMCLib/src/xmc4_scu.o
                0x08000794                XMC_SCU_CLOCK_SetSystemPllClockSource
 .text.XMC_SCU_HIB_SetRtcClockSource
                0x080007d4       0x3c ./Libraries/XMCLib/src/xmc4_scu.o
                0x080007d4                XMC_SCU_HIB_SetRtcClockSource
 .text.XMC_SCU_HIB_SetStandbyClockSource
                0x08000810       0x3c ./Libraries/XMCLib/src/xmc4_scu.o
                0x08000810                XMC_SCU_HIB_SetStandbyClockSource
 .text.XMC_SCU_CLOCK_SetSystemClockDivider
                0x0800084c       0x28 ./Libraries/XMCLib/src/xmc4_scu.o
                0x0800084c                XMC_SCU_CLOCK_SetSystemClockDivider
 .text.XMC_SCU_CLOCK_SetCcuClockDivider
                0x08000874       0x28 ./Libraries/XMCLib/src/xmc4_scu.o
                0x08000874                XMC_SCU_CLOCK_SetCcuClockDivider
 .text.XMC_SCU_CLOCK_SetCpuClockDivider
                0x0800089c       0x28 ./Libraries/XMCLib/src/xmc4_scu.o
                0x0800089c                XMC_SCU_CLOCK_SetCpuClockDivider
 .text.XMC_SCU_CLOCK_SetPeripheralClockDivider
                0x080008c4       0x28 ./Libraries/XMCLib/src/xmc4_scu.o
                0x080008c4                XMC_SCU_CLOCK_SetPeripheralClockDivider
 .text.XMC_SCU_CLOCK_SetUsbClockDivider
                0x080008ec       0x28 ./Libraries/XMCLib/src/xmc4_scu.o
                0x080008ec                XMC_SCU_CLOCK_SetUsbClockDivider
 .text.XMC_SCU_CLOCK_SetEbuClockDivider
                0x08000914       0x28 ./Libraries/XMCLib/src/xmc4_scu.o
                0x08000914                XMC_SCU_CLOCK_SetEbuClockDivider
 .text.XMC_SCU_CLOCK_SetWdtClockDivider
                0x0800093c       0x28 ./Libraries/XMCLib/src/xmc4_scu.o
                0x0800093c                XMC_SCU_CLOCK_SetWdtClockDivider
 .text.XMC_SCU_CLOCK_SetECATClockDivider
                0x08000964       0x28 ./Libraries/XMCLib/src/xmc4_scu.o
                0x08000964                XMC_SCU_CLOCK_SetECATClockDivider
 .text.XMC_SCU_CLOCK_UngatePeripheralClock
                0x0800098c       0x38 ./Libraries/XMCLib/src/xmc4_scu.o
                0x0800098c                XMC_SCU_CLOCK_UngatePeripheralClock
 .text.XMC_SCU_CLOCK_IsPeripheralClockGated
                0x080009c4       0x48 ./Libraries/XMCLib/src/xmc4_scu.o
                0x080009c4                XMC_SCU_CLOCK_IsPeripheralClockGated
 .text.XMC_SCU_CLOCK_EnableUsbPll
                0x08000a0c       0x20 ./Libraries/XMCLib/src/xmc4_scu.o
                0x08000a0c                XMC_SCU_CLOCK_EnableUsbPll
 .text.XMC_SCU_CLOCK_StartUsbPll
                0x08000a2c       0xb4 ./Libraries/XMCLib/src/xmc4_scu.o
                0x08000a2c                XMC_SCU_CLOCK_StartUsbPll
 .text.XMC_SCU_CLOCK_SetBackupClockCalibrationMode
                0x08000ae0       0x4c ./Libraries/XMCLib/src/xmc4_scu.o
                0x08000ae0                XMC_SCU_CLOCK_SetBackupClockCalibrationMode
 .text.XMC_SCU_HIB_EnableHibernateDomain
                0x08000b2c       0x58 ./Libraries/XMCLib/src/xmc4_scu.o
                0x08000b2c                XMC_SCU_HIB_EnableHibernateDomain
 .text.XMC_SCU_CLOCK_IsLowPowerOscillatorStable
                0x08000b84       0x24 ./Libraries/XMCLib/src/xmc4_scu.o
                0x08000b84                XMC_SCU_CLOCK_IsLowPowerOscillatorStable
 .text.XMC_SCU_CLOCK_EnableLowPowerOscillator
                0x08000ba8       0x70 ./Libraries/XMCLib/src/xmc4_scu.o
                0x08000ba8                XMC_SCU_CLOCK_EnableLowPowerOscillator
 .text.XMC_SCU_CLOCK_EnableHighPerformanceOscillator
                0x08000c18       0x50 ./Libraries/XMCLib/src/xmc4_scu.o
                0x08000c18                XMC_SCU_CLOCK_EnableHighPerformanceOscillator
 .text.XMC_SCU_CLOCK_IsHighPerformanceOscillatorStable
                0x08000c68       0x28 ./Libraries/XMCLib/src/xmc4_scu.o
                0x08000c68                XMC_SCU_CLOCK_IsHighPerformanceOscillatorStable
 .text.XMC_SCU_CLOCK_EnableSystemPll
                0x08000c90       0x20 ./Libraries/XMCLib/src/xmc4_scu.o
                0x08000c90                XMC_SCU_CLOCK_EnableSystemPll
 .text.XMC_SCU_CLOCK_DisableSystemPll
                0x08000cb0       0x20 ./Libraries/XMCLib/src/xmc4_scu.o
                0x08000cb0                XMC_SCU_CLOCK_DisableSystemPll
 .text.XMC_SCU_CLOCK_StartSystemPll
                0x08000cd0      0x19c ./Libraries/XMCLib/src/xmc4_scu.o
                0x08000cd0                XMC_SCU_CLOCK_StartSystemPll
 .text.XMC_SCU_CLOCK_StepSystemPllFrequency
                0x08000e6c       0x3c ./Libraries/XMCLib/src/xmc4_scu.o
                0x08000e6c                XMC_SCU_CLOCK_StepSystemPllFrequency
 .text.XMC_GPIO_SetHardwareControl
                0x08000ea8       0x44 ./Libraries/XMCLib/src/xmc_gpio.o
                0x08000ea8                XMC_GPIO_SetHardwareControl
 .text.XMC_UART_CH_InitEx
                0x08000eec       0xd4 ./Libraries/XMCLib/src/xmc_uart.o
                0x08000eec                XMC_UART_CH_InitEx
 .text.XMC_USIC_CH_Enable
                0x08000fc0       0x98 ./Libraries/XMCLib/src/xmc_usic.o
                0x08000fc0                XMC_USIC_CH_Enable
 .text.XMC_USIC_CH_SetBaudrate
                0x08001058       0xe4 ./Libraries/XMCLib/src/xmc_usic.o
                0x08001058                XMC_USIC_CH_SetBaudrate
 .text.XMC_USIC_CH_SetBaudrateEx
                0x0800113c      0x100 ./Libraries/XMCLib/src/xmc_usic.o
                0x0800113c                XMC_USIC_CH_SetBaudrateEx
 .text.XMC_USIC_CH_TXFIFO_Configure
                0x0800123c       0x50 ./Libraries/XMCLib/src/xmc_usic.o
                0x0800123c                XMC_USIC_CH_TXFIFO_Configure
 .text.XMC_USIC_CH_RXFIFO_Configure
                0x0800128c       0x54 ./Libraries/XMCLib/src/xmc_usic.o
                0x0800128c                XMC_USIC_CH_RXFIFO_Configure
 .text.XMC_USIC_CH_SetInterruptNodePointer
                0x080012e0       0x38 ./Libraries/XMCLib/src/xmc_usic.o
                0x080012e0                XMC_USIC_CH_SetInterruptNodePointer
 .text.XMC_USIC_CH_TXFIFO_SetInterruptNodePointer
                0x08001318       0x3c ./Libraries/XMCLib/src/xmc_usic.o
                0x08001318                XMC_USIC_CH_TXFIFO_SetInterruptNodePointer
 .text.XMC_USIC_CH_RXFIFO_SetInterruptNodePointer
                0x08001354       0x3c ./Libraries/XMCLib/src/xmc_usic.o
                0x08001354                XMC_USIC_CH_RXFIFO_SetInterruptNodePointer
 .text.XMC_USIC_Enable
                0x08001390       0xc0 ./Libraries/XMCLib/src/xmc_usic.o
                0x08001390                XMC_USIC_Enable
 .text._sbrk    0x08001450       0x68 ./Libraries/Newlib/syscalls.o
                0x08001450                _sbrk
 .text._init    0x080014b8        0xc ./Libraries/Newlib/syscalls.o
                0x080014b8                _init
 .text.UART_Init
                0x080014c4       0x24 ./Dave/Generated/UART/uart.o
                0x080014c4                UART_Init
 .text.XMC_USIC_CH_SetInputSource
                0x080014e8       0x3c ./Dave/Generated/UART/uart_conf.o
 .text.XMC_USIC_CH_TXFIFO_EnableEvent
                0x08001524       0x24 ./Dave/Generated/UART/uart_conf.o
 .text.XMC_USIC_CH_RXFIFO_EnableEvent
                0x08001548       0x24 ./Dave/Generated/UART/uart_conf.o
 .text.XMC_UART_CH_Init
                0x0800156c       0x1c ./Dave/Generated/UART/uart_conf.o
 .text.XMC_UART_CH_Start
                0x08001588       0x24 ./Dave/Generated/UART/uart_conf.o
 .text.UART_0_init
                0x080015ac       0xb4 ./Dave/Generated/UART/uart_conf.o
                0x080015ac                UART_0_init
 .text.__NVIC_GetPriorityGrouping
                0x08001660       0x1c ./Dave/Generated/SYSTIMER/systimer.o
 .text.__NVIC_SetPriority
                0x0800167c       0x54 ./Dave/Generated/SYSTIMER/systimer.o
 .text.NVIC_EncodePriority
                0x080016d0       0x64 ./Dave/Generated/SYSTIMER/systimer.o
 .text.SysTick_Config
                0x08001734       0x44 ./Dave/Generated/SYSTIMER/systimer.o
 .text.SYSTIMER_lInsertTimerList
                0x08001778      0x1c4 ./Dave/Generated/SYSTIMER/systimer.o
 .text.SYSTIMER_lRemoveTimerList
                0x0800193c       0xc0 ./Dave/Generated/SYSTIMER/systimer.o
 .text.SYSTIMER_lTimerHandler
                0x080019fc       0xcc ./Dave/Generated/SYSTIMER/systimer.o
 .text.SysTick_Handler
                0x08001ac8       0x48 ./Dave/Generated/SYSTIMER/systimer.o
                0x08001ac8                SysTick_Handler
 .text.SYSTIMER_Init
                0x08001b10       0x80 ./Dave/Generated/SYSTIMER/systimer.o
                0x08001b10                SYSTIMER_Init
 .text.__NVIC_GetPriorityGrouping
                0x08001b90       0x1c ./Dave/Generated/INTERRUPT/interrupt.o
 .text.__NVIC_EnableIRQ
                0x08001bac       0x38 ./Dave/Generated/INTERRUPT/interrupt.o
 .text.__NVIC_SetPriority
                0x08001be4       0x54 ./Dave/Generated/INTERRUPT/interrupt.o
 .text.NVIC_EncodePriority
                0x08001c38       0x64 ./Dave/Generated/INTERRUPT/interrupt.o
 .text.INTERRUPT_Enable
                0x08001c9c       0x1c ./Dave/Generated/INTERRUPT/interrupt.o
 .text.INTERRUPT_Init
                0x08001cb8       0x4c ./Dave/Generated/INTERRUPT/interrupt.o
                0x08001cb8                INTERRUPT_Init
 .text.DIGITAL_IO_Init
                0x08001d04       0x40 ./Dave/Generated/DIGITAL_IO/digital_io.o
                0x08001d04                DIGITAL_IO_Init
 .text.__NVIC_SetPriorityGrouping
                0x08001d44       0x48 ./Dave/Generated/CPU_CTRL_XMC4/cpu_ctrl_xmc4_conf.o
 .text.SystemCoreSetup
                0x08001d8c       0xa0 ./Dave/Generated/CPU_CTRL_XMC4/cpu_ctrl_xmc4_conf.o
                0x08001d8c                SystemCoreSetup
 .text.CLOCK_XMC4_Init
                0x08001e2c       0x20 ./Dave/Generated/CLOCK_XMC4/clock_xmc4.o
                0x08001e2c                CLOCK_XMC4_Init
 .text.OSCHP_GetFrequency
                0x08001e4c       0x14 ./Dave/Generated/CLOCK_XMC4/clock_xmc4.o
                0x08001e4c                OSCHP_GetFrequency
 .text.XMC_SCU_CLOCK_SetECATClockSource
                0x08001e60       0x28 ./Dave/Generated/CLOCK_XMC4/clock_xmc4_conf.o
 .text.SystemCoreClockSetup
                0x08001e88       0x64 ./Dave/Generated/CLOCK_XMC4/clock_xmc4_conf.o
                0x08001e88                SystemCoreClockSetup
 .text.DAVE_Init
                0x08001eec       0x88 ./Dave/Generated/DAVE.o
                0x08001eec                DAVE_Init
 .text.__NVIC_DisableIRQ
                0x08001f74       0x44 ./main.o
 .text.XMC_USIC_CH_TXFIFO_PutData
                0x08001fb8       0x20 ./main.o
 .text.XMC_USIC_CH_TXFIFO_IsFull
                0x08001fd8       0x28 ./main.o
 .text.XMC_USIC_CH_TXFIFO_IsEmpty
                0x08002000       0x28 ./main.o
 .text.XMC_USIC_CH_RXFIFO_GetData
                0x08002028       0x1c ./main.o
 .text.XMC_USIC_CH_RXFIFO_Flush
                0x08002044       0x1c ./main.o
 .text.XMC_USIC_CH_RXFIFO_IsEmpty
                0x08002060       0x28 ./main.o
 .text.XMC_UART_CH_GetStatusFlag
                0x08002088       0x18 ./main.o
 .text.delay_ms
                0x080020a0       0x30 ./main.o
 .text.rs485_send
                0x080020d0       0x94 ./main.o
 .text.main     0x08002164      0x214 ./main.o
                0x08002164                main
 .text.hex_to_nibble
                0x08002378       0x54 ./scud_bms.o
 .text.hex2     0x080023cc       0x38 ./scud_bms.o
 .text.hex4     0x08002404       0x68 ./scud_bms.o
 .text.lchksum  0x0800246c       0x50 ./scud_bms.o
 .text.parse_frame
                0x080024bc      0x124 ./scud_bms.o
 .text.decode_analog_info
                0x080025e0      0x2f8 ./scud_bms.o
 .text.SCUD_DecodeAnalog
                0x080028d8       0x5c ./scud_bms.o
                0x080028d8                SCUD_DecodeAnalog
 .text.SCUD_PrintAnalog
                0x08002934      0x180 ./scud_bms.o
                0x08002934                SCUD_PrintAnalog
 .text.SCUD_StatusStr
                0x08002ab4       0x74 ./scud_bms.o
                0x08002ab4                SCUD_StatusStr
 .text.__errno  0x08002b28        0xc c:/infineon/tools/dave ide/4.5.0.202105191637/eclipse/arm-gcc-49/bin/../lib/gcc/arm-none-eabi/4.9.3/../../../../arm-none-eabi/lib/armv7e-m/softfp\libg_nano.a(lib_a-errno.o)
                0x08002b28                __errno
 .text.__libc_init_array
                0x08002b34       0x4c c:/infineon/tools/dave ide/4.5.0.202105191637/eclipse/arm-gcc-49/bin/../lib/gcc/arm-none-eabi/4.9.3/../../../../arm-none-eabi/lib/armv7e-m/softfp\libg_nano.a(lib_a-init.o)
                0x08002b34                __libc_init_array
 .text.memset   0x08002b80       0x10 c:/infineon/tools/dave ide/4.5.0.202105191637/eclipse/arm-gcc-49/bin/../lib/gcc/arm-none-eabi/4.9.3/../../../../arm-none-eabi/lib/armv7e-m/softfp\libg_nano.a(lib_a-memset.o)
                0x08002b80                memset
 .text.printf   0x08002b90       0x30 c:/infineon/tools/dave ide/4.5.0.202105191637/eclipse/arm-gcc-49/bin/../lib/gcc/arm-none-eabi/4.9.3/../../../../arm-none-eabi/lib/armv7e-m/softfp\libg_nano.a(lib_a-printf.o)
                0x08002b90                iprintf
                0x08002b90                printf
 .text.putchar  0x08002bc0       0x28 c:/infineon/tools/dave ide/4.5.0.202105191637/eclipse/arm-gcc-49/bin/../lib/gcc/arm-none-eabi/4.9.3/../../../../arm-none-eabi/lib/armv7e-m/softfp\libg_nano.a(lib_a-putchar.o)
                0x08002bc0                putchar
 .text._puts_r  0x08002be8       0xbc c:/infineon/tools/dave ide/4.5.0.202105191637/eclipse/arm-gcc-49/bin/../lib/gcc/arm-none-eabi/4.9.3/../../../../arm-none-eabi/lib/armv7e-m/softfp\libg_nano.a(lib_a-puts.o)
                0x08002be8                _puts_r
 .text.puts     0x08002ca4       0x10 c:/infineon/tools/dave ide/4.5.0.202105191637/eclipse/arm-gcc-49/bin/../lib/gcc/arm-none-eabi/4.9.3/../../../../arm-none-eabi/lib/armv7e-m/softfp\libg_nano.a(lib_a-puts.o)
                0x08002ca4                puts
 .text.__swbuf_r
                0x08002cb4       0xa8 c:/infineon/tools/dave ide/4.5.0.202105191637/eclipse/arm-gcc-49/bin/../lib/gcc/arm-none-eabi/4.9.3/../../../../arm-none-eabi/lib/armv7e-m/softfp\libg_nano.a(lib_a-wbuf.o)
                0x08002cb4                __swbuf_r
 .text.__swsetup_r
                0x08002d5c       0xd8 c:/infineon/tools/dave ide/4.5.0.202105191637/eclipse/arm-gcc-49/bin/../lib/gcc/arm-none-eabi/4.9.3/../../../../arm-none-eabi/lib/armv7e-m/softfp\libg_nano.a(lib_a-wsetup.o)
                0x08002d5c                __swsetup_r
 .text.__sflush_r
                0x08002e34      0x108 c:/infineon/tools/dave ide/4.5.0.202105191637/eclipse/arm-gcc-49/bin/../lib/gcc/arm-none-eabi/4.9.3/../../../../arm-none-eabi/lib/armv7e-m/softfp\libg_nano.a(lib_a-fflush.o)
                0x08002e34                __sflush_r
 .text._fflush_r
                0x08002f3c       0x54 c:/infineon/tools/dave ide/4.5.0.202105191637/eclipse/arm-gcc-49/bin/../lib/gcc/arm-none-eabi/4.9.3/../../../../arm-none-eabi/lib/armv7e-m/softfp\libg_nano.a(lib_a-fflush.o)
                0x08002f3c                _fflush_r
 .text._cleanup_r
                0x08002f90        0xc c:/infineon/tools/dave ide/4.5.0.202105191637/eclipse/arm-gcc-49/bin/../lib/gcc/arm-none-eabi/4.9.3/../../../../arm-none-eabi/lib/armv7e-m/softfp\libg_nano.a(lib_a-findfp.o)
                0x08002f90                _cleanup_r
 .text.std.isra.0
                0x08002f9c       0x48 c:/infineon/tools/dave ide/4.5.0.202105191637/eclipse/arm-gcc-49/bin/../lib/gcc/arm-none-eabi/4.9.3/../../../../arm-none-eabi/lib/armv7e-m/softfp\libg_nano.a(lib_a-findfp.o)
 .text.__sfmoreglue
                0x08002fe4       0x2c c:/infineon/tools/dave ide/4.5.0.202105191637/eclipse/arm-gcc-49/bin/../lib/gcc/arm-none-eabi/4.9.3/../../../../arm-none-eabi/lib/armv7e-m/softfp\libg_nano.a(lib_a-findfp.o)
                0x08002fe4                __sfmoreglue
 .text.__sinit  0x08003010       0x60 c:/infineon/tools/dave ide/4.5.0.202105191637/eclipse/arm-gcc-49/bin/../lib/gcc/arm-none-eabi/4.9.3/../../../../arm-none-eabi/lib/armv7e-m/softfp\libg_nano.a(lib_a-findfp.o)
                0x08003010                __sinit
 .text.__sfp    0x08003070       0x74 c:/infineon/tools/dave ide/4.5.0.202105191637/eclipse/arm-gcc-49/bin/../lib/gcc/arm-none-eabi/4.9.3/../../../../arm-none-eabi/lib/armv7e-m/softfp\libg_nano.a(lib_a-findfp.o)
                0x08003070                __sfp
 .text._fwalk_reent
                0x080030e4       0x3c c:/infineon/tools/dave ide/4.5.0.202105191637/eclipse/arm-gcc-49/bin/../lib/gcc/arm-none-eabi/4.9.3/../../../../arm-none-eabi/lib/armv7e-m/softfp\libg_nano.a(lib_a-fwalk.o)
                0x080030e4                _fwalk_reent
 .text.__smakebuf_r
                0x08003120       0x9c c:/infineon/tools/dave ide/4.5.0.202105191637/eclipse/arm-gcc-49/bin/../lib/gcc/arm-none-eabi/4.9.3/../../../../arm-none-eabi/lib/armv7e-m/softfp\libg_nano.a(lib_a-makebuf.o)
                0x08003120                __smakebuf_r
 .text._free_r  0x080031bc       0x88 c:/infineon/tools/dave ide/4.5.0.202105191637/eclipse/arm-gcc-49/bin/../lib/gcc/arm-none-eabi/4.9.3/../../../../arm-none-eabi/lib/armv7e-m/softfp\libg_nano.a(lib_a-nano-freer.o)
                0x080031bc                _free_r
 .text._malloc_r
                0x08003244       0xac c:/infineon/tools/dave ide/4.5.0.202105191637/eclipse/arm-gcc-49/bin/../lib/gcc/arm-none-eabi/4.9.3/../../../../arm-none-eabi/lib/armv7e-m/softfp\libg_nano.a(lib_a-nano-mallocr.o)
                0x08003244                _malloc_r
 .text.__sfputc_r
                0x080032f0       0x2c c:/infineon/tools/dave ide/4.5.0.202105191637/eclipse/arm-gcc-49/bin/../lib/gcc/arm-none-eabi/4.9.3/../../../../arm-none-eabi/lib/armv7e-m/softfp\libg_nano.a(lib_a-nano-vfprintf.o)
 .text.__sfputs_r
                0x0800331c       0x24 c:/infineon/tools/dave ide/4.5.0.202105191637/eclipse/arm-gcc-49/bin/../lib/gcc/arm-none-eabi/4.9.3/../../../../arm-none-eabi/lib/armv7e-m/softfp\libg_nano.a(lib_a-nano-vfprintf.o)
                0x0800331c                __sfputs_r
 .text._vfprintf_r
                0x08003340      0x210 c:/infineon/tools/dave ide/4.5.0.202105191637/eclipse/arm-gcc-49/bin/../lib/gcc/arm-none-eabi/4.9.3/../../../../arm-none-eabi/lib/armv7e-m/softfp\libg_nano.a(lib_a-nano-vfprintf.o)
                0x08003340                _vfprintf_r
                0x08003340                _vfiprintf_r
 .text._printf_common
                0x08003550       0xea c:/infineon/tools/dave ide/4.5.0.202105191637/eclipse/arm-gcc-49/bin/../lib/gcc/arm-none-eabi/4.9.3/../../../../arm-none-eabi/lib/armv7e-m/softfp\libg_nano.a(lib_a-nano-vfprintf_i.o)
                0x08003550                _printf_common
 *fill*         0x0800363a        0x2 
 .text._printf_i
                0x0800363c      0x234 c:/infineon/tools/dave ide/4.5.0.202105191637/eclipse/arm-gcc-49/bin/../lib/gcc/arm-none-eabi/4.9.3/../../../../arm-none-eabi/lib/armv7e-m/softfp\libg_nano.a(lib_a-nano-vfprintf_i.o)
                0x0800363c                _printf_i
 .text._putc_r  0x08003870       0x78 c:/infineon/tools/dave ide/4.5.0.202105191637/eclipse/arm-gcc-49/bin/../lib/gcc/arm-none-eabi/4.9.3/../../../../arm-none-eabi/lib/armv7e-m/softfp\libg_nano.a(lib_a-putc.o)
                0x08003870                _putc_r
 .text._sbrk_r  0x080038e8       0x20 c:/infineon/tools/dave ide/4.5.0.202105191637/eclipse/arm-gcc-49/bin/../lib/gcc/arm-none-eabi/4.9.3/../../../../arm-none-eabi/lib/armv7e-m/softfp\libg_nano.a(lib_a-sbrkr.o)
                0x080038e8                _sbrk_r
 .text.__sread  0x08003908       0x22 c:/infineon/tools/dave ide/4.5.0.202105191637/eclipse/arm-gcc-49/bin/../lib/gcc/arm-none-eabi/4.9.3/../../../../arm-none-eabi/lib/armv7e-m/softfp\libg_nano.a(lib_a-stdio.o)
                0x08003908                __sread
 .text.__swrite
                0x0800392a       0x38 c:/infineon/tools/dave ide/4.5.0.202105191637/eclipse/arm-gcc-49/bin/../lib/gcc/arm-none-eabi/4.9.3/../../../../arm-none-eabi/lib/armv7e-m/softfp\libg_nano.a(lib_a-stdio.o)
                0x0800392a                __swrite
 .text.__sseek  0x08003962       0x24 c:/infineon/tools/dave ide/4.5.0.202105191637/eclipse/arm-gcc-49/bin/../lib/gcc/arm-none-eabi/4.9.3/../../../../arm-none-eabi/lib/armv7e-m/softfp\libg_nano.a(lib_a-stdio.o)
                0x08003962                __sseek
 .text.__sclose
                0x08003986        0x8 c:/infineon/tools/dave ide/4.5.0.202105191637/eclipse/arm-gcc-49/bin/../lib/gcc/arm-none-eabi/4.9.3/../../../../arm-none-eabi/lib/armv7e-m/softfp\libg_nano.a(lib_a-stdio.o)
                0x08003986                __sclose
 *fill*         0x0800398e        0x2 
 .text._write_r
                0x08003990       0x24 c:/infineon/tools/dave ide/4.5.0.202105191637/eclipse/arm-gcc-49/bin/../lib/gcc/arm-none-eabi/4.9.3/../../../../arm-none-eabi/lib/armv7e-m/softfp\libg_nano.a(lib_a-writer.o)
                0x08003990                _write_r
 .text._close_r
                0x080039b4       0x20 c:/infineon/tools/dave ide/4.5.0.202105191637/eclipse/arm-gcc-49/bin/../lib/gcc/arm-none-eabi/4.9.3/../../../../arm-none-eabi/lib/armv7e-m/softfp\libg_nano.a(lib_a-closer.o)
                0x080039b4                _close_r
 .text._fstat_r
                0x080039d4       0x24 c:/infineon/tools/dave ide/4.5.0.202105191637/eclipse/arm-gcc-49/bin/../lib/gcc/arm-none-eabi/4.9.3/../../../../arm-none-eabi/lib/armv7e-m/softfp\libg_nano.a(lib_a-fstatr.o)
                0x080039d4                _fstat_r
 .text._isatty_r
                0x080039f8       0x20 c:/infineon/tools/dave ide/4.5.0.202105191637/eclipse/arm-gcc-49/bin/../lib/gcc/arm-none-eabi/4.9.3/../../../../arm-none-eabi/lib/armv7e-m/softfp\libg_nano.a(lib_a-isattyr.o)
                0x080039f8                _isatty_r
 .text._lseek_r
                0x08003a18       0x24 c:/infineon/tools/dave ide/4.5.0.202105191637/eclipse/arm-gcc-49/bin/../lib/gcc/arm-none-eabi/4.9.3/../../../../arm-none-eabi/lib/armv7e-m/softfp\libg_nano.a(lib_a-lseekr.o)
                0x08003a18                _lseek_r
 .text.memchr   0x08003a3c       0x1e c:/infineon/tools/dave ide/4.5.0.202105191637/eclipse/arm-gcc-49/bin/../lib/gcc/arm-none-eabi/4.9.3/../../../../arm-none-eabi/lib/armv7e-m/softfp\libg_nano.a(lib_a-memchr.o)
                0x08003a3c                memchr
 *fill*         0x08003a5a        0x2 
 .text._read_r  0x08003a5c       0x24 c:/infineon/tools/dave ide/4.5.0.202105191637/eclipse/arm-gcc-49/bin/../lib/gcc/arm-none-eabi/4.9.3/../../../../arm-none-eabi/lib/armv7e-m/softfp\libg_nano.a(lib_a-readr.o)
                0x08003a5c                _read_r
 .text.findslot
                0x08003a80       0x34 c:/infineon/tools/dave ide/4.5.0.202105191637/eclipse/arm-gcc-49/bin/../lib/gcc/arm-none-eabi/4.9.3/../../../../arm-none-eabi/lib/armv7e-m/softfp\librdimon_nano.a(rdimon-syscalls.o)
 .text.error    0x08003ab4       0x1c c:/infineon/tools/dave ide/4.5.0.202105191637/eclipse/arm-gcc-49/bin/../lib/gcc/arm-none-eabi/4.9.3/../../../../arm-none-eabi/lib/armv7e-m/softfp\librdimon_nano.a(rdimon-syscalls.o)
 .text.checkerror
                0x08003ad0        0xa c:/infineon/tools/dave ide/4.5.0.202105191637/eclipse/arm-gcc-49/bin/../lib/gcc/arm-none-eabi/4.9.3/../../../../arm-none-eabi/lib/armv7e-m/softfp\librdimon_nano.a(rdimon-syscalls.o)
 *fill*         0x08003ada        0x2 
 .text.initialise_monitor_handles
                0x08003adc       0xa4 c:/infineon/tools/dave ide/4.5.0.202105191637/eclipse/arm-gcc-49/bin/../lib/gcc/arm-none-eabi/4.9.3/../../../../arm-none-eabi/lib/armv7e-m/softfp\librdimon_nano.a(rdimon-syscalls.o)
                0x08003adc                initialise_monitor_handles
 .text._swiread
                0x08003b80       0x20 c:/infineon/tools/dave ide/4.5.0.202105191637/eclipse/arm-gcc-49/bin/../lib/gcc/arm-none-eabi/4.9.3/../../../../arm-none-eabi/lib/armv7e-m/softfp\librdimon_nano.a(rdimon-syscalls.o)
                0x08003b80                _swiread
 .text._read    0x08003ba0       0x34 c:/infineon/tools/dave ide/4.5.0.202105191637/eclipse/arm-gcc-49/bin/../lib/gcc/arm-none-eabi/4.9.3/../../../../arm-none-eabi/lib/armv7e-m/softfp\librdimon_nano.a(rdimon-syscalls.o)
                0x08003ba0                _read
 .text._swilseek
                0x08003bd4       0x7a c:/infineon/tools/dave ide/4.5.0.202105191637/eclipse/arm-gcc-49/bin/../lib/gcc/arm-none-eabi/4.9.3/../../../../arm-none-eabi/lib/armv7e-m/softfp\librdimon_nano.a(rdimon-syscalls.o)
                0x08003bd4                _swilseek
 .text._lseek   0x08003c4e        0x4 c:/infineon/tools/dave ide/4.5.0.202105191637/eclipse/arm-gcc-49/bin/../lib/gcc/arm-none-eabi/4.9.3/../../../../arm-none-eabi/lib/armv7e-m/softfp\librdimon_nano.a(rdimon-syscalls.o)
                0x08003c4e                _lseek
 .text._swiwrite
                0x08003c52       0x20 c:/infineon/tools/dave ide/4.5.0.202105191637/eclipse/arm-gcc-49/bin/../lib/gcc/arm-none-eabi/4.9.3/../../../../arm-none-eabi/lib/armv7e-m/softfp\librdimon_nano.a(rdimon-syscalls.o)
                0x08003c52                _swiwrite
 .text._write   0x08003c72       0x42 c:/infineon/tools/dave ide/4.5.0.202105191637/eclipse/arm-gcc-49/bin/../lib/gcc/arm-none-eabi/4.9.3/../../../../arm-none-eabi/lib/armv7e-m/softfp\librdimon_nano.a(rdimon-syscalls.o)
                0x08003c72                _write
 .text._swiclose
                0x08003cb4       0x1c c:/infineon/tools/dave ide/4.5.0.202105191637/eclipse/arm-gcc-49/bin/../lib/gcc/arm-none-eabi/4.9.3/../../../../arm-none-eabi/lib/armv7e-m/softfp\librdimon_nano.a(rdimon-syscalls.o)
                0x08003cb4                _swiclose
 .text._close   0x08003cd0       0x48 c:/infineon/tools/dave ide/4.5.0.202105191637/eclipse/arm-gcc-49/bin/../lib/gcc/arm-none-eabi/4.9.3/../../../../arm-none-eabi/lib/armv7e-m/softfp\librdimon_nano.a(rdimon-syscalls.o)
                0x08003cd0                _close
 .text._swistat
                0x08003d18       0x42 c:/infineon/tools/dave ide/4.5.0.202105191637/eclipse/arm-gcc-49/bin/../lib/gcc/arm-none-eabi/4.9.3/../../../../arm-none-eabi/lib/armv7e-m/softfp\librdimon_nano.a(rdimon-syscalls.o)
                0x08003d18                _swistat
 .text._fstat   0x08003d5a       0x1c c:/infineon/tools/dave ide/4.5.0.202105191637/eclipse/arm-gcc-49/bin/../lib/gcc/arm-none-eabi/4.9.3/../../../../arm-none-eabi/lib/armv7e-m/softfp\librdimon_nano.a(rdimon-syscalls.o)
                0x08003d5a                _fstat
 .text._isatty  0x08003d76       0x38 c:/infineon/tools/dave ide/4.5.0.202105191637/eclipse/arm-gcc-49/bin/../lib/gcc/arm-none-eabi/4.9.3/../../../../arm-none-eabi/lib/armv7e-m/softfp\librdimon_nano.a(rdimon-syscalls.o)
                0x08003d76                _isatty
 *(.init)
 *(.fini)
 *crtbegin.o(.ctors)
 *crtbegin?.o(.ctors)
 *(EXCLUDE_FILE(*crtend.o *crtend?.o) .ctors)
 *(SORT(.ctors.*))
 *(.ctors)
 *crtbegin.o(.dtors)
 *crtbegin?.o(.dtors)
 *(EXCLUDE_FILE(*crtend.o *crtend?.o) .dtors)
 *(SORT(.dtors.*))
 *(.dtors)
 *(.rodata .rodata.*)
 *fill*         0x08003dae        0x2 
 .rodata.UART_0_channel_config
                0x08003db0        0xc ./Dave/Generated/UART/uart_conf.o
                0x08003db0                UART_0_channel_config
 .rodata.UART_0_tx_pin_config
                0x08003dbc        0xc ./Dave/Generated/UART/uart_conf.o
                0x08003dbc                UART_0_tx_pin_config
 .rodata.UART_0_tx_pin
                0x08003dc8        0xc ./Dave/Generated/UART/uart_conf.o
                0x08003dc8                UART_0_tx_pin
 .rodata.UART_0_config
                0x08003dd4       0x28 ./Dave/Generated/UART/uart_conf.o
                0x08003dd4                UART_0_config
 .rodata.UART_0_rx_pin_config
                0x08003dfc        0xc ./Dave/Generated/UART/uart_conf.o
                0x08003dfc                UART_0_rx_pin_config
 .rodata        0x08003e08       0x30 ./Dave/Generated/SYSTIMER/systimer.o
 .rodata.INTERRUPT_TX
                0x08003e38        0x4 ./Dave/Generated/INTERRUPT/interrupt_conf.o
                0x08003e38                INTERRUPT_TX
 .rodata.INTERRUPT_RX
                0x08003e3c        0x4 ./Dave/Generated/INTERRUPT/interrupt_conf.o
                0x08003e3c                INTERRUPT_RX
 .rodata.RS485_DE
                0x08003e40       0x14 ./Dave/Generated/DIGITAL_IO/digital_io_conf.o
                0x08003e40                RS485_DE
 .rodata        0x08003e54       0x14 ./Dave/Generated/CLOCK_XMC4/clock_xmc4_conf.o
 .rodata        0x08003e68       0xb8 ./main.o
 .rodata.req.9615
                0x08003f20       0x14 ./main.o
 .rodata        0x08003f34      0x110 ./scud_bms.o
 .rodata.str1.1
                0x08004044        0x2 c:/infineon/tools/dave ide/4.5.0.202105191637/eclipse/arm-gcc-49/bin/../lib/gcc/arm-none-eabi/4.9.3/../../../../arm-none-eabi/lib/armv7e-m/softfp\libg_nano.a(lib_a-impure.o)
 *fill*         0x08004046        0x2 
 .rodata._global_impure_ptr
                0x08004048        0x4 c:/infineon/tools/dave ide/4.5.0.202105191637/eclipse/arm-gcc-49/bin/../lib/gcc/arm-none-eabi/4.9.3/../../../../arm-none-eabi/lib/armv7e-m/softfp\libg_nano.a(lib_a-impure.o)
                0x08004048                _global_impure_ptr
 .rodata.__sf_fake_stdin
                0x0800404c       0x20 c:/infineon/tools/dave ide/4.5.0.202105191637/eclipse/arm-gcc-49/bin/../lib/gcc/arm-none-eabi/4.9.3/../../../../arm-none-eabi/lib/armv7e-m/softfp\libg_nano.a(lib_a-findfp.o)
                0x0800404c                __sf_fake_stdin
 .rodata.__sf_fake_stdout
                0x0800406c       0x20 c:/infineon/tools/dave ide/4.5.0.202105191637/eclipse/arm-gcc-49/bin/../lib/gcc/arm-none-eabi/4.9.3/../../../../arm-none-eabi/lib/armv7e-m/softfp\libg_nano.a(lib_a-findfp.o)
                0x0800406c                __sf_fake_stdout
 .rodata.__sf_fake_stderr
                0x0800408c       0x20 c:/infineon/tools/dave ide/4.5.0.202105191637/eclipse/arm-gcc-49/bin/../lib/gcc/arm-none-eabi/4.9.3/../../../../arm-none-eabi/lib/armv7e-m/softfp\libg_nano.a(lib_a-findfp.o)
                0x0800408c                __sf_fake_stderr
 .rodata.str1.1
                0x080040ac       0x11 c:/infineon/tools/dave ide/4.5.0.202105191637/eclipse/arm-gcc-49/bin/../lib/gcc/arm-none-eabi/4.9.3/../../../../arm-none-eabi/lib/armv7e-m/softfp\libg_nano.a(lib_a-nano-vfprintf.o)
 .rodata.str1.1
                0x080040bd       0x22 c:/infineon/tools/dave ide/4.5.0.202105191637/eclipse/arm-gcc-49/bin/../lib/gcc/arm-none-eabi/4.9.3/../../../../arm-none-eabi/lib/armv7e-m/softfp\libg_nano.a(lib_a-nano-vfprintf_i.o)
 .rodata.str1.1
                0x080040df        0x4 c:/infineon/tools/dave ide/4.5.0.202105191637/eclipse/arm-gcc-49/bin/../lib/gcc/arm-none-eabi/4.9.3/../../../../arm-none-eabi/lib/armv7e-m/softfp\librdimon_nano.a(rdimon-syscalls.o)
 *(.gnu.linkonce.r*)
 *(vtable)
                0x080040e4                . = ALIGN (0x4)
 *fill*         0x080040e3        0x1 

.glue_7         0x080040e4        0x0 load address 0x0c0040e4
 .glue_7        0x00000000        0x0 linker stubs

.glue_7t        0x080040e4        0x0 load address 0x0c0040e4
 .glue_7t       0x00000000        0x0 linker stubs

.vfp11_veneer   0x080040e4        0x0 load address 0x0c0040e4
 .vfp11_veneer  0x00000000        0x0 linker stubs

.v4_bx          0x080040e4        0x0 load address 0x0c0040e4
 .v4_bx         0x00000000        0x0 linker stubs

.iplt           0x080040e4        0x0 load address 0x0c0040e4
 .iplt          0x00000000        0x0 ./Startup/startup_XMC4800.o

.rel.dyn        0x080040e4        0x0 load address 0x0c0040e4
 .rel.iplt      0x00000000        0x0 ./Startup/startup_XMC4800.o

.eh_frame_hdr
 *(.eh_frame_hdr)

.eh_frame
 *(.eh_frame)

.ARM.extab
 *(.ARM.extab* .gnu.linkonce.armextab.*)
                0x080040e4                . = ALIGN (0x4)
                0x080040e4                __exidx_start = .

.ARM.exidx
 *(.ARM.exidx* .gnu.linkonce.armexidx.*)
                0x080040e4                __exidx_end = .
                0x080040e4                . = ALIGN (0x4)

Stack           0x1ffe8000      0x800
                0x1ffe8000                __stack_start = .
                0x1ffe8800                . = (. + stack_size)
 *fill*         0x1ffe8000      0x800 
                0x1ffe8800                __stack_end = .
                0x1ffe8800                __initial_sp = .

.ram_code       0x1ffe8800        0x0 load address 0x0c0040e4
                0x1ffe8800                . = ALIGN (0x4)
                0x1ffe8800                __ram_code_start = .
 *(.ram_code)
                0x1ffe8800                . = ALIGN (0x4)
                0x1ffe8800                __ram_code_end = .
                0x0c0040e4                __ram_code_load = LOADADDR (.ram_code)
                0x00000000                __ram_code_size = (__ram_code_end - __ram_code_start)

.data           0x1ffe8800       0x70 load address 0x0c0040e4
                0x1ffe8800                . = ALIGN (0x4)
                0x1ffe8800                __data_start = .
 *(.data)
 *(.data*)
 .data.UART_0   0x1ffe8800        0xc ./Dave/Generated/UART/uart_conf.o
                0x1ffe8800                UART_0
 .data.impure_data
                0x1ffe880c       0x60 c:/infineon/tools/dave ide/4.5.0.202105191637/eclipse/arm-gcc-49/bin/../lib/gcc/arm-none-eabi/4.9.3/../../../../arm-none-eabi/lib/armv7e-m/softfp\libg_nano.a(lib_a-impure.o)
 .data._impure_ptr
                0x1ffe886c        0x4 c:/infineon/tools/dave ide/4.5.0.202105191637/eclipse/arm-gcc-49/bin/../lib/gcc/arm-none-eabi/4.9.3/../../../../arm-none-eabi/lib/armv7e-m/softfp\libg_nano.a(lib_a-impure.o)
                0x1ffe886c                _impure_ptr
 *(*.data)
 *(.gnu.linkonce.d*)
                0x1ffe8870                . = ALIGN (0x4)
                0x1ffe8870                PROVIDE (__preinit_array_start, .)
 *(.preinit_array)
                0x1ffe8870                PROVIDE (__preinit_array_end, .)
                0x1ffe8870                . = ALIGN (0x4)
                0x1ffe8870                PROVIDE (__init_array_start, .)
 *(SORT(.init_array.*))
 *(.init_array)
                0x1ffe8870                PROVIDE (__init_array_end, .)
                0x1ffe8870                . = ALIGN (0x4)
                0x1ffe8870                PROVIDE (__fini_array_start, .)
 *(SORT(.fini_array.*))
 *(.fini_array)
                0x1ffe8870                PROVIDE (__fini_array_end, .)
                0x1ffe8870                . = ALIGN (0x4)
                0x1ffe8870                __data_end = .
                0x0c0040e4                __data_load = LOADADDR (.data)
                0x00000070                __data_size = (__data_end - __data_start)
                0x00004154                __text_size = (((__exidx_end - sText) + __data_size) + __ram_code_size)
                0x08004154                eText = (sText + __text_size)

.igot.plt       0x1ffe8870        0x0 load address 0x0c004154
 .igot.plt      0x00000000        0x0 ./Startup/startup_XMC4800.o

.bss            0x1ffe8870      0x20c load address 0x0c004154
                0x1ffe8870                . = ALIGN (0x4)
                0x1ffe8870                __bss_start = .
 *(.bss)
 *(.bss*)
 .bss.heap_ptr.4331
                0x1ffe8870        0x4 ./Libraries/Newlib/syscalls.o
 .bss.UART_0_runtime
                0x1ffe8874       0x1c ./Dave/Generated/UART/uart_conf.o
                0x1ffe8874                UART_0_runtime
 .bss.g_timer_list
                0x1ffe8890        0x4 ./Dave/Generated/SYSTIMER/systimer.o
                0x1ffe8890                g_timer_list
 .bss.g_timer_tracker
                0x1ffe8894        0x4 ./Dave/Generated/SYSTIMER/systimer.o
                0x1ffe8894                g_timer_tracker
 .bss.g_systick_count
                0x1ffe8898        0x4 ./Dave/Generated/SYSTIMER/systimer.o
                0x1ffe8898                g_systick_count
 .bss.SYSTIMER_0
                0x1ffe889c        0x4 ./Dave/Generated/SYSTIMER/systimer_conf.o
                0x1ffe889c                SYSTIMER_0
 .bss.CLOCK_XMC4_0
                0x1ffe88a0        0x4 ./Dave/Generated/CLOCK_XMC4/clock_xmc4_conf.o
                0x1ffe88a0                CLOCK_XMC4_0
 .bss.__malloc_sbrk_start
                0x1ffe88a4        0x4 c:/infineon/tools/dave ide/4.5.0.202105191637/eclipse/arm-gcc-49/bin/../lib/gcc/arm-none-eabi/4.9.3/../../../../arm-none-eabi/lib/armv7e-m/softfp\libg_nano.a(lib_a-nano-mallocr.o)
                0x1ffe88a4                __malloc_sbrk_start
 .bss.__malloc_free_list
                0x1ffe88a8        0x4 c:/infineon/tools/dave ide/4.5.0.202105191637/eclipse/arm-gcc-49/bin/../lib/gcc/arm-none-eabi/4.9.3/../../../../arm-none-eabi/lib/armv7e-m/softfp\libg_nano.a(lib_a-nano-mallocr.o)
                0x1ffe88a8                __malloc_free_list
 .bss.monitor_stdout
                0x1ffe88ac        0x4 c:/infineon/tools/dave ide/4.5.0.202105191637/eclipse/arm-gcc-49/bin/../lib/gcc/arm-none-eabi/4.9.3/../../../../arm-none-eabi/lib/armv7e-m/softfp\librdimon_nano.a(rdimon-syscalls.o)
 .bss.monitor_stdin
                0x1ffe88b0        0x4 c:/infineon/tools/dave ide/4.5.0.202105191637/eclipse/arm-gcc-49/bin/../lib/gcc/arm-none-eabi/4.9.3/../../../../arm-none-eabi/lib/armv7e-m/softfp\librdimon_nano.a(rdimon-syscalls.o)
 .bss.monitor_stderr
                0x1ffe88b4        0x4 c:/infineon/tools/dave ide/4.5.0.202105191637/eclipse/arm-gcc-49/bin/../lib/gcc/arm-none-eabi/4.9.3/../../../../arm-none-eabi/lib/armv7e-m/softfp\librdimon_nano.a(rdimon-syscalls.o)
 .bss.openfiles
                0x1ffe88b8       0xa0 c:/infineon/tools/dave ide/4.5.0.202105191637/eclipse/arm-gcc-49/bin/../lib/gcc/arm-none-eabi/4.9.3/../../../../arm-none-eabi/lib/armv7e-m/softfp\librdimon_nano.a(rdimon-syscalls.o)
 *(COMMON)
 COMMON         0x1ffe8958      0x120 ./Dave/Generated/SYSTIMER/systimer.o
                0x1ffe8958                g_timer_tbl
 COMMON         0x1ffe8a78        0x4 c:/infineon/tools/dave ide/4.5.0.202105191637/eclipse/arm-gcc-49/bin/../lib/gcc/arm-none-eabi/4.9.3/../../../../arm-none-eabi/lib/armv7e-m/softfp\libg_nano.a(lib_a-reent.o)
                0x1ffe8a78                errno
 *(.gnu.linkonce.b*)
                0x1ffe8a7c                . = ALIGN (0x4)
                0x1ffe8a7c                __bss_end = .
                0x0000020c                __bss_size = (__bss_end - __bss_start)
                0x00017584                __shift_loc = (__bss_end >= ORIGIN (DSRAM_1_system))?0x0:(ORIGIN (DSRAM_1_system) - __bss_end)

USB_RAM         0x20000000        0x0
                0x20000000                . = ALIGN (0x4)
                0x20000000                USB_RAM_start = .
 *(USB_RAM)
                0x20000000                . = ALIGN (0x4)
                0x20000000                USB_RAM_end = .
                0x00000000                USB_RAM_size = (USB_RAM_end - USB_RAM_start)

ETH_RAM         0x20000000        0x0
                0x20000000                . = ALIGN (0x4)
                0x20000000                ETH_RAM_start = .
 *(ETH_RAM)
                0x20000000                . = ALIGN (0x4)
                0x20000000                ETH_RAM_end = .
                0x20000000                . = ALIGN (0x8)
                0x20000000                Heap_Bank1_Start = .
                0x00000000                ETH_RAM_size = (ETH_RAM_end - ETH_RAM_start)

.no_init        0x2003ffc0       0x14
                0x2003ffc0                Heap_Bank1_End = .
 *(.no_init)
 .no_init       0x2003ffc0       0x14 ./Startup/system_XMC4800.o
                0x2003ffc0                SystemCoreClock
                0x2003ffc4                g_chipid
                0x0003ffc0                Heap_Bank1_Size = (Heap_Bank1_End - Heap_Bank1_Start)
                0x00000001                ASSERT ((Heap_Bank1_Start <= Heap_Bank1_End), region SRAM_combined overflowed no_init section)

/DISCARD/
 *(.comment)

.stab
 *(.stab)

.stabstr
 *(.stabstr)

.debug
 *(.debug)

.line
 *(.line)

.debug_srcinfo
 *(.debug_srcinfo)

.debug_sfnames
 *(.debug_sfnames)

.debug_aranges  0x00000000      0xa70
 *(.debug_aranges)
 .debug_aranges
                0x00000000       0x20 ./Startup/startup_XMC4800.o
 .debug_aranges
                0x00000020       0x48 ./Startup/system_XMC4800.o
 .debug_aranges
                0x00000068       0x28 ./Libraries/XMCLib/src/xmc4_gpio.o
 .debug_aranges
                0x00000090      0x3f8 ./Libraries/XMCLib/src/xmc4_scu.o
 .debug_aranges
                0x00000488       0x28 ./Libraries/XMCLib/src/xmc_gpio.o
 .debug_aranges
                0x000004b0       0x78 ./Libraries/XMCLib/src/xmc_uart.o
 .debug_aranges
                0x00000528       0xb8 ./Libraries/XMCLib/src/xmc_usic.o
 .debug_aranges
                0x000005e0       0x28 ./Libraries/Newlib/syscalls.o
 .debug_aranges
                0x00000608       0x98 ./Dave/Generated/UART/uart.o
 .debug_aranges
                0x000006a0       0x48 ./Dave/Generated/UART/uart_conf.o
 .debug_aranges
                0x000006e8       0xe0 ./Dave/Generated/SYSTIMER/systimer.o
 .debug_aranges
                0x000007c8       0x18 ./Dave/Generated/SYSTIMER/systimer_conf.o
 .debug_aranges
                0x000007e0       0x50 ./Dave/Generated/INTERRUPT/interrupt.o
 .debug_aranges
                0x00000830       0x18 ./Dave/Generated/INTERRUPT/interrupt_conf.o
 .debug_aranges
                0x00000848       0x28 ./Dave/Generated/DIGITAL_IO/digital_io.o
 .debug_aranges
                0x00000870       0x18 ./Dave/Generated/DIGITAL_IO/digital_io_conf.o
 .debug_aranges
                0x00000888       0x28 ./Dave/Generated/CPU_CTRL_XMC4/cpu_ctrl_xmc4_conf.o
 .debug_aranges
                0x000008b0       0x38 ./Dave/Generated/CLOCK_XMC4/clock_xmc4.o
 .debug_aranges
                0x000008e8       0x28 ./Dave/Generated/CLOCK_XMC4/clock_xmc4_conf.o
 .debug_aranges
                0x00000910       0x20 ./Dave/Generated/DAVE.o
 .debug_aranges
                0x00000930       0x70 ./main.o
 .debug_aranges
                0x000009a0       0xd0 ./scud_bms.o

.debug_pubnames
 *(.debug_pubnames)

.debug_pubtypes
 *(.debug_pubtypes)

.debug_info     0x00000000     0xeb85
 *(.debug_info .gnu.linkonce.wi.*)
 .debug_info    0x00000000       0xab ./Startup/startup_XMC4800.o
 .debug_info    0x000000ab      0xa42 ./Startup/system_XMC4800.o
 .debug_info    0x00000aed      0x4dd ./Libraries/XMCLib/src/xmc4_gpio.o
 .debug_info    0x00000fca     0x24b2 ./Libraries/XMCLib/src/xmc4_scu.o
 .debug_info    0x0000347c      0x458 ./Libraries/XMCLib/src/xmc_gpio.o
 .debug_info    0x000038d4      0x9d2 ./Libraries/XMCLib/src/xmc_uart.o
 .debug_info    0x000042a6      0xfae ./Libraries/XMCLib/src/xmc_usic.o
 .debug_info    0x00005254      0x11f ./Libraries/Newlib/syscalls.o
 .debug_info    0x00005373     0x11cb ./Dave/Generated/UART/uart.o
 .debug_info    0x0000653e      0xe4a ./Dave/Generated/UART/uart_conf.o
 .debug_info    0x00007388     0x135e ./Dave/Generated/SYSTIMER/systimer.o
 .debug_info    0x000086e6      0x1a9 ./Dave/Generated/SYSTIMER/systimer_conf.o
 .debug_info    0x0000888f      0x9d0 ./Dave/Generated/INTERRUPT/interrupt.o
 .debug_info    0x0000925f      0x4ed ./Dave/Generated/INTERRUPT/interrupt_conf.o
 .debug_info    0x0000974c      0x597 ./Dave/Generated/DIGITAL_IO/digital_io.o
 .debug_info    0x00009ce3      0x4d2 ./Dave/Generated/DIGITAL_IO/digital_io_conf.o
 .debug_info    0x0000a1b5      0x52e ./Dave/Generated/CPU_CTRL_XMC4/cpu_ctrl_xmc4_conf.o
 .debug_info    0x0000a6e3      0x2dd ./Dave/Generated/CLOCK_XMC4/clock_xmc4.o
 .debug_info    0x0000a9c0      0x659 ./Dave/Generated/CLOCK_XMC4/clock_xmc4_conf.o
 .debug_info    0x0000b019      0xffa ./Dave/Generated/DAVE.o
 .debug_info    0x0000c013     0x14e9 ./main.o
 .debug_info    0x0000d4fc     0x1689 ./scud_bms.o

.debug_abbrev   0x00000000     0x25dc
 *(.debug_abbrev)
 .debug_abbrev  0x00000000       0x14 ./Startup/startup_XMC4800.o
 .debug_abbrev  0x00000014      0x1f1 ./Startup/system_XMC4800.o
 .debug_abbrev  0x00000205      0x144 ./Libraries/XMCLib/src/xmc4_gpio.o
 .debug_abbrev  0x00000349      0x2a3 ./Libraries/XMCLib/src/xmc4_scu.o
 .debug_abbrev  0x000005ec      0x144 ./Libraries/XMCLib/src/xmc_gpio.o
 .debug_abbrev  0x00000730      0x225 ./Libraries/XMCLib/src/xmc_uart.o
 .debug_abbrev  0x00000955      0x24c ./Libraries/XMCLib/src/xmc_usic.o
 .debug_abbrev  0x00000ba1       0xbd ./Libraries/Newlib/syscalls.o
 .debug_abbrev  0x00000c5e      0x266 ./Dave/Generated/UART/uart.o
 .debug_abbrev  0x00000ec4      0x1f4 ./Dave/Generated/UART/uart_conf.o
 .debug_abbrev  0x000010b8      0x36d ./Dave/Generated/SYSTIMER/systimer.o
 .debug_abbrev  0x00001425       0xc2 ./Dave/Generated/SYSTIMER/systimer_conf.o
 .debug_abbrev  0x000014e7      0x212 ./Dave/Generated/INTERRUPT/interrupt.o
 .debug_abbrev  0x000016f9       0xd8 ./Dave/Generated/INTERRUPT/interrupt_conf.o
 .debug_abbrev  0x000017d1      0x171 ./Dave/Generated/DIGITAL_IO/digital_io.o
 .debug_abbrev  0x00001942      0x126 ./Dave/Generated/DIGITAL_IO/digital_io_conf.o
 .debug_abbrev  0x00001a68      0x1b4 ./Dave/Generated/CPU_CTRL_XMC4/cpu_ctrl_xmc4_conf.o
 .debug_abbrev  0x00001c1c      0x13d ./Dave/Generated/CLOCK_XMC4/clock_xmc4.o
 .debug_abbrev  0x00001d59      0x168 ./Dave/Generated/CLOCK_XMC4/clock_xmc4_conf.o
 .debug_abbrev  0x00001ec1      0x1b1 ./Dave/Generated/DAVE.o
 .debug_abbrev  0x00002072      0x288 ./main.o
 .debug_abbrev  0x000022fa      0x2e2 ./scud_bms.o

.debug_line     0x00000000     0x59b4
 *(.debug_line)
 .debug_line    0x00000000       0x87 ./Startup/startup_XMC4800.o
 .debug_line    0x00000087      0x3a5 ./Startup/system_XMC4800.o
 .debug_line    0x0000042c      0x27b ./Libraries/XMCLib/src/xmc4_gpio.o
 .debug_line    0x000006a7      0xee0 ./Libraries/XMCLib/src/xmc4_scu.o
 .debug_line    0x00001587      0x268 ./Libraries/XMCLib/src/xmc_gpio.o
 .debug_line    0x000017ef      0x41f ./Libraries/XMCLib/src/xmc_uart.o
 .debug_line    0x00001c0e      0x5c5 ./Libraries/XMCLib/src/xmc_usic.o
 .debug_line    0x000021d3       0xd0 ./Libraries/Newlib/syscalls.o
 .debug_line    0x000022a3      0x551 ./Dave/Generated/UART/uart.o
 .debug_line    0x000027f4      0x38d ./Dave/Generated/UART/uart_conf.o
 .debug_line    0x00002b81      0x67a ./Dave/Generated/SYSTIMER/systimer.o
 .debug_line    0x000031fb      0x1c4 ./Dave/Generated/SYSTIMER/systimer_conf.o
 .debug_line    0x000033bf      0x39b ./Dave/Generated/INTERRUPT/interrupt.o
 .debug_line    0x0000375a      0x264 ./Dave/Generated/INTERRUPT/interrupt_conf.o
 .debug_line    0x000039be      0x301 ./Dave/Generated/DIGITAL_IO/digital_io.o
 .debug_line    0x00003cbf      0x25c ./Dave/Generated/DIGITAL_IO/digital_io_conf.o
 .debug_line    0x00003f1b      0x2d5 ./Dave/Generated/CPU_CTRL_XMC4/cpu_ctrl_xmc4_conf.o
 .debug_line    0x000041f0      0x337 ./Dave/Generated/CLOCK_XMC4/clock_xmc4.o
 .debug_line    0x00004527      0x331 ./Dave/Generated/CLOCK_XMC4/clock_xmc4_conf.o
 .debug_line    0x00004858      0x463 ./Dave/Generated/DAVE.o
 .debug_line    0x00004cbb      0x51a ./main.o
 .debug_line    0x000051d5      0x7df ./scud_bms.o

.debug_frame    0x00000000     0x350c
 *(.debug_frame)
 .debug_frame   0x00000000       0xec ./Startup/system_XMC4800.o
 .debug_frame   0x000000ec       0x60 ./Libraries/XMCLib/src/xmc4_gpio.o
 .debug_frame   0x0000014c     0x12ac ./Libraries/XMCLib/src/xmc4_scu.o
 .debug_frame   0x000013f8       0x60 ./Libraries/XMCLib/src/xmc_gpio.o
 .debug_frame   0x00001458      0x1f0 ./Libraries/XMCLib/src/xmc_uart.o
 .debug_frame   0x00001648      0x330 ./Libraries/XMCLib/src/xmc_usic.o
 .debug_frame   0x00001978       0x5c ./Libraries/Newlib/syscalls.o
 .debug_frame   0x000019d4      0x294 ./Dave/Generated/UART/uart.o
 .debug_frame   0x00001c68      0x100 ./Dave/Generated/UART/uart_conf.o
 .debug_frame   0x00001d68      0x3ec ./Dave/Generated/SYSTIMER/systimer.o
 .debug_frame   0x00002154      0x124 ./Dave/Generated/INTERRUPT/interrupt.o
 .debug_frame   0x00002278       0x60 ./Dave/Generated/DIGITAL_IO/digital_io.o
 .debug_frame   0x000022d8       0x60 ./Dave/Generated/CPU_CTRL_XMC4/cpu_ctrl_xmc4_conf.o
 .debug_frame   0x00002338       0xac ./Dave/Generated/CLOCK_XMC4/clock_xmc4.o
 .debug_frame   0x000023e4       0x64 ./Dave/Generated/CLOCK_XMC4/clock_xmc4_conf.o
 .debug_frame   0x00002448       0x38 ./Dave/Generated/DAVE.o
 .debug_frame   0x00002480      0x1c4 ./main.o
 .debug_frame   0x00002644      0x3cc ./scud_bms.o
 .debug_frame   0x00002a10       0x20 c:/infineon/tools/dave ide/4.5.0.202105191637/eclipse/arm-gcc-49/bin/../lib/gcc/arm-none-eabi/4.9.3/../../../../arm-none-eabi/lib/armv7e-m/softfp\libg_nano.a(lib_a-errno.o)
 .debug_frame   0x00002a30       0x2c c:/infineon/tools/dave ide/4.5.0.202105191637/eclipse/arm-gcc-49/bin/../lib/gcc/arm-none-eabi/4.9.3/../../../../arm-none-eabi/lib/armv7e-m/softfp\libg_nano.a(lib_a-init.o)
 .debug_frame   0x00002a5c       0x20 c:/infineon/tools/dave ide/4.5.0.202105191637/eclipse/arm-gcc-49/bin/../lib/gcc/arm-none-eabi/4.9.3/../../../../arm-none-eabi/lib/armv7e-m/softfp\libg_nano.a(lib_a-memset.o)
 .debug_frame   0x00002a7c       0x74 c:/infineon/tools/dave ide/4.5.0.202105191637/eclipse/arm-gcc-49/bin/../lib/gcc/arm-none-eabi/4.9.3/../../../../arm-none-eabi/lib/armv7e-m/softfp\libg_nano.a(lib_a-printf.o)
 .debug_frame   0x00002af0       0x58 c:/infineon/tools/dave ide/4.5.0.202105191637/eclipse/arm-gcc-49/bin/../lib/gcc/arm-none-eabi/4.9.3/../../../../arm-none-eabi/lib/armv7e-m/softfp\libg_nano.a(lib_a-putchar.o)
 .debug_frame   0x00002b48       0x3c c:/infineon/tools/dave ide/4.5.0.202105191637/eclipse/arm-gcc-49/bin/../lib/gcc/arm-none-eabi/4.9.3/../../../../arm-none-eabi/lib/armv7e-m/softfp\libg_nano.a(lib_a-puts.o)
 .debug_frame   0x00002b84       0x3c c:/infineon/tools/dave ide/4.5.0.202105191637/eclipse/arm-gcc-49/bin/../lib/gcc/arm-none-eabi/4.9.3/../../../../arm-none-eabi/lib/armv7e-m/softfp\libg_nano.a(lib_a-wbuf.o)
 .debug_frame   0x00002bc0       0x2c c:/infineon/tools/dave ide/4.5.0.202105191637/eclipse/arm-gcc-49/bin/../lib/gcc/arm-none-eabi/4.9.3/../../../../arm-none-eabi/lib/armv7e-m/softfp\libg_nano.a(lib_a-wsetup.o)
 .debug_frame   0x00002bec       0x68 c:/infineon/tools/dave ide/4.5.0.202105191637/eclipse/arm-gcc-49/bin/../lib/gcc/arm-none-eabi/4.9.3/../../../../arm-none-eabi/lib/armv7e-m/softfp\libg_nano.a(lib_a-fflush.o)
 .debug_frame   0x00002c54      0x11c c:/infineon/tools/dave ide/4.5.0.202105191637/eclipse/arm-gcc-49/bin/../lib/gcc/arm-none-eabi/4.9.3/../../../../arm-none-eabi/lib/armv7e-m/softfp\libg_nano.a(lib_a-findfp.o)
 .debug_frame   0x00002d70       0x54 c:/infineon/tools/dave ide/4.5.0.202105191637/eclipse/arm-gcc-49/bin/../lib/gcc/arm-none-eabi/4.9.3/../../../../arm-none-eabi/lib/armv7e-m/softfp\libg_nano.a(lib_a-fwalk.o)
 .debug_frame   0x00002dc4       0x34 c:/infineon/tools/dave ide/4.5.0.202105191637/eclipse/arm-gcc-49/bin/../lib/gcc/arm-none-eabi/4.9.3/../../../../arm-none-eabi/lib/armv7e-m/softfp\libg_nano.a(lib_a-makebuf.o)
 .debug_frame   0x00002df8       0x2c c:/infineon/tools/dave ide/4.5.0.202105191637/eclipse/arm-gcc-49/bin/../lib/gcc/arm-none-eabi/4.9.3/../../../../arm-none-eabi/lib/armv7e-m/softfp\libg_nano.a(lib_a-nano-freer.o)
 .debug_frame   0x00002e24       0x2c c:/infineon/tools/dave ide/4.5.0.202105191637/eclipse/arm-gcc-49/bin/../lib/gcc/arm-none-eabi/4.9.3/../../../../arm-none-eabi/lib/armv7e-m/softfp\libg_nano.a(lib_a-nano-mallocr.o)
 .debug_frame   0x00002e50       0xb8 c:/infineon/tools/dave ide/4.5.0.202105191637/eclipse/arm-gcc-49/bin/../lib/gcc/arm-none-eabi/4.9.3/../../../../arm-none-eabi/lib/armv7e-m/softfp\libg_nano.a(lib_a-nano-vfprintf.o)
 .debug_frame   0x00002f08       0x58 c:/infineon/tools/dave ide/4.5.0.202105191637/eclipse/arm-gcc-49/bin/../lib/gcc/arm-none-eabi/4.9.3/../../../../arm-none-eabi/lib/armv7e-m/softfp\libg_nano.a(lib_a-nano-vfprintf_i.o)
 .debug_frame   0x00002f60       0x48 c:/infineon/tools/dave ide/4.5.0.202105191637/eclipse/arm-gcc-49/bin/../lib/gcc/arm-none-eabi/4.9.3/../../../../arm-none-eabi/lib/armv7e-m/softfp\libg_nano.a(lib_a-putc.o)
 .debug_frame   0x00002fa8       0x2c c:/infineon/tools/dave ide/4.5.0.202105191637/eclipse/arm-gcc-49/bin/../lib/gcc/arm-none-eabi/4.9.3/../../../../arm-none-eabi/lib/armv7e-m/softfp\libg_nano.a(lib_a-sbrkr.o)
 .debug_frame   0x00002fd4       0x88 c:/infineon/tools/dave ide/4.5.0.202105191637/eclipse/arm-gcc-49/bin/../lib/gcc/arm-none-eabi/4.9.3/../../../../arm-none-eabi/lib/armv7e-m/softfp\libg_nano.a(lib_a-stdio.o)
 .debug_frame   0x0000305c       0x2c c:/infineon/tools/dave ide/4.5.0.202105191637/eclipse/arm-gcc-49/bin/../lib/gcc/arm-none-eabi/4.9.3/../../../../arm-none-eabi/lib/armv7e-m/softfp\libg_nano.a(lib_a-writer.o)
 .debug_frame   0x00003088       0x2c c:/infineon/tools/dave ide/4.5.0.202105191637/eclipse/arm-gcc-49/bin/../lib/gcc/arm-none-eabi/4.9.3/../../../../arm-none-eabi/lib/armv7e-m/softfp\libg_nano.a(lib_a-closer.o)
 .debug_frame   0x000030b4       0x2c c:/infineon/tools/dave ide/4.5.0.202105191637/eclipse/arm-gcc-49/bin/../lib/gcc/arm-none-eabi/4.9.3/../../../../arm-none-eabi/lib/armv7e-m/softfp\libg_nano.a(lib_a-fstatr.o)
 .debug_frame   0x000030e0       0x2c c:/infineon/tools/dave ide/4.5.0.202105191637/eclipse/arm-gcc-49/bin/../lib/gcc/arm-none-eabi/4.9.3/../../../../arm-none-eabi/lib/armv7e-m/softfp\libg_nano.a(lib_a-isattyr.o)
 .debug_frame   0x0000310c       0x2c c:/infineon/tools/dave ide/4.5.0.202105191637/eclipse/arm-gcc-49/bin/../lib/gcc/arm-none-eabi/4.9.3/../../../../arm-none-eabi/lib/armv7e-m/softfp\libg_nano.a(lib_a-lseekr.o)
 .debug_frame   0x00003138       0x28 c:/infineon/tools/dave ide/4.5.0.202105191637/eclipse/arm-gcc-49/bin/../lib/gcc/arm-none-eabi/4.9.3/../../../../arm-none-eabi/lib/armv7e-m/softfp\libg_nano.a(lib_a-memchr.o)
 .debug_frame   0x00003160       0x2c c:/infineon/tools/dave ide/4.5.0.202105191637/eclipse/arm-gcc-49/bin/../lib/gcc/arm-none-eabi/4.9.3/../../../../arm-none-eabi/lib/armv7e-m/softfp\libg_nano.a(lib_a-readr.o)
 .debug_frame   0x0000318c       0x5c c:/infineon/tools/dave ide/4.5.0.202105191637/eclipse/arm-gcc-49/bin/../lib/gcc/arm-none-eabi/4.9.3/../../../../arm-none-eabi/lib/armv7e-m/softfp\libg_nano.a(lib_a-reent.o)
 .debug_frame   0x000031e8      0x324 c:/infineon/tools/dave ide/4.5.0.202105191637/eclipse/arm-gcc-49/bin/../lib/gcc/arm-none-eabi/4.9.3/../../../../arm-none-eabi/lib/armv7e-m/softfp\librdimon_nano.a(rdimon-syscalls.o)

.debug_str      0x00000000     0x6279
 *(.debug_str)
 .debug_str     0x00000000      0x62e ./Startup/system_XMC4800.o
                                0x69a (size before relaxing)
 .debug_str     0x0000062e      0x544 ./Libraries/XMCLib/src/xmc4_gpio.o
                                0x80a (size before relaxing)
 .debug_str     0x00000b72     0x23ef ./Libraries/XMCLib/src/xmc4_scu.o
                               0x29b2 (size before relaxing)
 .debug_str     0x00002f61       0xca ./Libraries/XMCLib/src/xmc_gpio.o
                                0x6b8 (size before relaxing)
 .debug_str     0x0000302b      0x8d7 ./Libraries/XMCLib/src/xmc_uart.o
                                0xbdc (size before relaxing)
 .debug_str     0x00003902      0xb0c ./Libraries/XMCLib/src/xmc_usic.o
                               0x1639 (size before relaxing)
 .debug_str     0x0000440e       0x6f ./Libraries/Newlib/syscalls.o
                                0x246 (size before relaxing)
 .debug_str     0x0000447d      0x7b7 ./Dave/Generated/UART/uart.o
                               0x1894 (size before relaxing)
 .debug_str     0x00004c34      0x205 ./Dave/Generated/UART/uart_conf.o
                               0x1433 (size before relaxing)
 .debug_str     0x00004e39      0xb60 ./Dave/Generated/SYSTIMER/systimer.o
                                0xf02 (size before relaxing)
 .debug_str     0x00005999       0x36 ./Dave/Generated/SYSTIMER/systimer_conf.o
                                0x2d8 (size before relaxing)
 .debug_str     0x000059cf       0xee ./Dave/Generated/INTERRUPT/interrupt.o
                                0xb43 (size before relaxing)
 .debug_str     0x00005abd       0x47 ./Dave/Generated/INTERRUPT/interrupt_conf.o
                                0x91f (size before relaxing)
 .debug_str     0x00005b04       0xdf ./Dave/Generated/DIGITAL_IO/digital_io.o
                                0x947 (size before relaxing)
 .debug_str     0x00005be3       0x38 ./Dave/Generated/DIGITAL_IO/digital_io_conf.o
                                0x891 (size before relaxing)
 .debug_str     0x00005c1b       0x94 ./Dave/Generated/CPU_CTRL_XMC4/cpu_ctrl_xmc4_conf.o
                                0x44a (size before relaxing)
 .debug_str     0x00005caf       0xe7 ./Dave/Generated/CLOCK_XMC4/clock_xmc4.o
                                0x3fb (size before relaxing)
 .debug_str     0x00005d96       0xe5 ./Dave/Generated/CLOCK_XMC4/clock_xmc4_conf.o
                                0x983 (size before relaxing)
 .debug_str     0x00005e7b       0x65 ./Dave/Generated/DAVE.o
                               0x15c3 (size before relaxing)
 .debug_str     0x00005ee0      0x1c7 ./main.o
                               0x19fb (size before relaxing)
 .debug_str     0x000060a7      0x1d2 ./scud_bms.o
                               0x154e (size before relaxing)

.debug_loc      0x00000000     0x568b
 *(.debug_loc)
 .debug_loc     0x00000000      0x1a4 ./Startup/system_XMC4800.o
 .debug_loc     0x000001a4       0xb8 ./Libraries/XMCLib/src/xmc4_gpio.o
 .debug_loc     0x0000025c     0x2708 ./Libraries/XMCLib/src/xmc4_scu.o
 .debug_loc     0x00002964       0xb8 ./Libraries/XMCLib/src/xmc_gpio.o
 .debug_loc     0x00002a1c      0x414 ./Libraries/XMCLib/src/xmc_uart.o
 .debug_loc     0x00002e30      0x6c6 ./Libraries/XMCLib/src/xmc_usic.o
 .debug_loc     0x000034f6       0x94 ./Libraries/Newlib/syscalls.o
 .debug_loc     0x0000358a      0x578 ./Dave/Generated/UART/uart.o
 .debug_loc     0x00003b02      0x210 ./Dave/Generated/UART/uart_conf.o
 .debug_loc     0x00003d12      0x7f4 ./Dave/Generated/SYSTIMER/systimer.o
 .debug_loc     0x00004506      0x254 ./Dave/Generated/INTERRUPT/interrupt.o
 .debug_loc     0x0000475a       0xac ./Dave/Generated/DIGITAL_IO/digital_io.o
 .debug_loc     0x00004806       0xac ./Dave/Generated/CPU_CTRL_XMC4/cpu_ctrl_xmc4_conf.o
 .debug_loc     0x000048b2      0x14c ./Dave/Generated/CLOCK_XMC4/clock_xmc4.o
 .debug_loc     0x000049fe       0xac ./Dave/Generated/CLOCK_XMC4/clock_xmc4_conf.o
 .debug_loc     0x00004aaa       0x50 ./Dave/Generated/DAVE.o
 .debug_loc     0x00004afa      0x3c6 ./main.o
 .debug_loc     0x00004ec0      0x7cb ./scud_bms.o

.debug_macinfo
 *(.debug_macinfo)

.debug_ranges   0x00000000      0x8e8
 *(.debug_ranges)
 .debug_ranges  0x00000000       0x38 ./Startup/system_XMC4800.o
 .debug_ranges  0x00000038       0x18 ./Libraries/XMCLib/src/xmc4_gpio.o
 .debug_ranges  0x00000050      0x3e8 ./Libraries/XMCLib/src/xmc4_scu.o
 .debug_ranges  0x00000438       0x18 ./Libraries/XMCLib/src/xmc_gpio.o
 .debug_ranges  0x00000450       0x68 ./Libraries/XMCLib/src/xmc_uart.o
 .debug_ranges  0x000004b8       0xa8 ./Libraries/XMCLib/src/xmc_usic.o
 .debug_ranges  0x00000560       0x18 ./Libraries/Newlib/syscalls.o
 .debug_ranges  0x00000578       0x88 ./Dave/Generated/UART/uart.o
 .debug_ranges  0x00000600       0x38 ./Dave/Generated/UART/uart_conf.o
 .debug_ranges  0x00000638       0xd0 ./Dave/Generated/SYSTIMER/systimer.o
 .debug_ranges  0x00000708       0x40 ./Dave/Generated/INTERRUPT/interrupt.o
 .debug_ranges  0x00000748       0x18 ./Dave/Generated/DIGITAL_IO/digital_io.o
 .debug_ranges  0x00000760       0x18 ./Dave/Generated/CPU_CTRL_XMC4/cpu_ctrl_xmc4_conf.o
 .debug_ranges  0x00000778       0x28 ./Dave/Generated/CLOCK_XMC4/clock_xmc4.o
 .debug_ranges  0x000007a0       0x18 ./Dave/Generated/CLOCK_XMC4/clock_xmc4_conf.o
 .debug_ranges  0x000007b8       0x10 ./Dave/Generated/DAVE.o
 .debug_ranges  0x000007c8       0x60 ./main.o
 .debug_ranges  0x00000828       0xc0 ./scud_bms.o

.debug_weaknames
 *(.debug_weaknames)

.debug_funcnames
 *(.debug_funcnames)

.debug_typenames
 *(.debug_typenames)

.debug_varnames
 *(.debug_varnames)

.build_attributes
                0x00000000      0xa52
 *(.ARM.attributes)
 .ARM.attributes
                0x00000000       0x25 ./Startup/startup_XMC4800.o
 .ARM.attributes
                0x00000025       0x37 ./Startup/system_XMC4800.o
 .ARM.attributes
                0x0000005c       0x37 ./Libraries/XMCLib/src/xmc4_gpio.o
 .ARM.attributes
                0x00000093       0x37 ./Libraries/XMCLib/src/xmc4_scu.o
 .ARM.attributes
                0x000000ca       0x37 ./Libraries/XMCLib/src/xmc_gpio.o
 .ARM.attributes
                0x00000101       0x37 ./Libraries/XMCLib/src/xmc_uart.o
 .ARM.attributes
                0x00000138       0x37 ./Libraries/XMCLib/src/xmc_usic.o
 .ARM.attributes
                0x0000016f       0x37 ./Libraries/Newlib/syscalls.o
 .ARM.attributes
                0x000001a6       0x37 ./Dave/Generated/UART/uart.o
 .ARM.attributes
                0x000001dd       0x37 ./Dave/Generated/UART/uart_conf.o
 .ARM.attributes
                0x00000214       0x37 ./Dave/Generated/SYSTIMER/systimer.o
 .ARM.attributes
                0x0000024b       0x37 ./Dave/Generated/SYSTIMER/systimer_conf.o
 .ARM.attributes
                0x00000282       0x37 ./Dave/Generated/INTERRUPT/interrupt.o
 .ARM.attributes
                0x000002b9       0x37 ./Dave/Generated/INTERRUPT/interrupt_conf.o
 .ARM.attributes
                0x000002f0       0x37 ./Dave/Generated/DIGITAL_IO/digital_io.o
 .ARM.attributes
                0x00000327       0x37 ./Dave/Generated/DIGITAL_IO/digital_io_conf.o
 .ARM.attributes
                0x0000035e       0x37 ./Dave/Generated/CPU_CTRL_XMC4/cpu_ctrl_xmc4_conf.o
 .ARM.attributes
                0x00000395       0x37 ./Dave/Generated/CLOCK_XMC4/clock_xmc4.o
 .ARM.attributes
                0x000003cc       0x37 ./Dave/Generated/CLOCK_XMC4/clock_xmc4_conf.o
 .ARM.attributes
                0x00000403       0x37 ./Dave/Generated/DAVE.o
 .ARM.attributes
                0x0000043a       0x37 ./main.o
 .ARM.attributes
                0x00000471       0x37 ./scud_bms.o
 .ARM.attributes
                0x000004a8       0x32 c:/infineon/tools/dave ide/4.5.0.202105191637/eclipse/arm-gcc-49/bin/../lib/gcc/arm-none-eabi/4.9.3/../../../../arm-none-eabi/lib/armv7e-m/softfp\libg_nano.a(lib_a-errno.o)
 .ARM.attributes
                0x000004da       0x32 c:/infineon/tools/dave ide/4.5.0.202105191637/eclipse/arm-gcc-49/bin/../lib/gcc/arm-none-eabi/4.9.3/../../../../arm-none-eabi/lib/armv7e-m/softfp\libg_nano.a(lib_a-impure.o)
 .ARM.attributes
                0x0000050c       0x32 c:/infineon/tools/dave ide/4.5.0.202105191637/eclipse/arm-gcc-49/bin/../lib/gcc/arm-none-eabi/4.9.3/../../../../arm-none-eabi/lib/armv7e-m/softfp\libg_nano.a(lib_a-init.o)
 .ARM.attributes
                0x0000053e       0x32 c:/infineon/tools/dave ide/4.5.0.202105191637/eclipse/arm-gcc-49/bin/../lib/gcc/arm-none-eabi/4.9.3/../../../../arm-none-eabi/lib/armv7e-m/softfp\libg_nano.a(lib_a-memset.o)
 .ARM.attributes
                0x00000570       0x32 c:/infineon/tools/dave ide/4.5.0.202105191637/eclipse/arm-gcc-49/bin/../lib/gcc/arm-none-eabi/4.9.3/../../../../arm-none-eabi/lib/armv7e-m/softfp\libg_nano.a(lib_a-printf.o)
 .ARM.attributes
                0x000005a2       0x32 c:/infineon/tools/dave ide/4.5.0.202105191637/eclipse/arm-gcc-49/bin/../lib/gcc/arm-none-eabi/4.9.3/../../../../arm-none-eabi/lib/armv7e-m/softfp\libg_nano.a(lib_a-putchar.o)
 .ARM.attributes
                0x000005d4       0x32 c:/infineon/tools/dave ide/4.5.0.202105191637/eclipse/arm-gcc-49/bin/../lib/gcc/arm-none-eabi/4.9.3/../../../../arm-none-eabi/lib/armv7e-m/softfp\libg_nano.a(lib_a-puts.o)
 .ARM.attributes
                0x00000606       0x32 c:/infineon/tools/dave ide/4.5.0.202105191637/eclipse/arm-gcc-49/bin/../lib/gcc/arm-none-eabi/4.9.3/../../../../arm-none-eabi/lib/armv7e-m/softfp\libg_nano.a(lib_a-wbuf.o)
 .ARM.attributes
                0x00000638       0x32 c:/infineon/tools/dave ide/4.5.0.202105191637/eclipse/arm-gcc-49/bin/../lib/gcc/arm-none-eabi/4.9.3/../../../../arm-none-eabi/lib/armv7e-m/softfp\libg_nano.a(lib_a-wsetup.o)
 .ARM.attributes
                0x0000066a       0x32 c:/infineon/tools/dave ide/4.5.0.202105191637/eclipse/arm-gcc-49/bin/../lib/gcc/arm-none-eabi/4.9.3/../../../../arm-none-eabi/lib/armv7e-m/softfp\libg_nano.a(lib_a-fflush.o)
 .ARM.attributes
                0x0000069c       0x32 c:/infineon/tools/dave ide/4.5.0.202105191637/eclipse/arm-gcc-49/bin/../lib/gcc/arm-none-eabi/4.9.3/../../../../arm-none-eabi/lib/armv7e-m/softfp\libg_nano.a(lib_a-findfp.o)
 .ARM.attributes
                0x000006ce       0x32 c:/infineon/tools/dave ide/4.5.0.202105191637/eclipse/arm-gcc-49/bin/../lib/gcc/arm-none-eabi/4.9.3/../../../../arm-none-eabi/lib/armv7e-m/softfp\libg_nano.a(lib_a-fwalk.o)
 .ARM.attributes
                0x00000700       0x32 c:/infineon/tools/dave ide/4.5.0.202105191637/eclipse/arm-gcc-49/bin/../lib/gcc/arm-none-eabi/4.9.3/../../../../arm-none-eabi/lib/armv7e-m/softfp\libg_nano.a(lib_a-makebuf.o)
 .ARM.attributes
                0x00000732       0x32 c:/infineon/tools/dave ide/4.5.0.202105191637/eclipse/arm-gcc-49/bin/../lib/gcc/arm-none-eabi/4.9.3/../../../../arm-none-eabi/lib/armv7e-m/softfp\libg_nano.a(lib_a-nano-freer.o)
 .ARM.attributes
                0x00000764       0x32 c:/infineon/tools/dave ide/4.5.0.202105191637/eclipse/arm-gcc-49/bin/../lib/gcc/arm-none-eabi/4.9.3/../../../../arm-none-eabi/lib/armv7e-m/softfp\libg_nano.a(lib_a-nano-mallocr.o)
 .ARM.attributes
                0x00000796       0x32 c:/infineon/tools/dave ide/4.5.0.202105191637/eclipse/arm-gcc-49/bin/../lib/gcc/arm-none-eabi/4.9.3/../../../../arm-none-eabi/lib/armv7e-m/softfp\libg_nano.a(lib_a-nano-vfprintf.o)
 .ARM.attributes
                0x000007c8       0x32 c:/infineon/tools/dave ide/4.5.0.202105191637/eclipse/arm-gcc-49/bin/../lib/gcc/arm-none-eabi/4.9.3/../../../../arm-none-eabi/lib/armv7e-m/softfp\libg_nano.a(lib_a-nano-vfprintf_i.o)
 .ARM.attributes
                0x000007fa       0x32 c:/infineon/tools/dave ide/4.5.0.202105191637/eclipse/arm-gcc-49/bin/../lib/gcc/arm-none-eabi/4.9.3/../../../../arm-none-eabi/lib/armv7e-m/softfp\libg_nano.a(lib_a-putc.o)
 .ARM.attributes
                0x0000082c       0x32 c:/infineon/tools/dave ide/4.5.0.202105191637/eclipse/arm-gcc-49/bin/../lib/gcc/arm-none-eabi/4.9.3/../../../../arm-none-eabi/lib/armv7e-m/softfp\libg_nano.a(lib_a-sbrkr.o)
 .ARM.attributes
                0x0000085e       0x32 c:/infineon/tools/dave ide/4.5.0.202105191637/eclipse/arm-gcc-49/bin/../lib/gcc/arm-none-eabi/4.9.3/../../../../arm-none-eabi/lib/armv7e-m/softfp\libg_nano.a(lib_a-stdio.o)
 .ARM.attributes
                0x00000890       0x32 c:/infineon/tools/dave ide/4.5.0.202105191637/eclipse/arm-gcc-49/bin/../lib/gcc/arm-none-eabi/4.9.3/../../../../arm-none-eabi/lib/armv7e-m/softfp\libg_nano.a(lib_a-writer.o)
 .ARM.attributes
                0x000008c2       0x32 c:/infineon/tools/dave ide/4.5.0.202105191637/eclipse/arm-gcc-49/bin/../lib/gcc/arm-none-eabi/4.9.3/../../../../arm-none-eabi/lib/armv7e-m/softfp\libg_nano.a(lib_a-closer.o)
 .ARM.attributes
                0x000008f4       0x32 c:/infineon/tools/dave ide/4.5.0.202105191637/eclipse/arm-gcc-49/bin/../lib/gcc/arm-none-eabi/4.9.3/../../../../arm-none-eabi/lib/armv7e-m/softfp\libg_nano.a(lib_a-fstatr.o)
 .ARM.attributes
                0x00000926       0x32 c:/infineon/tools/dave ide/4.5.0.202105191637/eclipse/arm-gcc-49/bin/../lib/gcc/arm-none-eabi/4.9.3/../../../../arm-none-eabi/lib/armv7e-m/softfp\libg_nano.a(lib_a-isattyr.o)
 .ARM.attributes
                0x00000958       0x32 c:/infineon/tools/dave ide/4.5.0.202105191637/eclipse/arm-gcc-49/bin/../lib/gcc/arm-none-eabi/4.9.3/../../../../arm-none-eabi/lib/armv7e-m/softfp\libg_nano.a(lib_a-lseekr.o)
 .ARM.attributes
                0x0000098a       0x32 c:/infineon/tools/dave ide/4.5.0.202105191637/eclipse/arm-gcc-49/bin/../lib/gcc/arm-none-eabi/4.9.3/../../../../arm-none-eabi/lib/armv7e-m/softfp\libg_nano.a(lib_a-memchr.o)
 .ARM.attributes
                0x000009bc       0x32 c:/infineon/tools/dave ide/4.5.0.202105191637/eclipse/arm-gcc-49/bin/../lib/gcc/arm-none-eabi/4.9.3/../../../../arm-none-eabi/lib/armv7e-m/softfp\libg_nano.a(lib_a-readr.o)
 .ARM.attributes
                0x000009ee       0x32 c:/infineon/tools/dave ide/4.5.0.202105191637/eclipse/arm-gcc-49/bin/../lib/gcc/arm-none-eabi/4.9.3/../../../../arm-none-eabi/lib/armv7e-m/softfp\libg_nano.a(lib_a-reent.o)
 .ARM.attributes
                0x00000a20       0x32 c:/infineon/tools/dave ide/4.5.0.202105191637/eclipse/arm-gcc-49/bin/../lib/gcc/arm-none-eabi/4.9.3/../../../../arm-none-eabi/lib/armv7e-m/softfp\librdimon_nano.a(rdimon-syscalls.o)
OUTPUT(Battery_BMS_XMC4800-F144x2048_1.elf elf32-littlearm)
