18:07:10 **** Incremental Build of configuration Debug for project Battery_BMS ****
"\"C:\\Infineon\\Tools\\DAVE IDE\\4.5.0.202105191637\\eclipse\\ARM-GCC-49\\bin\\make\"" --output-sync -j16 all 
'Invoking: ARM-GCC Print Size'
"C:/Infineon/Tools/DAVE IDE/4.5.0.202105191637/eclipse/ARM-GCC-49/bin/arm-none-eabi-size" --format=berkeley "Battery_BMS.elf"
   text	   data	    bss	    dec	    hex	filename
  17476	    112	   2736	  20324	   4f64	Battery_BMS.elf
'Finished building: Battery_BMS.siz'


18:07:10 Build Finished (took 386ms)

