15:10:57 **** Incremental Build of configuration Debug for project Battery_BMS_XMC4800-F100x2048_0 ****
"\"C:\\Infineon\\Tools\\DAVE IDE\\4.5.0.202105191637\\eclipse\\ARM-GCC-49\\bin\\make\"" --output-sync -j16 all 
'Invoking: ARM-GCC Print Size'
"C:/Infineon/Tools/DAVE IDE/4.5.0.202105191637/eclipse/ARM-GCC-49/bin/arm-none-eabi-size" --format=berkeley "Battery_BMS_XMC4800-F100x2048_0.elf"
   text	   data	    bss	    dec	    hex	filename
  23260	    260	   2600	  26120	   6608	Battery_BMS_XMC4800-F100x2048_0.elf
'Finished building: Battery_BMS_XMC4800-F100x2048_0.siz'


15:10:58 Build Finished (took 414ms)

