10:49:05 **** Incremental Build of configuration Release for project Blinking_led ****
"\"C:\\Infineon\\Tools\\DAVE IDE\\4.5.0.202105191637\\eclipse\\ARM-GCC-49\\bin\\make\"" --output-sync -j16 all 
'Invoking: ARM-GCC Print Size'
"C:/Infineon/Tools/DAVE IDE/4.5.0.202105191637/eclipse/ARM-GCC-49/bin/arm-none-eabi-size" --format=berkeley "Blinking_led.elf"
   text	   data	    bss	    dec	    hex	filename
   2080	      0	   2068	   4148	   1034	Blinking_led.elf
'Finished building: Blinking_led.siz'


10:49:05 Build Finished (took 350ms)

