11:53:13 **** Incremental Build of configuration Release for project Emulator_CAN ****
"\"C:\\Infineon\\Tools\\DAVE IDE\\4.5.0.202105191637\\eclipse\\ARM-GCC-49\\bin\\make\"" --output-sync -j16 all 
'Invoking: ARM-GCC Print Size'
"C:/Infineon/Tools/DAVE IDE/4.5.0.202105191637/eclipse/ARM-GCC-49/bin/arm-none-eabi-size" --format=berkeley "Emulator_CAN.elf"
   text	   data	    bss	    dec	    hex	filename
  21904	    140	   2804	  24848	   6110	Emulator_CAN.elf
'Finished building: Emulator_CAN.siz'


11:53:13 Build Finished (took 333ms)

