13:22:21 **** Incremental Build of configuration Debug for project Morelle_BMS ****
"\"C:\\Infineon\\Tools\\DAVE IDE\\4.5.0.202105191637\\eclipse\\ARM-GCC-49\\bin\\make\"" --output-sync -j16 all 
'Invoking: ARM-GCC Print Size'
"C:/Infineon/Tools/DAVE IDE/4.5.0.202105191637/eclipse/ARM-GCC-49/bin/arm-none-eabi-size" --format=berkeley "Morelle_BMS.elf"
   text	   data	    bss	    dec	    hex	filename
  16448	    244	   2268	  18960	   4a10	Morelle_BMS.elf
'Finished building: Morelle_BMS.siz'


13:22:21 Build Finished (took 388ms)

