10:55:28 **** Incremental Build of configuration Debug for project MULTICAN_SELF_RUNTHRU ****
"\"C:\\Infineon\\Tools\\DAVE IDE\\4.5.0.202105191637\\eclipse\\ARM-GCC-49\\bin\\make\"" --output-sync -j16 all 
'Invoking: ARM-GCC Print Size'
"C:/Infineon/Tools/DAVE IDE/4.5.0.202105191637/eclipse/ARM-GCC-49/bin/arm-none-eabi-size" --format=berkeley "MULTICAN_SELF_RUNTHRU.elf"
   text	   data	    bss	    dec	    hex	filename
  35080	    432	   3012	  38524	   967c	MULTICAN_SELF_RUNTHRU.elf
'Finished building: MULTICAN_SELF_RUNTHRU.siz'


10:55:28 Build Finished (took 396ms)

