14:41:42 **** Incremental Build of configuration Release for project MULTICAN_CONFIG_EXAMPLE_XMC47 ****
"\"C:\\Infineon\\Tools\\DAVE IDE\\4.5.0.202105191637\\eclipse\\ARM-GCC-49\\bin\\make\"" --output-sync -j16 all 
'Invoking: ARM-GCC Print Size'
"C:/Infineon/Tools/DAVE IDE/4.5.0.202105191637/eclipse/ARM-GCC-49/bin/arm-none-eabi-size" --format=berkeley "MULTICAN_CONFIG_EXAMPLE_XMC47.elf"
   text	   data	    bss	    dec	    hex	filename
   4940	    372	   2092	   7404	   1cec	MULTICAN_CONFIG_EXAMPLE_XMC47.elf
'Finished building: MULTICAN_CONFIG_EXAMPLE_XMC47.siz'


14:41:43 Build Finished (took 397ms)

